<html>
<body>
<pre>
<h1>µVision Build Log</h1>
<h2>Tool Versions:</h2>
IDE-Version: ¦ÌVision V5.34.0.0
Copyright (C) 2021 ARM Ltd and ARM Germany GmbH. All rights reserved.
License Information: Jason-XUYANG@outlook.com,  , LIC=QF82M-XQV9I-016P1-CE6LI-8AHNC-H5DJZ
 
Tool Versions:
Toolchain:       MDK-ARM Plus  Version: 5.34.0.0
Toolchain Path:  C:\Keil_v5\ARM\ARMCC\Bin
C Compiler:      Armcc.exe V5.06 update 7 (build 960)
Assembler:       Armasm.exe V5.06 update 7 (build 960)
Linker/Locator:  ArmLink.exe V5.06 update 7 (build 960)
Library Manager: ArmAr.exe V5.06 update 7 (build 960)
Hex Converter:   FromElf.exe V5.06 update 7 (build 960)
CPU DLL:         SARMCM3.DLL V5.34.0.0
Dialog DLL:      DCM.DLL V1.17.3.0
Target DLL:      STLink\ST-LINKIII-KEIL_SWO.dll V3.0.8.0
Dialog DLL:      TCM.DLL V1.48.0.0
 
<h2>Project:</h2>
C:\Users\Jason\Desktop\Github\V3_uCOSii-F411\MDK-ARM\ucOSii_F411.uvprojx
Project File Date:  07/04/2021

<h2>Output:</h2>
*** Using Compiler 'V5.06 update 7 (build 960)', folder: 'C:\Keil_v5\ARM\ARMCC\Bin'
Rebuild target 'ucOSii_F411'
assembling startup_stm32f411xe.s...
compiling stm32f4xx_hal_i2c_ex.c...
compiling stm32f4xx_hal_flash.c...
compiling stm32f4xx_hal_timebase_tim.c...
compiling stm32f4xx_hal_flash_ramfunc.c...
compiling stm32f4xx_hal_rcc_ex.c...
compiling i2c.c...
compiling stm32f4xx_hal_msp.c...
compiling usart.c...
compiling gpio.c...
compiling stm32f4xx_hal_flash_ex.c...
compiling stm32f4xx_hal_rcc.c...
compiling stm32f4xx_hal_i2c.c...
compiling stm32f4xx_it.c...
compiling tim.c...
compiling main.c...
compiling stm32f4xx_hal_pwr_ex.c...
compiling stm32f4xx_hal_pwr.c...
compiling stm32f4xx_hal_dma.c...
compiling stm32f4xx_hal_cortex.c...
compiling stm32f4xx_hal_dma_ex.c...
compiling stm32f4xx_hal_uart.c...
compiling stm32f4xx_hal.c...
compiling stm32f4xx_hal_exti.c...
compiling stm32f4xx_hal_gpio.c...
compiling os_mbox.c...
compiling system_stm32f4xx.c...
compiling stm32f4xx_hal_tim.c...
assembling os_cpu_a.asm...
compiling os_flag.c...
compiling stm32f4xx_hal_tim_ex.c...
compiling os_core.c...
compiling SEGGER_RTT_Syscalls_GCC.c...
compiling SEGGER_RTT_Syscalls_IAR.c...
compiling SEGGER_RTT_Syscalls_SES.c...
compiling SEGGER_SYSVIEW_Config_uCOSII.c...
..\SystemView\uCOS-II\Config\RX\SEGGER_SYSVIEW_Config_uCOSII.c(100): warning:  #223-D: function "SYSVIEW_SendResourceList" declared implicitly
    SYSVIEW_SendResourceList();
..\SystemView\uCOS-II\Config\RX\SEGGER_SYSVIEW_Config_uCOSII.c: 1 warning, 0 errors
compiling SEGGER_RTT.c...
compiling SEGGER_RTT_printf.c...
compiling SEGGER_SYSVIEW.c...
compiling os_tmr.c...
compiling os_sem.c...
compiling os_task.c...
compiling os_q.c...
compiling os_mem.c...
compiling os_mutex.c...
compiling os_cpu_c.c...
compiling SEGGER_SYSVIEW_uCOSII.c...
compiling controller.c...
compiling os_time.c...
compiling esp8266.c...
compiling gy-86.c...
compiling data_transfer.c...
compiling motor.c...
compiling inv_mpu_dmp_motion_driver.c...
compiling oled.c...
compiling inv_mpu.c...
linking...
Program Size: Code=44886 RO-data=6334 RW-data=352 ZI-data=14040  
FromELF: creating hex file...
"ucOSii_F411\ucOSii_F411.axf" - 0 Error(s), 1 Warning(s).

<h2>Software Packages used:</h2>

Package Vendor: ARM
                http://www.keil.com/pack/ARM.CMSIS.5.8.0.pack
                ARM.CMSIS.5.8.0
                CMSIS (Common Microcontroller Software Interface Standard)
   * Component: CORE Version: 5.5.0

Package Vendor: Keil
                http://www.keil.com/pack/Keil.STM32F4xx_DFP.2.15.0.pack
                Keil.STM32F4xx_DFP.2.15.0
                STMicroelectronics STM32F4 Series Device Support, Drivers and Examples

<h2>Collection of Component include folders:</h2>
  .\RTE\_ucOSii_F411
  C:\Users\Jason\AppData\Local\Arm\Packs\ARM\CMSIS\5.8.0\CMSIS\Core\Include
  C:\Users\Jason\AppData\Local\Arm\Packs\Keil\STM32F4xx_DFP\2.15.0\Drivers\CMSIS\Device\ST\STM32F4xx\Include

<h2>Collection of Component Files used:</h2>

   * Component: ARM::CMSIS:CORE:5.5.0
      Include file:  CMSIS\Core\Include\tz_context.h
Build Time Elapsed:  00:00:18
</pre>
</body>
</html>
