<html>
<body>
<pre>
<h1>µVision Build Log</h1>
<h2>Tool Versions:</h2>
IDE-Version: ¦ÌVision V5.28.0.0
Copyright (C) 2019 ARM Ltd and ARM Germany GmbH. All rights reserved.
License Information: Jason-XUYANG@outlook.com,  , LIC=QF82M-XQV9I-016P1-CE6LI-8AHNC-H5DJZ
 
Tool Versions:
Toolchain:       MDK-ARM Plus  Version: 5.28.0.0
Toolchain Path:  C:\Keil_v5\ARM\ARMCC\Bin
C Compiler:      Armcc.exe V5.06 update 6 (build 750)
Assembler:       Armasm.exe V5.06 update 6 (build 750)
Linker/Locator:  ArmLink.exe V5.06 update 6 (build 750)
Library Manager: ArmAr.exe V5.06 update 6 (build 750)
Hex Converter:   FromElf.exe V5.06 update 6 (build 750)
CPU DLL:         SARMCM3.DLL V5.28.0.0
Dialog DLL:      DCM.DLL V1.17.3.0
Target DLL:      STLink\ST-LINKIII-KEIL_SWO.dll V3.0.6.0
Dialog DLL:      TCM.DLL V1.36.2.0
 
<h2>Project:</h2>
C:\Users\Jason\Desktop\Engineering\WuhuTakeOff\SDK\V4_FreeRTOS-F411\MDK-ARM\V4_FreeRTOS-F411.uvprojx
Project File Date:  11/27/2021

<h2>Output:</h2>
*** Using Compiler 'V5.06 update 6 (build 750)', folder: 'C:\Keil_v5\ARM\ARMCC\Bin'
Rebuild target 'V4_FreeRTOS-F411'
assembling startup_stm32f411xe.s...
compiling stm32f4xx_hal_rcc.c...
compiling stm32f4xx_hal_flash_ramfunc.c...
compiling stm32f4xx_hal_flash_ex.c...
compiling stm32f4xx_hal_rcc_ex.c...
compiling stm32f4xx_hal_flash.c...
compiling stm32f4xx_hal_timebase_tim.c...
compiling stm32f4xx_hal_gpio.c...
compiling stm32f4xx_it.c...
compiling gpio.c...
compiling usart.c...
compiling freertos.c...
compiling i2c.c...
compiling stm32f4xx_hal_msp.c...
compiling main.c...
../Core/Src/main.c(144): warning:  #550-D: variable "Accel_y"  was set but never used
    short Accel_x, Accel_y, Accel_z, Gyro_x, Gyro_y, Gyro_z;
../Core/Src/main.c(144): warning:  #550-D: variable "Accel_z"  was set but never used
    short Accel_x, Accel_y, Accel_z, Gyro_x, Gyro_y, Gyro_z;
../Core/Src/main.c(144): warning:  #550-D: variable "Gyro_x"  was set but never used
    short Accel_x, Accel_y, Accel_z, Gyro_x, Gyro_y, Gyro_z;
../Core/Src/main.c(144): warning:  #550-D: variable "Gyro_y"  was set but never used
    short Accel_x, Accel_y, Accel_z, Gyro_x, Gyro_y, Gyro_z;
../Core/Src/main.c(144): warning:  #550-D: variable "Gyro_z"  was set but never used
    short Accel_x, Accel_y, Accel_z, Gyro_x, Gyro_y, Gyro_z;
../Core/Src/main.c(248): warning:  #223-D: function "malloc" declared implicitly
    GY86 = (GY_86 *)malloc(sizeof(GY_86));
../Core/Src/main.c: 6 warnings, 0 errors
compiling tim.c...
compiling event_groups.c...
compiling croutine.c...
compiling list.c...
compiling queue.c...
compiling stream_buffer.c...
compiling stm32f4xx_hal_dma_ex.c...
compiling tasks.c...
compiling timers.c...
compiling stm32f4xx_hal_dma.c...
compiling heap_4.c...
compiling stm32f4xx_hal_cortex.c...
compiling stm32f4xx_hal_pwr_ex.c...
compiling stm32f4xx_hal.c...
compiling system_stm32f4xx.c...
compiling stm32f4xx_hal_i2c_ex.c...
compiling stm32f4xx_hal_tim_ex.c...
compiling stm32f4xx_hal_pwr.c...
compiling stm32f4xx_hal_exti.c...
compiling port.c...
compiling stm32f4xx_hal_uart.c...
compiling stm32f4xx_hal_tim.c...
compiling stm32f4xx_hal_i2c.c...
compiling datafusion.c...
compiling esp8266.c...
compiling gy-86.c...
..\Drivers\Hardware\src\gy-86.c(92): warning:  #223-D: function "malloc" declared implicitly
    GY86->Accel = (Accelerometer *)malloc(sizeof(Accelerometer));
..\Drivers\Hardware\src\gy-86.c(583): warning:  #1-D: last line of file ends without a newline
  }
..\Drivers\Hardware\src\gy-86.c: 2 warnings, 0 errors
compiling motor.c...
compiling oled.c...
compiling controller.c...
..\Drivers\Hardware\src\controller.c(158): warning:  #1035-D: single-precision operand implicitly converted to double-precision
                      if (Duty[4] <= 0.055)
..\Drivers\Hardware\src\controller.c: 1 warning, 0 errors
compiling PID.c...
compiling ANO.c...
compiling cmsis_os2.c...
linking...
Program Size: Code=53816 RO-data=3508 RW-data=512 ZI-data=22312  
FromELF: creating hex file...
"V4_FreeRTOS-F411\V4_FreeRTOS-F411.axf" - 0 Error(s), 9 Warning(s).

<h2>Software Packages used:</h2>

Package Vendor: ARM
                http://www.keil.com/pack/ARM.CMSIS.5.8.0.pack
                ARM.CMSIS.5.8.0
                CMSIS (Common Microcontroller Software Interface Standard)
   * Component: CORE Version: 5.5.0

Package Vendor: Keil
                http://www.keil.com/pack/Keil.STM32F4xx_DFP.2.15.0.pack
                Keil.STM32F4xx_DFP.2.15.0
                STMicroelectronics STM32F4 Series Device Support, Drivers and Examples

<h2>Collection of Component include folders:</h2>
  .\RTE\_V4_FreeRTOS-F411
  C:\Users\Jason\AppData\Local\Arm\Packs\ARM\CMSIS\5.8.0\CMSIS\Core\Include
  C:\Users\Jason\AppData\Local\Arm\Packs\Keil\STM32F4xx_DFP\2.15.0\Drivers\CMSIS\Device\ST\STM32F4xx\Include

<h2>Collection of Component Files used:</h2>

   * Component: ARM::CMSIS:CORE:5.5.0
      Include file:  CMSIS\Core\Include\tz_context.h
Build Time Elapsed:  00:00:12
</pre>
</body>
</html>
