Component: ARM Compiler 5.06 update 7 (build 960) Tool: armlink [4d3601]

==============================================================================

Section Cross References

    startup_stm32f411xe.o(RESET) refers to startup_stm32f411xe.o(STACK) for __initial_sp
    startup_stm32f411xe.o(RESET) refers to startup_stm32f411xe.o(.text) for Reset_Handler
    startup_stm32f411xe.o(RESET) refers to stm32f4xx_it.o(i.NMI_Handler) for NMI_Handler
    startup_stm32f411xe.o(RESET) refers to stm32f4xx_it.o(i.HardFault_Handler) for HardFault_Handler
    startup_stm32f411xe.o(RESET) refers to stm32f4xx_it.o(i.MemManage_Handler) for MemManage_Handler
    startup_stm32f411xe.o(RESET) refers to stm32f4xx_it.o(i.BusFault_Handler) for BusFault_Handler
    startup_stm32f411xe.o(RESET) refers to stm32f4xx_it.o(i.UsageFault_Handler) for UsageFault_Handler
    startup_stm32f411xe.o(RESET) refers to stm32f4xx_it.o(i.SVC_Handler) for SVC_Handler
    startup_stm32f411xe.o(RESET) refers to stm32f4xx_it.o(i.DebugMon_Handler) for DebugMon_Handler
    startup_stm32f411xe.o(RESET) refers to os_cpu_a.o(.text) for PendSV_Handler
    startup_stm32f411xe.o(RESET) refers to stm32f4xx_it.o(i.SysTick_Handler) for SysTick_Handler
    startup_stm32f411xe.o(RESET) refers to stm32f4xx_it.o(i.TIM1_UP_TIM10_IRQHandler) for TIM1_UP_TIM10_IRQHandler
    startup_stm32f411xe.o(RESET) refers to stm32f4xx_it.o(i.TIM2_IRQHandler) for TIM2_IRQHandler
    startup_stm32f411xe.o(RESET) refers to stm32f4xx_it.o(i.TIM4_IRQHandler) for TIM4_IRQHandler
    startup_stm32f411xe.o(RESET) refers to stm32f4xx_it.o(i.USART1_IRQHandler) for USART1_IRQHandler
    startup_stm32f411xe.o(.text) refers to system_stm32f4xx.o(i.SystemInit) for SystemInit
    startup_stm32f411xe.o(.text) refers to entry.o(.ARM.Collect$$$$00000000) for __main
    main.o(i.SystemClock_Config) refers to memseta.o(.text) for __aeabi_memclr4
    main.o(i.SystemClock_Config) refers to stm32f4xx_hal_rcc.o(i.HAL_RCC_OscConfig) for HAL_RCC_OscConfig
    main.o(i.SystemClock_Config) refers to stm32f4xx_hal_rcc.o(i.HAL_RCC_ClockConfig) for HAL_RCC_ClockConfig
    main.o(i.led_task) refers to stm32f4xx_hal_gpio.o(i.HAL_GPIO_WritePin) for HAL_GPIO_WritePin
    main.o(i.led_task) refers to stm32f4xx_hal.o(i.HAL_Delay) for HAL_Delay
    main.o(i.main) refers to stm32f4xx_hal.o(i.HAL_Init) for HAL_Init
    main.o(i.main) refers to main.o(i.SystemClock_Config) for SystemClock_Config
    main.o(i.main) refers to gpio.o(i.MX_GPIO_Init) for MX_GPIO_Init
    main.o(i.main) refers to i2c.o(i.MX_I2C1_Init) for MX_I2C1_Init
    main.o(i.main) refers to i2c.o(i.MX_I2C2_Init) for MX_I2C2_Init
    main.o(i.main) refers to tim.o(i.MX_TIM2_Init) for MX_TIM2_Init
    main.o(i.main) refers to tim.o(i.MX_TIM3_Init) for MX_TIM3_Init
    main.o(i.main) refers to tim.o(i.MX_TIM4_Init) for MX_TIM4_Init
    main.o(i.main) refers to usart.o(i.MX_USART1_UART_Init) for MX_USART1_UART_Init
    main.o(i.main) refers to tim.o(i.MX_TIM1_Init) for MX_TIM1_Init
    main.o(i.main) refers to os_core.o(i.OSInit) for OSInit
    main.o(i.main) refers to os_task.o(i.OSTaskCreate) for OSTaskCreate
    main.o(i.main) refers to os_core.o(i.OSStart) for OSStart
    main.o(i.main) refers to main.o(.bss) for .bss
    main.o(i.main) refers to main.o(i.start_task) for start_task
    main.o(i.start_task) refers to os_core.o(i.OSStatInit) for OSStatInit
    main.o(i.start_task) refers to os_cpu_a.o(.text) for OS_CPU_SR_Save
    main.o(i.start_task) refers to os_task.o(i.OSTaskCreate) for OSTaskCreate
    main.o(i.start_task) refers to os_task.o(i.OSTaskSuspend) for OSTaskSuspend
    main.o(i.start_task) refers to main.o(.bss) for .bss
    main.o(i.start_task) refers to main.o(i.led_task) for led_task
    i2c.o(i.HAL_I2C_MspDeInit) refers to stm32f4xx_hal_gpio.o(i.HAL_GPIO_DeInit) for HAL_GPIO_DeInit
    i2c.o(i.HAL_I2C_MspInit) refers to memseta.o(.text) for __aeabi_memclr4
    i2c.o(i.HAL_I2C_MspInit) refers to stm32f4xx_hal_gpio.o(i.HAL_GPIO_Init) for HAL_GPIO_Init
    i2c.o(i.MX_I2C1_Init) refers to stm32f4xx_hal_i2c.o(i.HAL_I2C_Init) for HAL_I2C_Init
    i2c.o(i.MX_I2C1_Init) refers to main.o(i.Error_Handler) for Error_Handler
    i2c.o(i.MX_I2C1_Init) refers to i2c.o(.bss) for .bss
    i2c.o(i.MX_I2C2_Init) refers to stm32f4xx_hal_i2c.o(i.HAL_I2C_Init) for HAL_I2C_Init
    i2c.o(i.MX_I2C2_Init) refers to main.o(i.Error_Handler) for Error_Handler
    i2c.o(i.MX_I2C2_Init) refers to i2c.o(.bss) for .bss
    tim.o(i.HAL_TIM_Base_MspDeInit) refers to stm32f4xx_hal_cortex.o(i.HAL_NVIC_DisableIRQ) for HAL_NVIC_DisableIRQ
    tim.o(i.HAL_TIM_Base_MspInit) refers to stm32f4xx_hal_cortex.o(i.HAL_NVIC_SetPriority) for HAL_NVIC_SetPriority
    tim.o(i.HAL_TIM_Base_MspInit) refers to stm32f4xx_hal_cortex.o(i.HAL_NVIC_EnableIRQ) for HAL_NVIC_EnableIRQ
    tim.o(i.HAL_TIM_IC_MspDeInit) refers to stm32f4xx_hal_gpio.o(i.HAL_GPIO_DeInit) for HAL_GPIO_DeInit
[...]
    Removing stm32f4xx_hal_tim.o(i.HAL_TIM_OC_Stop_DMA), (156 bytes).
    Removing stm32f4xx_hal_tim.o(i.HAL_TIM_OC_Stop_IT), (128 bytes).
    Removing stm32f4xx_hal_tim.o(i.HAL_TIM_OnePulse_ConfigChannel), (218 bytes).
    Removing stm32f4xx_hal_tim.o(i.HAL_TIM_OnePulse_DeInit), (56 bytes).
    Removing stm32f4xx_hal_tim.o(i.HAL_TIM_OnePulse_GetState), (6 bytes).
    Removing stm32f4xx_hal_tim.o(i.HAL_TIM_OnePulse_Init), (74 bytes).
    Removing stm32f4xx_hal_tim.o(i.HAL_TIM_OnePulse_MspDeInit), (2 bytes).
    Removing stm32f4xx_hal_tim.o(i.HAL_TIM_OnePulse_MspInit), (2 bytes).
    Removing stm32f4xx_hal_tim.o(i.HAL_TIM_OnePulse_Start), (48 bytes).
    Removing stm32f4xx_hal_tim.o(i.HAL_TIM_OnePulse_Start_IT), (68 bytes).
    Removing stm32f4xx_hal_tim.o(i.HAL_TIM_OnePulse_Stop), (88 bytes).
    Removing stm32f4xx_hal_tim.o(i.HAL_TIM_OnePulse_Stop_IT), (108 bytes).
    Removing stm32f4xx_hal_tim.o(i.HAL_TIM_PWM_DeInit), (56 bytes).
    Removing stm32f4xx_hal_tim.o(i.HAL_TIM_PWM_GetState), (6 bytes).
    Removing stm32f4xx_hal_tim.o(i.HAL_TIM_PWM_MspDeInit), (2 bytes).
    Removing stm32f4xx_hal_tim.o(i.HAL_TIM_PWM_PulseFinishedHalfCpltCallback), (2 bytes).
    Removing stm32f4xx_hal_tim.o(i.HAL_TIM_PWM_Start), (56 bytes).
    Removing stm32f4xx_hal_tim.o(i.HAL_TIM_PWM_Start_DMA), (280 bytes).
    Removing stm32f4xx_hal_tim.o(i.HAL_TIM_PWM_Start_IT), (108 bytes).
    Removing stm32f4xx_hal_tim.o(i.HAL_TIM_PWM_Stop), (84 bytes).
    Removing stm32f4xx_hal_tim.o(i.HAL_TIM_PWM_Stop_DMA), (156 bytes).
    Removing stm32f4xx_hal_tim.o(i.HAL_TIM_PWM_Stop_IT), (128 bytes).
    Removing stm32f4xx_hal_tim.o(i.HAL_TIM_PeriodElapsedHalfCpltCallback), (2 bytes).
    Removing stm32f4xx_hal_tim.o(i.HAL_TIM_ReadCapturedValue), (42 bytes).
    Removing stm32f4xx_hal_tim.o(i.HAL_TIM_SlaveConfigSynchro), (86 bytes).
    Removing stm32f4xx_hal_tim.o(i.HAL_TIM_SlaveConfigSynchro_IT), (86 bytes).
    Removing stm32f4xx_hal_tim.o(i.HAL_TIM_TriggerHalfCpltCallback), (2 bytes).
    Removing stm32f4xx_hal_tim.o(i.TIM_CCxChannelCmd), (26 bytes).
    Removing stm32f4xx_hal_tim.o(i.TIM_DMACaptureCplt), (62 bytes).
    Removing stm32f4xx_hal_tim.o(i.TIM_DMACaptureHalfCplt), (62 bytes).
    Removing stm32f4xx_hal_tim.o(i.TIM_DMADelayPulseCplt), (62 bytes).
    Removing stm32f4xx_hal_tim.o(i.TIM_DMADelayPulseHalfCplt), (62 bytes).
    Removing stm32f4xx_hal_tim.o(i.TIM_DMAError), (16 bytes).
    Removing stm32f4xx_hal_tim.o(i.TIM_DMAPeriodElapsedCplt), (16 bytes).
    Removing stm32f4xx_hal_tim.o(i.TIM_DMAPeriodElapsedHalfCplt), (16 bytes).
    Removing stm32f4xx_hal_tim.o(i.TIM_DMATriggerCplt), (16 bytes).
    Removing stm32f4xx_hal_tim.o(i.TIM_DMATriggerHalfCplt), (16 bytes).
    Removing stm32f4xx_hal_tim.o(i.TIM_SlaveTimer_SetConfig), (134 bytes).
    Removing stm32f4xx_hal_tim_ex.o(.rev16_text), (4 bytes).
    Removing stm32f4xx_hal_tim_ex.o(.revsh_text), (4 bytes).
    Removing stm32f4xx_hal_tim_ex.o(.rrx_text), (6 bytes).
    Removing stm32f4xx_hal_tim_ex.o(i.HAL_TIMEx_CommutHalfCpltCallback), (2 bytes).
    Removing stm32f4xx_hal_tim_ex.o(i.HAL_TIMEx_ConfigBreakDeadTime), (84 bytes).
    Removing stm32f4xx_hal_tim_ex.o(i.HAL_TIMEx_ConfigCommutEvent), (112 bytes).
    Removing stm32f4xx_hal_tim_ex.o(i.HAL_TIMEx_ConfigCommutEvent_DMA), (144 bytes).
    Removing stm32f4xx_hal_tim_ex.o(i.HAL_TIMEx_ConfigCommutEvent_IT), (112 bytes).
    Removing stm32f4xx_hal_tim_ex.o(i.HAL_TIMEx_HallSensor_DeInit), (56 bytes).
    Removing stm32f4xx_hal_tim_ex.o(i.HAL_TIMEx_HallSensor_GetState), (6 bytes).
    Removing stm32f4xx_hal_tim_ex.o(i.HAL_TIMEx_HallSensor_Init), (188 bytes).
    Removing stm32f4xx_hal_tim_ex.o(i.HAL_TIMEx_HallSensor_MspDeInit), (2 bytes).
    Removing stm32f4xx_hal_tim_ex.o(i.HAL_TIMEx_HallSensor_MspInit), (2 bytes).
    Removing stm32f4xx_hal_tim_ex.o(i.HAL_TIMEx_HallSensor_Start), (38 bytes).
    Removing stm32f4xx_hal_tim_ex.o(i.HAL_TIMEx_HallSensor_Start_DMA), (128 bytes).
    Removing stm32f4xx_hal_tim_ex.o(i.HAL_TIMEx_HallSensor_Start_IT), (48 bytes).
    Removing stm32f4xx_hal_tim_ex.o(i.HAL_TIMEx_HallSensor_Stop), (46 bytes).
    Removing stm32f4xx_hal_tim_ex.o(i.HAL_TIMEx_HallSensor_Stop_DMA), (62 bytes).
    Removing stm32f4xx_hal_tim_ex.o(i.HAL_TIMEx_HallSensor_Stop_IT), (56 bytes).
    Removing stm32f4xx_hal_tim_ex.o(i.HAL_TIMEx_OCN_Start), (46 bytes).
    Removing stm32f4xx_hal_tim_ex.o(i.HAL_TIMEx_OCN_Start_DMA), (228 bytes).
    Removing stm32f4xx_hal_tim_ex.o(i.HAL_TIMEx_OCN_Start_IT), (94 bytes).
    Removing stm32f4xx_hal_tim_ex.o(i.HAL_TIMEx_OCN_Stop), (68 bytes).
    Removing stm32f4xx_hal_tim_ex.o(i.HAL_TIMEx_OCN_Stop_DMA), (130 bytes).
    Removing stm32f4xx_hal_tim_ex.o(i.HAL_TIMEx_OCN_Stop_IT), (122 bytes).
    Removing stm32f4xx_hal_tim_ex.o(i.HAL_TIMEx_OnePulseN_Start), (26 bytes).
    Removing stm32f4xx_hal_tim_ex.o(i.HAL_TIMEx_OnePulseN_Start_IT), (46 bytes).
    Removing stm32f4xx_hal_tim_ex.o(i.HAL_TIMEx_OnePulseN_Stop), (68 bytes).
    Removing stm32f4xx_hal_tim_ex.o(i.HAL_TIMEx_OnePulseN_Stop_IT), (88 bytes).
    Removing stm32f4xx_hal_tim_ex.o(i.HAL_TIMEx_PWMN_Start), (46 bytes).
    Removing stm32f4xx_hal_tim_ex.o(i.HAL_TIMEx_PWMN_Start_DMA), (228 bytes).
    Removing stm32f4xx_hal_tim_ex.o(i.HAL_TIMEx_PWMN_Start_IT), (94 bytes).
    Removing stm32f4xx_hal_tim_ex.o(i.HAL_TIMEx_PWMN_Stop), (68 bytes).
    Removing stm32f4xx_hal_tim_ex.o(i.HAL_TIMEx_PWMN_Stop_DMA), (130 bytes).
    Removing stm32f4xx_hal_tim_ex.o(i.HAL_TIMEx_PWMN_Stop_IT), (122 bytes).
    Removing stm32f4xx_hal_tim_ex.o(i.HAL_TIMEx_RemapConfig), (28 bytes).
    Removing stm32f4xx_hal_tim_ex.o(i.TIMEx_DMACommutationCplt), (16 bytes).
    Removing stm32f4xx_hal_tim_ex.o(i.TIMEx_DMACommutationHalfCplt), (16 bytes).
    Removing stm32f4xx_hal_tim_ex.o(i.TIM_CCxNChannelCmd), (26 bytes).
    Removing stm32f4xx_hal_uart.o(.rev16_text), (4 bytes).
    Removing stm32f4xx_hal_uart.o(.revsh_text), (4 bytes).
    Removing stm32f4xx_hal_uart.o(.rrx_text), (6 bytes).
    Removing stm32f4xx_hal_uart.o(i.HAL_HalfDuplex_EnableReceiver), (50 bytes).
    Removing stm32f4xx_hal_uart.o(i.HAL_HalfDuplex_EnableTransmitter), (50 bytes).
    Removing stm32f4xx_hal_uart.o(i.HAL_HalfDuplex_Init), (108 bytes).
    Removing stm32f4xx_hal_uart.o(i.HAL_LIN_Init), (128 bytes).
    Removing stm32f4xx_hal_uart.o(i.HAL_LIN_SendBreak), (46 bytes).
    Removing stm32f4xx_hal_uart.o(i.HAL_MultiProcessor_EnterMuteMode), (46 bytes).
    Removing stm32f4xx_hal_uart.o(i.HAL_MultiProcessor_ExitMuteMode), (46 bytes).
    Removing stm32f4xx_hal_uart.o(i.HAL_MultiProcessor_Init), (142 bytes).
    Removing stm32f4xx_hal_uart.o(i.HAL_UART_Abort), (138 bytes).
    Removing stm32f4xx_hal_uart.o(i.HAL_UART_AbortCpltCallback), (2 bytes).
    Removing stm32f4xx_hal_uart.o(i.HAL_UART_AbortReceive), (88 bytes).
    Removing stm32f4xx_hal_uart.o(i.HAL_UART_AbortReceiveCpltCallback), (2 bytes).
    Removing stm32f4xx_hal_uart.o(i.HAL_UART_AbortReceive_IT), (92 bytes).
    Removing stm32f4xx_hal_uart.o(i.HAL_UART_AbortTransmit), (78 bytes).
    Removing stm32f4xx_hal_uart.o(i.HAL_UART_AbortTransmitCpltCallback), (2 bytes).
    Removing stm32f4xx_hal_uart.o(i.HAL_UART_AbortTransmit_IT), (84 bytes).
    Removing stm32f4xx_hal_uart.o(i.HAL_UART_Abort_IT), (172 bytes).
    Removing stm32f4xx_hal_uart.o(i.HAL_UART_DMAPause), (102 bytes).
    Removing stm32f4xx_hal_uart.o(i.HAL_UART_DMAResume), (94 bytes).
    Removing stm32f4xx_hal_uart.o(i.HAL_UART_DMAStop), (88 bytes).
    Removing stm32f4xx_hal_uart.o(i.HAL_UART_DeInit), (50 bytes).
    Removing stm32f4xx_hal_uart.o(i.HAL_UART_GetError), (4 bytes).
    Removing stm32f4xx_hal_uart.o(i.HAL_UART_GetState), (10 bytes).
    Removing stm32f4xx_hal_uart.o(i.HAL_UART_MspDeInit), (2 bytes).
    Removing stm32f4xx_hal_uart.o(i.HAL_UART_MspInit), (2 bytes).
    Removing stm32f4xx_hal_uart.o(i.HAL_UART_Receive), (190 bytes).
    Removing stm32f4xx_hal_uart.o(i.HAL_UART_Receive_DMA), (152 bytes).
    Removing stm32f4xx_hal_uart.o(i.HAL_UART_Receive_IT), (82 bytes).
    Removing stm32f4xx_hal_uart.o(i.HAL_UART_RxHalfCpltCallback), (2 bytes).
    Removing stm32f4xx_hal_uart.o(i.HAL_UART_Transmit), (186 bytes).
    Removing stm32f4xx_hal_uart.o(i.HAL_UART_Transmit_DMA), (128 bytes).
    Removing stm32f4xx_hal_uart.o(i.HAL_UART_Transmit_IT), (62 bytes).
    Removing stm32f4xx_hal_uart.o(i.HAL_UART_TxHalfCpltCallback), (2 bytes).
    Removing stm32f4xx_hal_uart.o(i.UART_DMAError), (74 bytes).
    Removing stm32f4xx_hal_uart.o(i.UART_DMAReceiveCplt), (60 bytes).
    Removing stm32f4xx_hal_uart.o(i.UART_DMARxAbortCallback), (42 bytes).
    Removing stm32f4xx_hal_uart.o(i.UART_DMARxHalfCplt), (10 bytes).
    Removing stm32f4xx_hal_uart.o(i.UART_DMARxOnlyAbortCallback), (20 bytes).
    Removing stm32f4xx_hal_uart.o(i.UART_DMATransmitCplt), (46 bytes).
    Removing stm32f4xx_hal_uart.o(i.UART_DMATxAbortCallback), (42 bytes).
    Removing stm32f4xx_hal_uart.o(i.UART_DMATxHalfCplt), (10 bytes).
    Removing stm32f4xx_hal_uart.o(i.UART_DMATxOnlyAbortCallback), (20 bytes).
    Removing stm32f4xx_hal_uart.o(i.UART_EndTxTransfer), (18 bytes).
    Removing stm32f4xx_hal_uart.o(i.UART_WaitOnFlagUntilTimeout), (100 bytes).
    Removing system_stm32f4xx.o(.rev16_text), (4 bytes).
    Removing system_stm32f4xx.o(.revsh_text), (4 bytes).
    Removing system_stm32f4xx.o(.rrx_text), (6 bytes).
    Removing system_stm32f4xx.o(i.SystemCoreClockUpdate), (124 bytes).
    Removing os_core.o(.rev16_text), (4 bytes).
    Removing os_core.o(.revsh_text), (4 bytes).
    Removing os_core.o(.rrx_text), (6 bytes).
    Removing os_core.o(i.OSIntEnter), (24 bytes).
    Removing os_core.o(i.OSIntExit), (92 bytes).
    Removing os_core.o(i.OSSchedLock), (44 bytes).
    Removing os_core.o(i.OSSchedUnlock), (60 bytes).
    Removing os_core.o(i.OSTimeTick), (160 bytes).
    Removing os_core.o(i.OSVersion), (6 bytes).
    Removing os_core.o(i.OS_EventTaskRdy), (100 bytes).
    Removing os_core.o(i.OS_EventTaskWait), (72 bytes).
    Removing os_core.o(i.OS_EventWaitListInit), (20 bytes).
    Removing os_core.o(i.OS_MemCopy), (22 bytes).
    Removing os_core.o(i.OS_StrLen), (20 bytes).
    Removing os_flag.o(.rev16_text), (4 bytes).
    Removing os_flag.o(.revsh_text), (4 bytes).
    Removing os_flag.o(.rrx_text), (6 bytes).
    Removing os_flag.o(i.OSFlagAccept), (158 bytes).
    Removing os_flag.o(i.OSFlagCreate), (80 bytes).
    Removing os_flag.o(i.OSFlagDel), (192 bytes).
    Removing os_flag.o(i.OSFlagNameGet), (80 bytes).
    Removing os_flag.o(i.OSFlagNameSet), (56 bytes).
    Removing os_flag.o(i.OSFlagPend), (372 bytes).
    Removing os_flag.o(i.OSFlagPendGetFlagsRdy), (24 bytes).
    Removing os_flag.o(i.OSFlagPost), (182 bytes).
    Removing os_flag.o(i.OSFlagQuery), (38 bytes).
    Removing os_flag.o(i.OS_FlagBlock), (100 bytes).
    Removing os_flag.o(i.OS_FlagTaskRdy), (80 bytes).
    Removing os_mbox.o(.rev16_text), (4 bytes).
    Removing os_mbox.o(.revsh_text), (4 bytes).
    Removing os_mbox.o(.rrx_text), (6 bytes).
    Removing os_mbox.o(i.OSMboxAccept), (32 bytes).
    Removing os_mbox.o(i.OSMboxCreate), (64 bytes).
    Removing os_mbox.o(i.OSMboxDel), (188 bytes).
    Removing os_mbox.o(i.OSMboxPend), (200 bytes).
    Removing os_mbox.o(i.OSMboxPendAbort), (110 bytes).
    Removing os_mbox.o(i.OSMboxPost), (76 bytes).
    Removing os_mbox.o(i.OSMboxPostOpt), (110 bytes).
    Removing os_mbox.o(i.OSMboxQuery), (66 bytes).
    Removing os_mem.o(.rev16_text), (4 bytes).
    Removing os_mem.o(.revsh_text), (4 bytes).
    Removing os_mem.o(.rrx_text), (6 bytes).
    Removing os_mutex.o(.rev16_text), (4 bytes).
    Removing os_mutex.o(.revsh_text), (4 bytes).
    Removing os_mutex.o(.rrx_text), (6 bytes).
    Removing os_mutex.o(i.OSMutexAccept), (124 bytes).
    Removing os_mutex.o(i.OSMutexCreate), (136 bytes).
    Removing os_mutex.o(i.OSMutexDel), (236 bytes).
    Removing os_mutex.o(i.OSMutexPend), (456 bytes).
    Removing os_mutex.o(i.OSMutexPost), (176 bytes).
    Removing os_mutex.o(i.OSMutexQuery), (96 bytes).
    Removing os_mutex.o(i.OSMutex_RdyAtPrio), (108 bytes).
    Removing os_q.o(.rev16_text), (4 bytes).
    Removing os_q.o(.revsh_text), (4 bytes).
    Removing os_q.o(.rrx_text), (6 bytes).
    Removing os_q.o(i.OSQAccept), (78 bytes).
    Removing os_q.o(i.OSQCreate), (124 bytes).
    Removing os_q.o(i.OSQDel), (224 bytes).
    Removing os_q.o(i.OSQFlush), (32 bytes).
    Removing os_q.o(i.OSQPend), (220 bytes).
    Removing os_q.o(i.OSQPendAbort), (110 bytes).
    Removing os_q.o(i.OSQPost), (106 bytes).
    Removing os_q.o(i.OSQPostFront), (104 bytes).
    Removing os_q.o(i.OSQPostOpt), (164 bytes).
    Removing os_q.o(i.OSQQuery), (82 bytes).
    Removing os_sem.o(.rev16_text), (4 bytes).
    Removing os_sem.o(.revsh_text), (4 bytes).
    Removing os_sem.o(.rrx_text), (6 bytes).
    Removing os_sem.o(i.OSSemAccept), (34 bytes).
    Removing os_sem.o(i.OSSemCreate), (64 bytes).
    Removing os_sem.o(i.OSSemDel), (188 bytes).
    Removing os_sem.o(i.OSSemPend), (184 bytes).
    Removing os_sem.o(i.OSSemPendAbort), (110 bytes).
    Removing os_sem.o(i.OSSemPost), (82 bytes).
    Removing os_sem.o(i.OSSemQuery), (66 bytes).
    Removing os_sem.o(i.OSSemSet), (52 bytes).
    Removing os_task.o(.rev16_text), (4 bytes).
    Removing os_task.o(.revsh_text), (4 bytes).
    Removing os_task.o(.rrx_text), (6 bytes).
    Removing os_task.o(i.OSTaskChangePrio), (284 bytes).
    Removing os_task.o(i.OSTaskDelReq), (100 bytes).
    Removing os_task.o(i.OSTaskNameGet), (104 bytes).
    Removing os_task.o(i.OSTaskQuery), (84 bytes).
    Removing os_task.o(i.OSTaskRegGet), (60 bytes).
    Removing os_task.o(i.OSTaskRegSet), (64 bytes).
    Removing os_task.o(i.OSTaskResume), (136 bytes).
    Removing os_time.o(.rev16_text), (4 bytes).
    Removing os_time.o(.revsh_text), (4 bytes).
    Removing os_time.o(.rrx_text), (6 bytes).
    Removing os_time.o(i.OSTimeDlyHMSM), (84 bytes).
    Removing os_time.o(i.OSTimeDlyResume), (156 bytes).
    Removing os_time.o(i.OSTimeGet), (24 bytes).
    Removing os_time.o(i.OSTimeSet), (24 bytes).
    Removing os_tmr.o(.rev16_text), (4 bytes).
    Removing os_tmr.o(.revsh_text), (4 bytes).
    Removing os_tmr.o(.rrx_text), (6 bytes).
    Removing os_cpu_c.o(.rev16_text), (4 bytes).
    Removing os_cpu_c.o(.revsh_text), (4 bytes).
    Removing os_cpu_c.o(.rrx_text), (6 bytes).
    Removing os_cpu_c.o(i.OSTimeTickHook), (2 bytes).
    Removing os_cpu_c.o(.data), (4 bytes).

572 unused section(s) (total 44484 bytes) removed from the image.

==============================================================================

Image Symbol Table

    Local Symbols

    Symbol Name                              Value     Ov Type        Size  Object(Section)

    ../Core/Src/gpio.c                       0x00000000   Number         0  gpio.o ABSOLUTE
    ../Core/Src/i2c.c                        0x00000000   Number         0  i2c.o ABSOLUTE
    ../Core/Src/main.c                       0x00000000   Number         0  main.o ABSOLUTE
    ../Core/Src/stm32f4xx_hal_msp.c          0x00000000   Number         0  stm32f4xx_hal_msp.o ABSOLUTE
    ../Core/Src/stm32f4xx_it.c               0x00000000   Number         0  stm32f4xx_it.o ABSOLUTE
    ../Core/Src/system_stm32f4xx.c           0x00000000   Number         0  system_stm32f4xx.o ABSOLUTE
    ../Core/Src/tim.c                        0x00000000   Number         0  tim.o ABSOLUTE
    ../Core/Src/usart.c                      0x00000000   Number         0  usart.o ABSOLUTE
    ../Drivers/STM32F4xx_HAL_Driver/Src/stm32f4xx_hal.c 0x00000000   Number         0  stm32f4xx_hal.o ABSOLUTE
    ../Drivers/STM32F4xx_HAL_Driver/Src/stm32f4xx_hal_cortex.c 0x00000000   Number         0  stm32f4xx_hal_cortex.o ABSOLUTE
    ../Drivers/STM32F4xx_HAL_Driver/Src/stm32f4xx_hal_dma.c 0x00000000   Number         0  stm32f4xx_hal_dma.o ABSOLUTE
    ../Drivers/STM32F4xx_HAL_Driver/Src/stm32f4xx_hal_dma_ex.c 0x00000000   Number         0  stm32f4xx_hal_dma_ex.o ABSOLUTE
    ../Drivers/STM32F4xx_HAL_Driver/Src/stm32f4xx_hal_exti.c 0x00000000   Number         0  stm32f4xx_hal_exti.o ABSOLUTE
    ../Drivers/STM32F4xx_HAL_Driver/Src/stm32f4xx_hal_flash.c 0x00000000   Number         0  stm32f4xx_hal_flash.o ABSOLUTE
    ../Drivers/STM32F4xx_HAL_Driver/Src/stm32f4xx_hal_flash_ex.c 0x00000000   Number         0  stm32f4xx_hal_flash_ex.o ABSOLUTE
    ../Drivers/STM32F4xx_HAL_Driver/Src/stm32f4xx_hal_flash_ramfunc.c 0x00000000   Number         0  stm32f4xx_hal_flash_ramfunc.o ABSOLUTE
    ../Drivers/STM32F4xx_HAL_Driver/Src/stm32f4xx_hal_gpio.c 0x00000000   Number         0  stm32f4xx_hal_gpio.o ABSOLUTE
    ../Drivers/STM32F4xx_HAL_Driver/Src/stm32f4xx_hal_i2c.c 0x00000000   Number         0  stm32f4xx_hal_i2c.o ABSOLUTE
    ../Drivers/STM32F4xx_HAL_Driver/Src/stm32f4xx_hal_i2c_ex.c 0x00000000   Number         0  stm32f4xx_hal_i2c_ex.o ABSOLUTE
    ../Drivers/STM32F4xx_HAL_Driver/Src/stm32f4xx_hal_pwr.c 0x00000000   Number         0  stm32f4xx_hal_pwr.o ABSOLUTE
    ../Drivers/STM32F4xx_HAL_Driver/Src/stm32f4xx_hal_pwr_ex.c 0x00000000   Number         0  stm32f4xx_hal_pwr_ex.o ABSOLUTE
    ../Drivers/STM32F4xx_HAL_Driver/Src/stm32f4xx_hal_rcc.c 0x00000000   Number         0  stm32f4xx_hal_rcc.o ABSOLUTE
    ../Drivers/STM32F4xx_HAL_Driver/Src/stm32f4xx_hal_rcc_ex.c 0x00000000   Number         0  stm32f4xx_hal_rcc_ex.o ABSOLUTE
    ../Drivers/STM32F4xx_HAL_Driver/Src/stm32f4xx_hal_tim.c 0x00000000   Number         0  stm32f4xx_hal_tim.o ABSOLUTE
    ../Drivers/STM32F4xx_HAL_Driver/Src/stm32f4xx_hal_tim_ex.c 0x00000000   Number         0  stm32f4xx_hal_tim_ex.o ABSOLUTE
    ../Drivers/STM32F4xx_HAL_Driver/Src/stm32f4xx_hal_uart.c 0x00000000   Number         0  stm32f4xx_hal_uart.o ABSOLUTE
    ../clib/microlib/division.c              0x00000000   Number         0  uldiv.o ABSOLUTE
    ../clib/microlib/init/entry.s            0x00000000   Number         0  entry7b.o ABSOLUTE
    ../clib/microlib/init/entry.s            0x00000000   Number         0  entry7a.o ABSOLUTE
    ../clib/microlib/init/entry.s            0x00000000   Number         0  entry5.o ABSOLUTE
    ../clib/microlib/init/entry.s            0x00000000   Number         0  entry2.o ABSOLUTE
    ../clib/microlib/init/entry.s            0x00000000   Number         0  entry11a.o ABSOLUTE
    ../clib/microlib/init/entry.s            0x00000000   Number         0  entry10b.o ABSOLUTE
    ../clib/microlib/init/entry.s            0x00000000   Number         0  entry11b.o ABSOLUTE
    ../clib/microlib/init/entry.s            0x00000000   Number         0  entry12b.o ABSOLUTE
    ../clib/microlib/init/entry.s            0x00000000   Number         0  entry12a.o ABSOLUTE
    ../clib/microlib/init/entry.s            0x00000000   Number         0  entry10a.o ABSOLUTE
    ../clib/microlib/init/entry.s            0x00000000   Number         0  entry9b.o ABSOLUTE
    ../clib/microlib/init/entry.s            0x00000000   Number         0  entry9a.o ABSOLUTE
    ../clib/microlib/init/entry.s            0x00000000   Number         0  entry8b.o ABSOLUTE
    ../clib/microlib/init/entry.s            0x00000000   Number         0  entry8a.o ABSOLUTE
    ../clib/microlib/init/entry.s            0x00000000   Number         0  entry.o ABSOLUTE
    ../clib/microlib/longlong.c              0x00000000   Number         0  llshl.o ABSOLUTE
    ../clib/microlib/longlong.c              0x00000000   Number         0  llushr.o ABSOLUTE
    ../clib/microlib/string/memset.c         0x00000000   Number         0  memseta.o ABSOLUTE
    ..\Core\Src\gpio.c                       0x00000000   Number         0  gpio.o ABSOLUTE
    ..\Core\Src\i2c.c                        0x00000000   Number         0  i2c.o ABSOLUTE
    ..\Core\Src\main.c                       0x00000000   Number         0  main.o ABSOLUTE
    ..\Core\Src\stm32f4xx_hal_msp.c          0x00000000   Number         0  stm32f4xx_hal_msp.o ABSOLUTE
    ..\Core\Src\stm32f4xx_it.c               0x00000000   Number         0  stm32f4xx_it.o ABSOLUTE
    ..\Core\Src\system_stm32f4xx.c           0x00000000   Number         0  system_stm32f4xx.o ABSOLUTE
    ..\Core\Src\tim.c                        0x00000000   Number         0  tim.o ABSOLUTE
    ..\Core\Src\usart.c                      0x00000000   Number         0  usart.o ABSOLUTE
    ..\Drivers\STM32F4xx_HAL_Driver\Src\stm32f4xx_hal.c 0x00000000   Number         0  stm32f4xx_hal.o ABSOLUTE
    ..\Drivers\STM32F4xx_HAL_Driver\Src\stm32f4xx_hal_cortex.c 0x00000000   Number         0  stm32f4xx_hal_cortex.o ABSOLUTE
    ..\Drivers\STM32F4xx_HAL_Driver\Src\stm32f4xx_hal_dma.c 0x00000000   Number         0  stm32f4xx_hal_dma.o ABSOLUTE
    ..\Drivers\STM32F4xx_HAL_Driver\Src\stm32f4xx_hal_dma_ex.c 0x00000000   Number         0  stm32f4xx_hal_dma_ex.o ABSOLUTE
    ..\Drivers\STM32F4xx_HAL_Driver\Src\stm32f4xx_hal_exti.c 0x00000000   Number         0  stm32f4xx_hal_exti.o ABSOLUTE
    ..\Drivers\STM32F4xx_HAL_Driver\Src\stm32f4xx_hal_flash.c 0x00000000   Number         0  stm32f4xx_hal_flash.o ABSOLUTE
    ..\Drivers\STM32F4xx_HAL_Driver\Src\stm32f4xx_hal_flash_ex.c 0x00000000   Number         0  stm32f4xx_hal_flash_ex.o ABSOLUTE
    ..\Drivers\STM32F4xx_HAL_Driver\Src\stm32f4xx_hal_flash_ramfunc.c 0x00000000   Number         0  stm32f4xx_hal_flash_ramfunc.o ABSOLUTE
    ..\Drivers\STM32F4xx_HAL_Driver\Src\stm32f4xx_hal_gpio.c 0x00000000   Number         0  stm32f4xx_hal_gpio.o ABSOLUTE
    ..\Drivers\STM32F4xx_HAL_Driver\Src\stm32f4xx_hal_i2c.c 0x00000000   Number         0  stm32f4xx_hal_i2c.o ABSOLUTE
    ..\Drivers\STM32F4xx_HAL_Driver\Src\stm32f4xx_hal_i2c_ex.c 0x00000000   Number         0  stm32f4xx_hal_i2c_ex.o ABSOLUTE
    ..\Drivers\STM32F4xx_HAL_Driver\Src\stm32f4xx_hal_pwr.c 0x00000000   Number         0  stm32f4xx_hal_pwr.o ABSOLUTE
    ..\Drivers\STM32F4xx_HAL_Driver\Src\stm32f4xx_hal_pwr_ex.c 0x00000000   Number         0  stm32f4xx_hal_pwr_ex.o ABSOLUTE
    ..\Drivers\STM32F4xx_HAL_Driver\Src\stm32f4xx_hal_rcc.c 0x00000000   Number         0  stm32f4xx_hal_rcc.o ABSOLUTE
    ..\Drivers\STM32F4xx_HAL_Driver\Src\stm32f4xx_hal_rcc_ex.c 0x00000000   Number         0  stm32f4xx_hal_rcc_ex.o ABSOLUTE
    ..\Drivers\STM32F4xx_HAL_Driver\Src\stm32f4xx_hal_tim.c 0x00000000   Number         0  stm32f4xx_hal_tim.o ABSOLUTE
    ..\Drivers\STM32F4xx_HAL_Driver\Src\stm32f4xx_hal_tim_ex.c 0x00000000   Number         0  stm32f4xx_hal_tim_ex.o ABSOLUTE
    ..\Drivers\STM32F4xx_HAL_Driver\Src\stm32f4xx_hal_uart.c 0x00000000   Number         0  stm32f4xx_hal_uart.o ABSOLUTE
    ..\UCOSII\CORE\os_core.c                 0x00000000   Number         0  os_core.o ABSOLUTE
    ..\UCOSII\CORE\os_flag.c                 0x00000000   Number         0  os_flag.o ABSOLUTE
    ..\UCOSII\CORE\os_mbox.c                 0x00000000   Number         0  os_mbox.o ABSOLUTE
    ..\UCOSII\CORE\os_mem.c                  0x00000000   Number         0  os_mem.o ABSOLUTE
    ..\UCOSII\CORE\os_mutex.c                0x00000000   Number         0  os_mutex.o ABSOLUTE
    ..\UCOSII\CORE\os_q.c                    0x00000000   Number         0  os_q.o ABSOLUTE
    ..\UCOSII\CORE\os_sem.c                  0x00000000   Number         0  os_sem.o ABSOLUTE
    ..\UCOSII\CORE\os_task.c                 0x00000000   Number         0  os_task.o ABSOLUTE
    ..\UCOSII\CORE\os_time.c                 0x00000000   Number         0  os_time.o ABSOLUTE
    ..\UCOSII\CORE\os_tmr.c                  0x00000000   Number         0  os_tmr.o ABSOLUTE
    ..\UCOSII\PORT\os_cpu_a.asm              0x00000000   Number         0  os_cpu_a.o ABSOLUTE
    ..\UCOSII\PORT\os_cpu_c.c                0x00000000   Number         0  os_cpu_c.o ABSOLUTE
    ..\\UCOSII\\CORE\\os_core.c              0x00000000   Number         0  os_core.o ABSOLUTE
    ..\\UCOSII\\CORE\\os_flag.c              0x00000000   Number         0  os_flag.o ABSOLUTE
    ..\\UCOSII\\CORE\\os_mbox.c              0x00000000   Number         0  os_mbox.o ABSOLUTE
    ..\\UCOSII\\CORE\\os_mem.c               0x00000000   Number         0  os_mem.o ABSOLUTE
    ..\\UCOSII\\CORE\\os_mutex.c             0x00000000   Number         0  os_mutex.o ABSOLUTE
    ..\\UCOSII\\CORE\\os_q.c                 0x00000000   Number         0  os_q.o ABSOLUTE
    ..\\UCOSII\\CORE\\os_sem.c               0x00000000   Number         0  os_sem.o ABSOLUTE
    ..\\UCOSII\\CORE\\os_task.c              0x00000000   Number         0  os_task.o ABSOLUTE
    ..\\UCOSII\\CORE\\os_time.c              0x00000000   Number         0  os_time.o ABSOLUTE
    ..\\UCOSII\\CORE\\os_tmr.c               0x00000000   Number         0  os_tmr.o ABSOLUTE
    ..\\UCOSII\\PORT\\os_cpu_c.c             0x00000000   Number         0  os_cpu_c.o ABSOLUTE
    dc.s                                     0x00000000   Number         0  dc.o ABSOLUTE
    handlers.s                               0x00000000   Number         0  handlers.o ABSOLUTE
    init.s                                   0x00000000   Number         0  init.o ABSOLUTE
    startup_stm32f411xe.s                    0x00000000   Number         0  startup_stm32f411xe.o ABSOLUTE
    RESET                                    0x08000000   Section      408  startup_stm32f411xe.o(RESET)
    .ARM.Collect$$$$00000000                 0x08000198   Section        0  entry.o(.ARM.Collect$$$$00000000)
    .ARM.Collect$$$$00000001                 0x08000198   Section        4  entry2.o(.ARM.Collect$$$$00000001)
    .ARM.Collect$$$$00000004                 0x0800019c   Section        4  entry5.o(.ARM.Collect$$$$00000004)
    .ARM.Collect$$$$00000008                 0x080001a0   Section        0  entry7b.o(.ARM.Collect$$$$00000008)
    .ARM.Collect$$$$0000000A                 0x080001a0   Section        0  entry8b.o(.ARM.Collect$$$$0000000A)
    .ARM.Collect$$$$0000000B                 0x080001a0   Section        8  entry9a.o(.ARM.Collect$$$$0000000B)
    .ARM.Collect$$$$0000000E                 0x080001a8   Section        4  entry12b.o(.ARM.Collect$$$$0000000E)
    .ARM.Collect$$$$0000000F                 0x080001ac   Section        0  entry10a.o(.ARM.Collect$$$$0000000F)
    .ARM.Collect$$$$00000011                 0x080001ac   Section        0  entry11a.o(.ARM.Collect$$$$00000011)
    .ARM.Collect$$$$00002712                 0x080001ac   Section        4  entry2.o(.ARM.Collect$$$$00002712)
    __lit__00000000                          0x080001ac   Data           4  entry2.o(.ARM.Collect$$$$00002712)
    .text                                    0x080001b0   Section       36  startup_stm32f411xe.o(.text)
    $v0                                      0x080001b0   Number         0  startup_stm32f411xe.o(.text)
    .text                                    0x080001d4   Section      200  os_cpu_a.o(.text)
    $v0                                      0x080001d4   Number         0  os_cpu_a.o(.text)
    .text                                    0x0800029c   Section        0  uldiv.o(.text)
    .text                                    0x080002fe   Section        0  memseta.o(.text)
    .text                                    0x08000322   Section        0  llshl.o(.text)
    .text                                    0x08000340   Section        0  llushr.o(.text)
    .text                                    0x08000360   Section       36  init.o(.text)
    i.BusFault_Handler                       0x08000384   Section        0  stm32f4xx_it.o(i.BusFault_Handler)
    i.DebugMon_Handler                       0x08000386   Section        0  stm32f4xx_it.o(i.DebugMon_Handler)
    i.Error_Handler                          0x08000388   Section        0  main.o(i.Error_Handler)
    i.HAL_DMA_Abort_IT                       0x0800038c   Section        0  stm32f4xx_hal_dma.o(i.HAL_DMA_Abort_IT)
    i.HAL_Delay                              0x080003b0   Section        0  stm32f4xx_hal.o(i.HAL_Delay)
    i.HAL_GPIO_Init                          0x080003d4   Section        0  stm32f4xx_hal_gpio.o(i.HAL_GPIO_Init)
    i.HAL_GPIO_WritePin                      0x08000568   Section        0  stm32f4xx_hal_gpio.o(i.HAL_GPIO_WritePin)
    i.HAL_GetTick                            0x08000574   Section        0  stm32f4xx_hal.o(i.HAL_GetTick)
    i.HAL_I2C_Init                           0x08000580   Section        0  stm32f4xx_hal_i2c.o(i.HAL_I2C_Init)
    i.HAL_I2C_MspInit                        0x08000708   Section        0  i2c.o(i.HAL_I2C_MspInit)
    i.HAL_IncTick                            0x080007c4   Section        0  stm32f4xx_hal.o(i.HAL_IncTick)
    i.HAL_Init                               0x080007d4   Section        0  stm32f4xx_hal.o(i.HAL_Init)
    i.HAL_InitTick                           0x08000808   Section        0  stm32f4xx_hal.o(i.HAL_InitTick)
    i.HAL_MspInit                            0x08000848   Section        0  stm32f4xx_hal_msp.o(i.HAL_MspInit)
    i.HAL_NVIC_EnableIRQ                     0x08000878   Section        0  stm32f4xx_hal_cortex.o(i.HAL_NVIC_EnableIRQ)
    i.HAL_NVIC_SetPriority                   0x08000894   Section        0  stm32f4xx_hal_cortex.o(i.HAL_NVIC_SetPriority)
    i.HAL_NVIC_SetPriorityGrouping           0x080008d4   Section        0  stm32f4xx_hal_cortex.o(i.HAL_NVIC_SetPriorityGrouping)
    i.HAL_RCC_ClockConfig                    0x080008f8   Section        0  stm32f4xx_hal_rcc.o(i.HAL_RCC_ClockConfig)
    i.HAL_RCC_GetPCLK1Freq                   0x08000a2c   Section        0  stm32f4xx_hal_rcc.o(i.HAL_RCC_GetPCLK1Freq)
    i.HAL_RCC_GetPCLK2Freq                   0x08000a4c   Section        0  stm32f4xx_hal_rcc.o(i.HAL_RCC_GetPCLK2Freq)
    i.HAL_RCC_GetSysClockFreq                0x08000a6c   Section        0  stm32f4xx_hal_rcc.o(i.HAL_RCC_GetSysClockFreq)
    i.HAL_RCC_OscConfig                      0x08000ad0   Section        0  stm32f4xx_hal_rcc.o(i.HAL_RCC_OscConfig)
    i.HAL_SYSTICK_Config                     0x08000e2c   Section        0  stm32f4xx_hal_cortex.o(i.HAL_SYSTICK_Config)
    i.HAL_TIMEx_BreakCallback                0x08000e54   Section        0  stm32f4xx_hal_tim_ex.o(i.HAL_TIMEx_BreakCallback)
    i.HAL_TIMEx_CommutCallback               0x08000e56   Section        0  stm32f4xx_hal_tim_ex.o(i.HAL_TIMEx_CommutCallback)
    i.HAL_TIMEx_MasterConfigSynchronization  0x08000e58   Section        0  stm32f4xx_hal_tim_ex.o(i.HAL_TIMEx_MasterConfigSynchronization)
    i.HAL_TIM_Base_Init                      0x08000ed4   Section        0  stm32f4xx_hal_tim.o(i.HAL_TIM_Base_Init)
    i.HAL_TIM_Base_MspInit                   0x08000f0c   Section        0  tim.o(i.HAL_TIM_Base_MspInit)
    i.HAL_TIM_ConfigClockSource              0x08000f64   Section        0  stm32f4xx_hal_tim.o(i.HAL_TIM_ConfigClockSource)
    i.HAL_TIM_IC_CaptureCallback             0x0800103a   Section        0  stm32f4xx_hal_tim.o(i.HAL_TIM_IC_CaptureCallback)
    i.HAL_TIM_IC_ConfigChannel               0x0800103c   Section        0  stm32f4xx_hal_tim.o(i.HAL_TIM_IC_ConfigChannel)
    i.HAL_TIM_IC_Init                        0x0800115a   Section        0  stm32f4xx_hal_tim.o(i.HAL_TIM_IC_Init)
    i.HAL_TIM_IC_MspInit                     0x08001190   Section        0  tim.o(i.HAL_TIM_IC_MspInit)
    i.HAL_TIM_IRQHandler                     0x08001254   Section        0  stm32f4xx_hal_tim.o(i.HAL_TIM_IRQHandler)
    i.HAL_TIM_MspPostInit                    0x080013bc   Section        0  tim.o(i.HAL_TIM_MspPostInit)
    i.HAL_TIM_OC_DelayElapsedCallback        0x08001434   Section        0  stm32f4xx_hal_tim.o(i.HAL_TIM_OC_DelayElapsedCallback)
    i.HAL_TIM_PWM_ConfigChannel              0x08001436   Section        0  stm32f4xx_hal_tim.o(i.HAL_TIM_PWM_ConfigChannel)
    i.HAL_TIM_PWM_Init                       0x08001506   Section        0  stm32f4xx_hal_tim.o(i.HAL_TIM_PWM_Init)
    i.HAL_TIM_PWM_MspInit                    0x0800153c   Section        0  stm32f4xx_hal_tim.o(i.HAL_TIM_PWM_MspInit)
    i.HAL_TIM_PWM_PulseFinishedCallback      0x0800153e   Section        0  stm32f4xx_hal_tim.o(i.HAL_TIM_PWM_PulseFinishedCallback)
    i.HAL_TIM_PeriodElapsedCallback          0x08001540   Section        0  stm32f4xx_hal_tim.o(i.HAL_TIM_PeriodElapsedCallback)
    i.HAL_TIM_TriggerCallback                0x08001542   Section        0  stm32f4xx_hal_tim.o(i.HAL_TIM_TriggerCallback)
    i.HAL_UART_ErrorCallback                 0x08001544   Section        0  stm32f4xx_hal_uart.o(i.HAL_UART_ErrorCallback)
    i.HAL_UART_IRQHandler                    0x08001548   Section        0  stm32f4xx_hal_uart.o(i.HAL_UART_IRQHandler)
    i.HAL_UART_Init                          0x0800165c   Section        0  stm32f4xx_hal_uart.o(i.HAL_UART_Init)
    i.HAL_UART_MspInit                       0x080016c0   Section        0  usart.o(i.HAL_UART_MspInit)
    i.HAL_UART_RxCpltCallback                0x0800173c   Section        0  stm32f4xx_hal_uart.o(i.HAL_UART_RxCpltCallback)
    i.HAL_UART_TxCpltCallback                0x0800173e   Section        0  stm32f4xx_hal_uart.o(i.HAL_UART_TxCpltCallback)
    i.HardFault_Handler                      0x08001740   Section        0  stm32f4xx_it.o(i.HardFault_Handler)
    i.MX_GPIO_Init                           0x08001744   Section        0  gpio.o(i.MX_GPIO_Init)
    i.MX_I2C1_Init                           0x08001790   Section        0  i2c.o(i.MX_I2C1_Init)
    i.MX_I2C2_Init                           0x080017d0   Section        0  i2c.o(i.MX_I2C2_Init)
    i.MX_TIM1_Init                           0x08001810   Section        0  tim.o(i.MX_TIM1_Init)
    i.MX_TIM2_Init                           0x08001878   Section        0  tim.o(i.MX_TIM2_Init)
    i.MX_TIM3_Init                           0x08001910   Section        0  tim.o(i.MX_TIM3_Init)
    i.MX_TIM4_Init                           0x080019d8   Section        0  tim.o(i.MX_TIM4_Init)
    i.MX_USART1_UART_Init                    0x08001a54   Section        0  usart.o(i.MX_USART1_UART_Init)
    i.MemManage_Handler                      0x08001a8c   Section        0  stm32f4xx_it.o(i.MemManage_Handler)
    i.NMI_Handler                            0x08001a8e   Section        0  stm32f4xx_it.o(i.NMI_Handler)
    i.OSInit                                 0x08001a90   Section        0  os_core.o(i.OSInit)
    i.OSInitHookBegin                        0x08001ba4   Section        0  os_cpu_c.o(i.OSInitHookBegin)
    i.OSInitHookEnd                          0x08001ba6   Section        0  os_cpu_c.o(i.OSInitHookEnd)
    i.OSStart                                0x08001ba8   Section        0  os_core.o(i.OSStart)
    i.OSStatInit                             0x08001bd8   Section        0  os_core.o(i.OSStatInit)
    i.OSTCBInitHook                          0x08001c0c   Section        0  os_cpu_c.o(i.OSTCBInitHook)
    i.OSTaskCreate                           0x08001c10   Section        0  os_task.o(i.OSTaskCreate)
    i.OSTaskCreateExt                        0x08001c98   Section        0  os_task.o(i.OSTaskCreateExt)
    i.OSTaskCreateHook                       0x08001d34   Section        0  os_cpu_c.o(i.OSTaskCreateHook)
    i.OSTaskDel                              0x08001d38   Section        0  os_task.o(i.OSTaskDel)
    i.OSTaskDelHook                          0x08001e6c   Section        0  os_cpu_c.o(i.OSTaskDelHook)
    i.OSTaskIdleHook                         0x08001e6e   Section        0  os_cpu_c.o(i.OSTaskIdleHook)
    i.OSTaskNameSet                          0x08001e70   Section        0  os_task.o(i.OSTaskNameSet)
    i.OSTaskReturnHook                       0x08001ec8   Section        0  os_cpu_c.o(i.OSTaskReturnHook)
    i.OSTaskStatHook                         0x08001eca   Section        0  os_cpu_c.o(i.OSTaskStatHook)
    i.OSTaskStkChk                           0x08001ecc   Section        0  os_task.o(i.OSTaskStkChk)
    i.OSTaskStkInit                          0x08001f40   Section        0  os_cpu_c.o(i.OSTaskStkInit)
    i.OSTaskSuspend                          0x08002084   Section        0  os_task.o(i.OSTaskSuspend)
    i.OSTaskSwHook                           0x08002114   Section        0  os_cpu_c.o(i.OSTaskSwHook)
    i.OSTimeDly                              0x08002118   Section        0  os_time.o(i.OSTimeDly)
    i.OS_Dummy                               0x08002180   Section        0  os_core.o(i.OS_Dummy)
    i.OS_EventTaskRemove                     0x08002182   Section        0  os_core.o(i.OS_EventTaskRemove)
    i.OS_FlagInit                            0x080021a4   Section        0  os_flag.o(i.OS_FlagInit)
    i.OS_FlagUnlink                          0x080021ec   Section        0  os_flag.o(i.OS_FlagUnlink)
    i.OS_InitTCBList                         0x0800220c   Section        0  os_core.o(i.OS_InitTCBList)
    OS_InitTCBList                           0x0800220d   Thumb Code    96  os_core.o(i.OS_InitTCBList)
    i.OS_MemClr                              0x0800227c   Section        0  os_core.o(i.OS_MemClr)
    i.OS_QInit                               0x08002290   Section        0  os_q.o(i.OS_QInit)
    i.OS_Sched                               0x080022d0   Section        0  os_core.o(i.OS_Sched)
    i.OS_SchedNew                            0x08002318   Section        0  os_core.o(i.OS_SchedNew)
    OS_SchedNew                              0x08002319   Thumb Code    24  os_core.o(i.OS_SchedNew)
    i.OS_TCBInit                             0x08002338   Section        0  os_core.o(i.OS_TCBInit)
    i.OS_TaskIdle                            0x08002424   Section        0  os_core.o(i.OS_TaskIdle)
    i.OS_TaskReturn                          0x08002440   Section        0  os_task.o(i.OS_TaskReturn)
    i.OS_TaskStat                            0x08002458   Section        0  os_core.o(i.OS_TaskStat)
    i.OS_TaskStatStkChk                      0x080024b0   Section        0  os_core.o(i.OS_TaskStatStkChk)
    i.OS_TaskStkClr                          0x080024e8   Section        0  os_task.o(i.OS_TaskStkClr)
    i.SVC_Handler                            0x080024fe   Section        0  stm32f4xx_it.o(i.SVC_Handler)
    i.SysTick_Handler                        0x08002500   Section        0  stm32f4xx_it.o(i.SysTick_Handler)
    i.SystemClock_Config                     0x08002504   Section        0  main.o(i.SystemClock_Config)
    i.SystemInit                             0x08002594   Section        0  system_stm32f4xx.o(i.SystemInit)
    i.TIM1_UP_TIM10_IRQHandler               0x080025b0   Section        0  stm32f4xx_it.o(i.TIM1_UP_TIM10_IRQHandler)
    i.TIM2_IRQHandler                        0x080025bc   Section        0  stm32f4xx_it.o(i.TIM2_IRQHandler)
    i.TIM4_IRQHandler                        0x080025c8   Section        0  stm32f4xx_it.o(i.TIM4_IRQHandler)
    i.TIM_Base_SetConfig                     0x080025d4   Section        0  stm32f4xx_hal_tim.o(i.TIM_Base_SetConfig)
    i.TIM_ETR_SetConfig                      0x0800266c   Section        0  stm32f4xx_hal_tim.o(i.TIM_ETR_SetConfig)
    i.TIM_ITRx_SetConfig                     0x08002680   Section        0  stm32f4xx_hal_tim.o(i.TIM_ITRx_SetConfig)
    TIM_ITRx_SetConfig                       0x08002681   Thumb Code    16  stm32f4xx_hal_tim.o(i.TIM_ITRx_SetConfig)
    i.TIM_OC1_SetConfig                      0x08002690   Section        0  stm32f4xx_hal_tim.o(i.TIM_OC1_SetConfig)
    TIM_OC1_SetConfig                        0x08002691   Thumb Code    74  stm32f4xx_hal_tim.o(i.TIM_OC1_SetConfig)
    i.TIM_OC2_SetConfig                      0x080026e0   Section        0  stm32f4xx_hal_tim.o(i.TIM_OC2_SetConfig)
    i.TIM_OC3_SetConfig                      0x08002738   Section        0  stm32f4xx_hal_tim.o(i.TIM_OC3_SetConfig)
    TIM_OC3_SetConfig                        0x08002739   Thumb Code    82  stm32f4xx_hal_tim.o(i.TIM_OC3_SetConfig)
    i.TIM_OC4_SetConfig                      0x08002790   Section        0  stm32f4xx_hal_tim.o(i.TIM_OC4_SetConfig)
    TIM_OC4_SetConfig                        0x08002791   Thumb Code    64  stm32f4xx_hal_tim.o(i.TIM_OC4_SetConfig)
    i.TIM_TI1_ConfigInputStage               0x080027d4   Section        0  stm32f4xx_hal_tim.o(i.TIM_TI1_ConfigInputStage)
    TIM_TI1_ConfigInputStage                 0x080027d5   Thumb Code    34  stm32f4xx_hal_tim.o(i.TIM_TI1_ConfigInputStage)
    i.TIM_TI1_SetConfig                      0x080027f8   Section        0  stm32f4xx_hal_tim.o(i.TIM_TI1_SetConfig)
    i.TIM_TI2_ConfigInputStage               0x08002864   Section        0  stm32f4xx_hal_tim.o(i.TIM_TI2_ConfigInputStage)
    TIM_TI2_ConfigInputStage                 0x08002865   Thumb Code    36  stm32f4xx_hal_tim.o(i.TIM_TI2_ConfigInputStage)
    i.TIM_TI2_SetConfig                      0x08002888   Section        0  stm32f4xx_hal_tim.o(i.TIM_TI2_SetConfig)
    TIM_TI2_SetConfig                        0x08002889   Thumb Code    54  stm32f4xx_hal_tim.o(i.TIM_TI2_SetConfig)
    i.UART_DMAAbortOnError                   0x080028be   Section        0  stm32f4xx_hal_uart.o(i.UART_DMAAbortOnError)
    UART_DMAAbortOnError                     0x080028bf   Thumb Code    16  stm32f4xx_hal_uart.o(i.UART_DMAAbortOnError)
    i.UART_EndRxTransfer                     0x080028ce   Section        0  stm32f4xx_hal_uart.o(i.UART_EndRxTransfer)
    UART_EndRxTransfer                       0x080028cf   Thumb Code    28  stm32f4xx_hal_uart.o(i.UART_EndRxTransfer)
    i.UART_Receive_IT                        0x080028ea   Section        0  stm32f4xx_hal_uart.o(i.UART_Receive_IT)
    UART_Receive_IT                          0x080028eb   Thumb Code   150  stm32f4xx_hal_uart.o(i.UART_Receive_IT)
    i.UART_SetConfig                         0x08002980   Section        0  stm32f4xx_hal_uart.o(i.UART_SetConfig)
    UART_SetConfig                           0x08002981   Thumb Code   286  stm32f4xx_hal_uart.o(i.UART_SetConfig)
    i.UART_Transmit_IT                       0x08002aa8   Section        0  stm32f4xx_hal_uart.o(i.UART_Transmit_IT)
    UART_Transmit_IT                         0x08002aa9   Thumb Code    98  stm32f4xx_hal_uart.o(i.UART_Transmit_IT)
    i.USART1_IRQHandler                      0x08002b0c   Section        0  stm32f4xx_it.o(i.USART1_IRQHandler)
    i.UsageFault_Handler                     0x08002b18   Section        0  stm32f4xx_it.o(i.UsageFault_Handler)
    i.__NVIC_SetPriority                     0x08002b1a   Section        0  stm32f4xx_hal_cortex.o(i.__NVIC_SetPriority)
    __NVIC_SetPriority                       0x08002b1b   Thumb Code    32  stm32f4xx_hal_cortex.o(i.__NVIC_SetPriority)
    i.__scatterload_copy                     0x08002b3a   Section       14  handlers.o(i.__scatterload_copy)
    i.__scatterload_null                     0x08002b48   Section        2  handlers.o(i.__scatterload_null)
    i.__scatterload_zeroinit                 0x08002b4a   Section       14  handlers.o(i.__scatterload_zeroinit)
    i.led_task                               0x08002b58   Section        0  main.o(i.led_task)
    i.main                                   0x08002b88   Section        0  main.o(i.main)
    i.start_task                             0x08002bd0   Section        0  main.o(i.start_task)
    .constdata                               0x08002c00   Section       16  system_stm32f4xx.o(.constdata)
    .constdata                               0x08002c10   Section        8  system_stm32f4xx.o(.constdata)
    .constdata                               0x08002c18   Section      256  os_core.o(.constdata)
    .data                                    0x20000000   Section       12  stm32f4xx_hal.o(.data)
    .data                                    0x2000000c   Section        4  system_stm32f4xx.o(.data)
    .data                                    0x20000010   Section       60  os_core.o(.data)
    .data                                    0x2000004c   Section        4  os_core.o(.data)
    .data                                    0x20000050   Section        4  os_core.o(.data)
    .bss                                     0x20000054   Section      512  main.o(.bss)
    .bss                                     0x20000254   Section      168  i2c.o(.bss)
    .bss                                     0x200002fc   Section      256  tim.o(.bss)
    .bss                                     0x200003fc   Section       64  usart.o(.bss)
    .bss                                     0x2000043c   Section     2488  os_core.o(.bss)
    .bss                                     0x20000df4   Section       80  os_core.o(.bss)
    .bss                                     0x20000e44   Section      120  os_core.o(.bss)
    STACK                                    0x20000ec0   Section     1024  startup_stm32f411xe.o(STACK)

    Global Symbols

    Symbol Name                              Value     Ov Type        Size  Object(Section)

    BuildAttributes$$THM_ISAv4$E$P$D$K$B$S$7EM$VFPi3$EXTD16$VFPS$VFMA$PE$A:L22UL41UL21$X:L11$S22US41US21$IEEE1$IW$USESV6$~STKCKD$USESV7$~SHL$OSPACE$EBA8$MICROLIB$REQ8$PRES8$EABIv2 0x00000000   Number         0  anon$$obj.o ABSOLUTE
    __ARM_use_no_argv                        0x00000000   Number         0  main.o ABSOLUTE
    __arm_fini_                               - Undefined Weak Reference
    __cpp_initialize__aeabi_                  - Undefined Weak Reference
    __cxa_finalize                            - Undefined Weak Reference
    __decompress                              - Undefined Weak Reference
    _clock_init                               - Undefined Weak Reference
    _microlib_exit                            - Undefined Weak Reference
    __Vectors_Size                           0x00000198   Number         0  startup_stm32f411xe.o ABSOLUTE
    __Vectors                                0x08000000   Data           4  startup_stm32f411xe.o(RESET)
    __Vectors_End                            0x08000198   Data           0  startup_stm32f411xe.o(RESET)
    __main                                   0x08000199   Thumb Code     0  entry.o(.ARM.Collect$$$$00000000)
    _main_stk                                0x08000199   Thumb Code     0  entry2.o(.ARM.Collect$$$$00000001)
    _main_scatterload                        0x0800019d   Thumb Code     0  entry5.o(.ARM.Collect$$$$00000004)
    __main_after_scatterload                 0x080001a1   Thumb Code     0  entry5.o(.ARM.Collect$$$$00000004)
    _main_clock                              0x080001a1   Thumb Code     0  entry7b.o(.ARM.Collect$$$$00000008)
    _main_cpp_init                           0x080001a1   Thumb Code     0  entry8b.o(.ARM.Collect$$$$0000000A)
    _main_init                               0x080001a1   Thumb Code     0  entry9a.o(.ARM.Collect$$$$0000000B)
    __rt_lib_shutdown_fini                   0x080001a9   Thumb Code     0  entry12b.o(.ARM.Collect$$$$0000000E)
    __rt_final_cpp                           0x080001ad   Thumb Code     0  entry10a.o(.ARM.Collect$$$$0000000F)
    __rt_final_exit                          0x080001ad   Thumb Code     0  entry11a.o(.ARM.Collect$$$$00000011)
    Reset_Handler                            0x080001b1   Thumb Code     8  startup_stm32f411xe.o(.text)
    ADC_IRQHandler                           0x080001cb   Thumb Code     0  startup_stm32f411xe.o(.text)
    DMA1_Stream0_IRQHandler                  0x080001cb   Thumb Code     0  startup_stm32f411xe.o(.text)
    DMA1_Stream1_IRQHandler                  0x080001cb   Thumb Code     0  startup_stm32f411xe.o(.text)
    DMA1_Stream2_IRQHandler                  0x080001cb   Thumb Code     0  startup_stm32f411xe.o(.text)
    DMA1_Stream3_IRQHandler                  0x080001cb   Thumb Code     0  startup_stm32f411xe.o(.text)
    DMA1_Stream4_IRQHandler                  0x080001cb   Thumb Code     0  startup_stm32f411xe.o(.text)
    DMA1_Stream5_IRQHandler                  0x080001cb   Thumb Code     0  startup_stm32f411xe.o(.text)
    DMA1_Stream6_IRQHandler                  0x080001cb   Thumb Code     0  startup_stm32f411xe.o(.text)
    DMA1_Stream7_IRQHandler                  0x080001cb   Thumb Code     0  startup_stm32f411xe.o(.text)
    DMA2_Stream0_IRQHandler                  0x080001cb   Thumb Code     0  startup_stm32f411xe.o(.text)
    DMA2_Stream1_IRQHandler                  0x080001cb   Thumb Code     0  startup_stm32f411xe.o(.text)
    DMA2_Stream2_IRQHandler                  0x080001cb   Thumb Code     0  startup_stm32f411xe.o(.text)
    DMA2_Stream3_IRQHandler                  0x080001cb   Thumb Code     0  startup_stm32f411xe.o(.text)
    DMA2_Stream4_IRQHandler                  0x080001cb   Thumb Code     0  startup_stm32f411xe.o(.text)
    DMA2_Stream5_IRQHandler                  0x080001cb   Thumb Code     0  startup_stm32f411xe.o(.text)
    DMA2_Stream6_IRQHandler                  0x080001cb   Thumb Code     0  startup_stm32f411xe.o(.text)
    DMA2_Stream7_IRQHandler                  0x080001cb   Thumb Code     0  startup_stm32f411xe.o(.text)
    EXTI0_IRQHandler                         0x080001cb   Thumb Code     0  startup_stm32f411xe.o(.text)
    EXTI15_10_IRQHandler                     0x080001cb   Thumb Code     0  startup_stm32f411xe.o(.text)
    EXTI1_IRQHandler                         0x080001cb   Thumb Code     0  startup_stm32f411xe.o(.text)
    EXTI2_IRQHandler                         0x080001cb   Thumb Code     0  startup_stm32f411xe.o(.text)
    EXTI3_IRQHandler                         0x080001cb   Thumb Code     0  startup_stm32f411xe.o(.text)
    EXTI4_IRQHandler                         0x080001cb   Thumb Code     0  startup_stm32f411xe.o(.text)
    EXTI9_5_IRQHandler                       0x080001cb   Thumb Code     0  startup_stm32f411xe.o(.text)
    FLASH_IRQHandler                         0x080001cb   Thumb Code     0  startup_stm32f411xe.o(.text)
    FPU_IRQHandler                           0x080001cb   Thumb Code     0  startup_stm32f411xe.o(.text)
    I2C1_ER_IRQHandler                       0x080001cb   Thumb Code     0  startup_stm32f411xe.o(.text)
    I2C1_EV_IRQHandler                       0x080001cb   Thumb Code     0  startup_stm32f411xe.o(.text)
    I2C2_ER_IRQHandler                       0x080001cb   Thumb Code     0  startup_stm32f411xe.o(.text)
    I2C2_EV_IRQHandler                       0x080001cb   Thumb Code     0  startup_stm32f411xe.o(.text)
    I2C3_ER_IRQHandler                       0x080001cb   Thumb Code     0  startup_stm32f411xe.o(.text)
    I2C3_EV_IRQHandler                       0x080001cb   Thumb Code     0  startup_stm32f411xe.o(.text)
    OTG_FS_IRQHandler                        0x080001cb   Thumb Code     0  startup_stm32f411xe.o(.text)
    OTG_FS_WKUP_IRQHandler                   0x080001cb   Thumb Code     0  startup_stm32f411xe.o(.text)
    PVD_IRQHandler                           0x080001cb   Thumb Code     0  startup_stm32f411xe.o(.text)
    RCC_IRQHandler                           0x080001cb   Thumb Code     0  startup_stm32f411xe.o(.text)
    RTC_Alarm_IRQHandler                     0x080001cb   Thumb Code     0  startup_stm32f411xe.o(.text)
    RTC_WKUP_IRQHandler                      0x080001cb   Thumb Code     0  startup_stm32f411xe.o(.text)
    SDIO_IRQHandler                          0x080001cb   Thumb Code     0  startup_stm32f411xe.o(.text)
    SPI1_IRQHandler                          0x080001cb   Thumb Code     0  startup_stm32f411xe.o(.text)
    SPI2_IRQHandler                          0x080001cb   Thumb Code     0  startup_stm32f411xe.o(.text)
    SPI3_IRQHandler                          0x080001cb   Thumb Code     0  startup_stm32f411xe.o(.text)
    SPI4_IRQHandler                          0x080001cb   Thumb Code     0  startup_stm32f411xe.o(.text)
    SPI5_IRQHandler                          0x080001cb   Thumb Code     0  startup_stm32f411xe.o(.text)
    TAMP_STAMP_IRQHandler                    0x080001cb   Thumb Code     0  startup_stm32f411xe.o(.text)
    TIM1_BRK_TIM9_IRQHandler                 0x080001cb   Thumb Code     0  startup_stm32f411xe.o(.text)
    TIM1_CC_IRQHandler                       0x080001cb   Thumb Code     0  startup_stm32f411xe.o(.text)
    TIM1_TRG_COM_TIM11_IRQHandler            0x080001cb   Thumb Code     0  startup_stm32f411xe.o(.text)
    TIM3_IRQHandler                          0x080001cb   Thumb Code     0  startup_stm32f411xe.o(.text)
    TIM5_IRQHandler                          0x080001cb   Thumb Code     0  startup_stm32f411xe.o(.text)
    USART2_IRQHandler                        0x080001cb   Thumb Code     0  startup_stm32f411xe.o(.text)
    USART6_IRQHandler                        0x080001cb   Thumb Code     0  startup_stm32f411xe.o(.text)
    WWDG_IRQHandler                          0x080001cb   Thumb Code     0  startup_stm32f411xe.o(.text)
    OS_CPU_SR_Save                           0x080001d5   Thumb Code     0  os_cpu_a.o(.text)
    OS_CPU_SR_Restore                        0x080001dd   Thumb Code     0  os_cpu_a.o(.text)
    OSStartHighRdy                           0x080001e3   Thumb Code     0  os_cpu_a.o(.text)
    OSCtxSw                                  0x08000207   Thumb Code     0  os_cpu_a.o(.text)
    OSIntCtxSw                               0x08000215   Thumb Code     0  os_cpu_a.o(.text)
    PendSV_Handler                           0x08000225   Thumb Code     0  os_cpu_a.o(.text)
    __aeabi_uldivmod                         0x0800029d   Thumb Code    98  uldiv.o(.text)
    __aeabi_memset                           0x080002ff   Thumb Code    14  memseta.o(.text)
    __aeabi_memset4                          0x080002ff   Thumb Code     0  memseta.o(.text)
    __aeabi_memset8                          0x080002ff   Thumb Code     0  memseta.o(.text)
    __aeabi_memclr                           0x0800030d   Thumb Code     4  memseta.o(.text)
    __aeabi_memclr4                          0x0800030d   Thumb Code     0  memseta.o(.text)
    __aeabi_memclr8                          0x0800030d   Thumb Code     0  memseta.o(.text)
    _memset$wrapper                          0x08000311   Thumb Code    18  memseta.o(.text)
    __aeabi_llsl                             0x08000323   Thumb Code    30  llshl.o(.text)
    _ll_shift_l                              0x08000323   Thumb Code     0  llshl.o(.text)
    __aeabi_llsr                             0x08000341   Thumb Code    32  llushr.o(.text)
    _ll_ushift_r                             0x08000341   Thumb Code     0  llushr.o(.text)
    __scatterload                            0x08000361   Thumb Code    28  init.o(.text)
    __scatterload_rt2                        0x08000361   Thumb Code     0  init.o(.text)
    BusFault_Handler                         0x08000385   Thumb Code     2  stm32f4xx_it.o(i.BusFault_Handler)
    DebugMon_Handler                         0x08000387   Thumb Code     2  stm32f4xx_it.o(i.DebugMon_Handler)
    Error_Handler                            0x08000389   Thumb Code     4  main.o(i.Error_Handler)
    HAL_DMA_Abort_IT                         0x0800038d   Thumb Code    36  stm32f4xx_hal_dma.o(i.HAL_DMA_Abort_IT)
    HAL_Delay                                0x080003b1   Thumb Code    32  stm32f4xx_hal.o(i.HAL_Delay)
    HAL_GPIO_Init                            0x080003d5   Thumb Code   370  stm32f4xx_hal_gpio.o(i.HAL_GPIO_Init)
    HAL_GPIO_WritePin                        0x08000569   Thumb Code    10  stm32f4xx_hal_gpio.o(i.HAL_GPIO_WritePin)
    HAL_GetTick                              0x08000575   Thumb Code     6  stm32f4xx_hal.o(i.HAL_GetTick)
    HAL_I2C_Init                             0x08000581   Thumb Code   376  stm32f4xx_hal_i2c.o(i.HAL_I2C_Init)
    HAL_I2C_MspInit                          0x08000709   Thumb Code   170  i2c.o(i.HAL_I2C_MspInit)
    HAL_IncTick                              0x080007c5   Thumb Code    12  stm32f4xx_hal.o(i.HAL_IncTick)
    HAL_Init                                 0x080007d5   Thumb Code    48  stm32f4xx_hal.o(i.HAL_Init)
    HAL_InitTick                             0x08000809   Thumb Code    54  stm32f4xx_hal.o(i.HAL_InitTick)
    HAL_MspInit                              0x08000849   Thumb Code    42  stm32f4xx_hal_msp.o(i.HAL_MspInit)
    HAL_NVIC_EnableIRQ                       0x08000879   Thumb Code    26  stm32f4xx_hal_cortex.o(i.HAL_NVIC_EnableIRQ)
    HAL_NVIC_SetPriority                     0x08000895   Thumb Code    60  stm32f4xx_hal_cortex.o(i.HAL_NVIC_SetPriority)
    HAL_NVIC_SetPriorityGrouping             0x080008d5   Thumb Code    26  stm32f4xx_hal_cortex.o(i.HAL_NVIC_SetPriorityGrouping)
    HAL_RCC_ClockConfig                      0x080008f9   Thumb Code   288  stm32f4xx_hal_rcc.o(i.HAL_RCC_ClockConfig)
    HAL_RCC_GetPCLK1Freq                     0x08000a2d   Thumb Code    20  stm32f4xx_hal_rcc.o(i.HAL_RCC_GetPCLK1Freq)
    HAL_RCC_GetPCLK2Freq                     0x08000a4d   Thumb Code    20  stm32f4xx_hal_rcc.o(i.HAL_RCC_GetPCLK2Freq)
    HAL_RCC_GetSysClockFreq                  0x08000a6d   Thumb Code    88  stm32f4xx_hal_rcc.o(i.HAL_RCC_GetSysClockFreq)
    HAL_RCC_OscConfig                        0x08000ad1   Thumb Code   840  stm32f4xx_hal_rcc.o(i.HAL_RCC_OscConfig)
    HAL_SYSTICK_Config                       0x08000e2d   Thumb Code    40  stm32f4xx_hal_cortex.o(i.HAL_SYSTICK_Config)
    HAL_TIMEx_BreakCallback                  0x08000e55   Thumb Code     2  stm32f4xx_hal_tim_ex.o(i.HAL_TIMEx_BreakCallback)
    HAL_TIMEx_CommutCallback                 0x08000e57   Thumb Code     2  stm32f4xx_hal_tim_ex.o(i.HAL_TIMEx_CommutCallback)
    HAL_TIMEx_MasterConfigSynchronization    0x08000e59   Thumb Code   104  stm32f4xx_hal_tim_ex.o(i.HAL_TIMEx_MasterConfigSynchronization)
    HAL_TIM_Base_Init                        0x08000ed5   Thumb Code    54  stm32f4xx_hal_tim.o(i.HAL_TIM_Base_Init)
    HAL_TIM_Base_MspInit                     0x08000f0d   Thumb Code    76  tim.o(i.HAL_TIM_Base_MspInit)
    HAL_TIM_ConfigClockSource                0x08000f65   Thumb Code   214  stm32f4xx_hal_tim.o(i.HAL_TIM_ConfigClockSource)
    HAL_TIM_IC_CaptureCallback               0x0800103b   Thumb Code     2  stm32f4xx_hal_tim.o(i.HAL_TIM_IC_CaptureCallback)
    HAL_TIM_IC_ConfigChannel                 0x0800103d   Thumb Code   286  stm32f4xx_hal_tim.o(i.HAL_TIM_IC_ConfigChannel)
    HAL_TIM_IC_Init                          0x0800115b   Thumb Code    54  stm32f4xx_hal_tim.o(i.HAL_TIM_IC_Init)
    HAL_TIM_IC_MspInit                       0x08001191   Thumb Code   180  tim.o(i.HAL_TIM_IC_MspInit)
    HAL_TIM_IRQHandler                       0x08001255   Thumb Code   358  stm32f4xx_hal_tim.o(i.HAL_TIM_IRQHandler)
    HAL_TIM_MspPostInit                      0x080013bd   Thumb Code   104  tim.o(i.HAL_TIM_MspPostInit)
    HAL_TIM_OC_DelayElapsedCallback          0x08001435   Thumb Code     2  stm32f4xx_hal_tim.o(i.HAL_TIM_OC_DelayElapsedCallback)
    HAL_TIM_PWM_ConfigChannel                0x08001437   Thumb Code   208  stm32f4xx_hal_tim.o(i.HAL_TIM_PWM_ConfigChannel)
    HAL_TIM_PWM_Init                         0x08001507   Thumb Code    54  stm32f4xx_hal_tim.o(i.HAL_TIM_PWM_Init)
    HAL_TIM_PWM_MspInit                      0x0800153d   Thumb Code     2  stm32f4xx_hal_tim.o(i.HAL_TIM_PWM_MspInit)
    HAL_TIM_PWM_PulseFinishedCallback        0x0800153f   Thumb Code     2  stm32f4xx_hal_tim.o(i.HAL_TIM_PWM_PulseFinishedCallback)
    HAL_TIM_PeriodElapsedCallback            0x08001541   Thumb Code     2  stm32f4xx_hal_tim.o(i.HAL_TIM_PeriodElapsedCallback)
    HAL_TIM_TriggerCallback                  0x08001543   Thumb Code     2  stm32f4xx_hal_tim.o(i.HAL_TIM_TriggerCallback)
    HAL_UART_ErrorCallback                   0x08001545   Thumb Code     2  stm32f4xx_hal_uart.o(i.HAL_UART_ErrorCallback)
    HAL_UART_IRQHandler                      0x08001549   Thumb Code   270  stm32f4xx_hal_uart.o(i.HAL_UART_IRQHandler)
    HAL_UART_Init                            0x0800165d   Thumb Code    98  stm32f4xx_hal_uart.o(i.HAL_UART_Init)
    HAL_UART_MspInit                         0x080016c1   Thumb Code   110  usart.o(i.HAL_UART_MspInit)
    HAL_UART_RxCpltCallback                  0x0800173d   Thumb Code     2  stm32f4xx_hal_uart.o(i.HAL_UART_RxCpltCallback)
    HAL_UART_TxCpltCallback                  0x0800173f   Thumb Code     2  stm32f4xx_hal_uart.o(i.HAL_UART_TxCpltCallback)
    HardFault_Handler                        0x08001741   Thumb Code     2  stm32f4xx_it.o(i.HardFault_Handler)
    MX_GPIO_Init                             0x08001745   Thumb Code    70  gpio.o(i.MX_GPIO_Init)
    MX_I2C1_Init                             0x08001791   Thumb Code    50  i2c.o(i.MX_I2C1_Init)
    MX_I2C2_Init                             0x080017d1   Thumb Code    50  i2c.o(i.MX_I2C2_Init)
    MX_TIM1_Init                             0x08001811   Thumb Code    96  tim.o(i.MX_TIM1_Init)
    MX_TIM2_Init                             0x08001879   Thumb Code   148  tim.o(i.MX_TIM2_Init)
    MX_TIM3_Init                             0x08001911   Thumb Code   192  tim.o(i.MX_TIM3_Init)
    MX_TIM4_Init                             0x080019d9   Thumb Code   116  tim.o(i.MX_TIM4_Init)
    MX_USART1_UART_Init                      0x08001a55   Thumb Code    48  usart.o(i.MX_USART1_UART_Init)
    MemManage_Handler                        0x08001a8d   Thumb Code     2  stm32f4xx_it.o(i.MemManage_Handler)
    NMI_Handler                              0x08001a8f   Thumb Code     2  stm32f4xx_it.o(i.NMI_Handler)
    OSInit                                   0x08001a91   Thumb Code   220  os_core.o(i.OSInit)
    OSInitHookBegin                          0x08001ba5   Thumb Code     2  os_cpu_c.o(i.OSInitHookBegin)
    OSInitHookEnd                            0x08001ba7   Thumb Code     2  os_cpu_c.o(i.OSInitHookEnd)
    OSStart                                  0x08001ba9   Thumb Code    38  os_core.o(i.OSStart)
    OSStatInit                               0x08001bd9   Thumb Code    48  os_core.o(i.OSStatInit)
    OSTCBInitHook                            0x08001c0d   Thumb Code     2  os_cpu_c.o(i.OSTCBInitHook)
    OSTaskCreate                             0x08001c11   Thumb Code   124  os_task.o(i.OSTaskCreate)
    OSTaskCreateExt                          0x08001c99   Thumb Code   144  os_task.o(i.OSTaskCreateExt)
    OSTaskCreateHook                         0x08001d35   Thumb Code     2  os_cpu_c.o(i.OSTaskCreateHook)
    OSTaskDel                                0x08001d39   Thumb Code   264  os_task.o(i.OSTaskDel)
    OSTaskDelHook                            0x08001e6d   Thumb Code     2  os_cpu_c.o(i.OSTaskDelHook)
    OSTaskIdleHook                           0x08001e6f   Thumb Code     2  os_cpu_c.o(i.OSTaskIdleHook)
    OSTaskNameSet                            0x08001e71   Thumb Code    76  os_task.o(i.OSTaskNameSet)
    OSTaskReturnHook                         0x08001ec9   Thumb Code     2  os_cpu_c.o(i.OSTaskReturnHook)
    OSTaskStatHook                           0x08001ecb   Thumb Code     2  os_cpu_c.o(i.OSTaskStatHook)
    OSTaskStkChk                             0x08001ecd   Thumb Code   108  os_task.o(i.OSTaskStkChk)
    OSTaskStkInit                            0x08001f41   Thumb Code   318  os_cpu_c.o(i.OSTaskStkInit)
    OSTaskSuspend                            0x08002085   Thumb Code   128  os_task.o(i.OSTaskSuspend)
    OSTaskSwHook                             0x08002115   Thumb Code     2  os_cpu_c.o(i.OSTaskSwHook)
    OSTimeDly                                0x08002119   Thumb Code    82  os_time.o(i.OSTimeDly)
    OS_Dummy                                 0x08002181   Thumb Code     2  os_core.o(i.OS_Dummy)
    OS_EventTaskRemove                       0x08002183   Thumb Code    32  os_core.o(i.OS_EventTaskRemove)
    OS_FlagInit                              0x080021a5   Thumb Code    60  os_flag.o(i.OS_FlagInit)
    OS_FlagUnlink                            0x080021ed   Thumb Code    32  os_flag.o(i.OS_FlagUnlink)
    OS_MemClr                                0x0800227d   Thumb Code    18  os_core.o(i.OS_MemClr)
    OS_QInit                                 0x08002291   Thumb Code    56  os_q.o(i.OS_QInit)
    OS_Sched                                 0x080022d1   Thumb Code    64  os_core.o(i.OS_Sched)
    OS_TCBInit                               0x08002339   Thumb Code   222  os_core.o(i.OS_TCBInit)
    OS_TaskIdle                              0x08002425   Thumb Code    24  os_core.o(i.OS_TaskIdle)
    OS_TaskReturn                            0x08002441   Thumb Code    20  os_task.o(i.OS_TaskReturn)
    OS_TaskStat                              0x08002459   Thumb Code    82  os_core.o(i.OS_TaskStat)
    OS_TaskStatStkChk                        0x080024b1   Thumb Code    50  os_core.o(i.OS_TaskStatStkChk)
    OS_TaskStkClr                            0x080024e9   Thumb Code    22  os_task.o(i.OS_TaskStkClr)
    SVC_Handler                              0x080024ff   Thumb Code     2  stm32f4xx_it.o(i.SVC_Handler)
    SysTick_Handler                          0x08002501   Thumb Code     4  stm32f4xx_it.o(i.SysTick_Handler)
    SystemClock_Config                       0x08002505   Thumb Code   136  main.o(i.SystemClock_Config)
    SystemInit                               0x08002595   Thumb Code    22  system_stm32f4xx.o(i.SystemInit)
    TIM1_UP_TIM10_IRQHandler                 0x080025b1   Thumb Code     6  stm32f4xx_it.o(i.TIM1_UP_TIM10_IRQHandler)
    TIM2_IRQHandler                          0x080025bd   Thumb Code     6  stm32f4xx_it.o(i.TIM2_IRQHandler)
    TIM4_IRQHandler                          0x080025c9   Thumb Code     6  stm32f4xx_it.o(i.TIM4_IRQHandler)
    TIM_Base_SetConfig                       0x080025d5   Thumb Code   122  stm32f4xx_hal_tim.o(i.TIM_Base_SetConfig)
    TIM_ETR_SetConfig                        0x0800266d   Thumb Code    20  stm32f4xx_hal_tim.o(i.TIM_ETR_SetConfig)
    TIM_OC2_SetConfig                        0x080026e1   Thumb Code    84  stm32f4xx_hal_tim.o(i.TIM_OC2_SetConfig)
    TIM_TI1_SetConfig                        0x080027f9   Thumb Code    88  stm32f4xx_hal_tim.o(i.TIM_TI1_SetConfig)
    USART1_IRQHandler                        0x08002b0d   Thumb Code     6  stm32f4xx_it.o(i.USART1_IRQHandler)
    UsageFault_Handler                       0x08002b19   Thumb Code     2  stm32f4xx_it.o(i.UsageFault_Handler)
    __scatterload_copy                       0x08002b3b   Thumb Code    14  handlers.o(i.__scatterload_copy)
    __scatterload_null                       0x08002b49   Thumb Code     2  handlers.o(i.__scatterload_null)
    __scatterload_zeroinit                   0x08002b4b   Thumb Code    14  handlers.o(i.__scatterload_zeroinit)
    led_task                                 0x08002b59   Thumb Code    44  main.o(i.led_task)
    main                                     0x08002b89   Thumb Code    62  main.o(i.main)
    start_task                               0x08002bd1   Thumb Code    40  main.o(i.start_task)
    AHBPrescTable                            0x08002c00   Data          16  system_stm32f4xx.o(.constdata)
    APBPrescTable                            0x08002c10   Data           8  system_stm32f4xx.o(.constdata)
    OSUnMapTbl                               0x08002c18   Data         256  os_core.o(.constdata)
    Region$$Table$$Base                      0x08002d18   Number         0  anon$$obj.o(Region$$Table)
    Region$$Table$$Limit                     0x08002d38   Number         0  anon$$obj.o(Region$$Table)
    uwTickFreq                               0x20000000   Data           1  stm32f4xx_hal.o(.data)
    uwTickPrio                               0x20000004   Data           4  stm32f4xx_hal.o(.data)
    uwTick                                   0x20000008   Data           4  stm32f4xx_hal.o(.data)
    SystemCoreClock                          0x2000000c   Data           4  system_stm32f4xx.o(.data)
    OSCPUUsage                               0x20000010   Data           1  os_core.o(.data)
    OSStatRdy                                0x20000011   Data           1  os_core.o(.data)
    OSIntNesting                             0x20000012   Data           1  os_core.o(.data)
    OSLockNesting                            0x20000013   Data           1  os_core.o(.data)
    OSPrioCur                                0x20000014   Data           1  os_core.o(.data)
    OSPrioHighRdy                            0x20000015   Data           1  os_core.o(.data)
    OSRdyGrp                                 0x20000016   Data           1  os_core.o(.data)
    OSRunning                                0x20000017   Data           1  os_core.o(.data)
    OSTaskCtr                                0x20000018   Data           1  os_core.o(.data)
    OSTickStepState                          0x20000019   Data           1  os_core.o(.data)
    OSCtxSwCtr                               0x2000001c   Data           4  os_core.o(.data)
    OSEventFreeList                          0x20000020   Data           4  os_core.o(.data)
    OSIdleCtrMax                             0x20000024   Data           4  os_core.o(.data)
    OSIdleCtrRun                             0x20000028   Data           4  os_core.o(.data)
    OSIdleCtr                                0x2000002c   Data           4  os_core.o(.data)
    OSTCBCur                                 0x20000030   Data           4  os_core.o(.data)
    OSTCBFreeList                            0x20000034   Data           4  os_core.o(.data)
    OSTCBHighRdy                             0x20000038   Data           4  os_core.o(.data)
    OSTCBList                                0x2000003c   Data           4  os_core.o(.data)
    OSTime                                   0x20000040   Data           4  os_core.o(.data)
    OSRdyTbl                                 0x20000044   Data           8  os_core.o(.data)
    OSFlagFreeList                           0x2000004c   Data           4  os_core.o(.data)
    OSQFreeList                              0x20000050   Data           4  os_core.o(.data)
    START_TASK_STK                           0x20000054   Data         256  main.o(.bss)
    LED_TASK_STK                             0x20000154   Data         256  main.o(.bss)
    hi2c1                                    0x20000254   Data          84  i2c.o(.bss)
    hi2c2                                    0x200002a8   Data          84  i2c.o(.bss)
    htim1                                    0x200002fc   Data          64  tim.o(.bss)
    htim2                                    0x2000033c   Data          64  tim.o(.bss)
    htim3                                    0x2000037c   Data          64  tim.o(.bss)
    htim4                                    0x200003bc   Data          64  tim.o(.bss)
    huart1                                   0x200003fc   Data          64  usart.o(.bss)
    OSEventTbl                               0x2000043c   Data         200  os_core.o(.bss)
    OSTaskStatStk                            0x20000504   Data         512  os_core.o(.bss)
    OSTaskIdleStk                            0x20000704   Data         512  os_core.o(.bss)
    OSTCBPrioTbl                             0x20000904   Data         256  os_core.o(.bss)
    OSTCBTbl                                 0x20000a04   Data        1008  os_core.o(.bss)
    OSFlagTbl                                0x20000df4   Data          80  os_core.o(.bss)
    OSQTbl                                   0x20000e44   Data         120  os_core.o(.bss)
    __initial_sp                             0x200012c0   Data           0  startup_stm32f411xe.o(STACK)



==============================================================================

Memory Map of the image

  Image Entry point : 0x08000199

  Load Region LR_IROM1 (Base: 0x08000000, Size: 0x00002d8c, Max: 0x00080000, ABSOLUTE)

    Execution Region ER_IROM1 (Exec base: 0x08000000, Load base: 0x08000000, Size: 0x00002d38, Max: 0x00080000, ABSOLUTE)

    Exec Addr    Load Addr    Size         Type   Attr      Idx    E Section Name        Object

    0x08000000   0x08000000   0x00000198   Data   RO            3    RESET               startup_stm32f411xe.o
    0x08000198   0x08000198   0x00000000   Code   RO         4320  * .ARM.Collect$$$$00000000  mc_w.l(entry.o)
    0x08000198   0x08000198   0x00000004   Code   RO         4327    .ARM.Collect$$$$00000001  mc_w.l(entry2.o)
    0x0800019c   0x0800019c   0x00000004   Code   RO         4330    .ARM.Collect$$$$00000004  mc_w.l(entry5.o)
    0x080001a0   0x080001a0   0x00000000   Code   RO         4332    .ARM.Collect$$$$00000008  mc_w.l(entry7b.o)
    0x080001a0   0x080001a0   0x00000000   Code   RO         4334    .ARM.Collect$$$$0000000A  mc_w.l(entry8b.o)
    0x080001a0   0x080001a0   0x00000008   Code   RO         4335    .ARM.Collect$$$$0000000B  mc_w.l(entry9a.o)
    0x080001a8   0x080001a8   0x00000004   Code   RO         4342    .ARM.Collect$$$$0000000E  mc_w.l(entry12b.o)
    0x080001ac   0x080001ac   0x00000000   Code   RO         4337    .ARM.Collect$$$$0000000F  mc_w.l(entry10a.o)
    0x080001ac   0x080001ac   0x00000000   Code   RO         4339    .ARM.Collect$$$$00000011  mc_w.l(entry11a.o)
    0x080001ac   0x080001ac   0x00000004   Code   RO         4328    .ARM.Collect$$$$00002712  mc_w.l(entry2.o)
    0x080001b0   0x080001b0   0x00000024   Code   RO            4    .text               startup_stm32f411xe.o
    0x080001d4   0x080001d4   0x000000c8   Code   RO         4317    .text               os_cpu_a.o
    0x0800029c   0x0800029c   0x00000062   Code   RO         4323    .text               mc_w.l(uldiv.o)
    0x080002fe   0x080002fe   0x00000024   Code   RO         4325    .text               mc_w.l(memseta.o)
    0x08000322   0x08000322   0x0000001e   Code   RO         4343    .text               mc_w.l(llshl.o)
    0x08000340   0x08000340   0x00000020   Code   RO         4345    .text               mc_w.l(llushr.o)
    0x08000360   0x08000360   0x00000024   Code   RO         4347    .text               mc_w.l(init.o)
    0x08000384   0x08000384   0x00000002   Code   RO          404    i.BusFault_Handler  stm32f4xx_it.o
    0x08000386   0x08000386   0x00000002   Code   RO          405    i.DebugMon_Handler  stm32f4xx_it.o
    0x08000388   0x08000388   0x00000004   Code   RO           13    i.Error_Handler     main.o
    0x0800038c   0x0800038c   0x00000024   Code   RO         1496    i.HAL_DMA_Abort_IT  stm32f4xx_hal_dma.o
    0x080003b0   0x080003b0   0x00000024   Code   RO         1938    i.HAL_Delay         stm32f4xx_hal.o
    0x080003d4   0x080003d4   0x00000194   Code   RO         1388    i.HAL_GPIO_Init     stm32f4xx_hal_gpio.o
    0x08000568   0x08000568   0x0000000a   Code   RO         1392    i.HAL_GPIO_WritePin  stm32f4xx_hal_gpio.o
    0x08000572   0x08000572   0x00000002   PAD
    0x08000574   0x08000574   0x0000000c   Code   RO         1944    i.HAL_GetTick       stm32f4xx_hal.o
    0x08000580   0x08000580   0x00000188   Code   RO          533    i.HAL_I2C_Init      stm32f4xx_hal_i2c.o
    0x08000708   0x08000708   0x000000bc   Code   RO          237    i.HAL_I2C_MspInit   i2c.o
    0x080007c4   0x080007c4   0x00000010   Code   RO         1950    i.HAL_IncTick       stm32f4xx_hal.o
    0x080007d4   0x080007d4   0x00000034   Code   RO         1951    i.HAL_Init          stm32f4xx_hal.o
    0x08000808   0x08000808   0x00000040   Code   RO         1952    i.HAL_InitTick      stm32f4xx_hal.o
    0x08000848   0x08000848   0x00000030   Code   RO          498    i.HAL_MspInit       stm32f4xx_hal_msp.o
    0x08000878   0x08000878   0x0000001a   Code   RO         1801    i.HAL_NVIC_EnableIRQ  stm32f4xx_hal_cortex.o
    0x08000892   0x08000892   0x00000002   PAD
    0x08000894   0x08000894   0x00000040   Code   RO         1807    i.HAL_NVIC_SetPriority  stm32f4xx_hal_cortex.o
    0x080008d4   0x080008d4   0x00000024   Code   RO         1808    i.HAL_NVIC_SetPriorityGrouping  stm32f4xx_hal_cortex.o
    0x080008f8   0x080008f8   0x00000134   Code   RO          980    i.HAL_RCC_ClockConfig  stm32f4xx_hal_rcc.o
    0x08000a2c   0x08000a2c   0x00000020   Code   RO          987    i.HAL_RCC_GetPCLK1Freq  stm32f4xx_hal_rcc.o
    0x08000a4c   0x08000a4c   0x00000020   Code   RO          988    i.HAL_RCC_GetPCLK2Freq  stm32f4xx_hal_rcc.o
    0x08000a6c   0x08000a6c   0x00000064   Code   RO          989    i.HAL_RCC_GetSysClockFreq  stm32f4xx_hal_rcc.o
    0x08000ad0   0x08000ad0   0x0000035c   Code   RO          992    i.HAL_RCC_OscConfig  stm32f4xx_hal_rcc.o
    0x08000e2c   0x08000e2c   0x00000028   Code   RO         1812    i.HAL_SYSTICK_Config  stm32f4xx_hal_cortex.o
    0x08000e54   0x08000e54   0x00000002   Code   RO         2866    i.HAL_TIMEx_BreakCallback  stm32f4xx_hal_tim_ex.o
    0x08000e56   0x08000e56   0x00000002   Code   RO         2867    i.HAL_TIMEx_CommutCallback  stm32f4xx_hal_tim_ex.o
    0x08000e58   0x08000e58   0x0000007c   Code   RO         2884    i.HAL_TIMEx_MasterConfigSynchronization  stm32f4xx_hal_tim_ex.o
    0x08000ed4   0x08000ed4   0x00000036   Code   RO         2191    i.HAL_TIM_Base_Init  stm32f4xx_hal_tim.o
    0x08000f0a   0x08000f0a   0x00000002   PAD
    0x08000f0c   0x08000f0c   0x00000058   Code   RO          285    i.HAL_TIM_Base_MspInit  tim.o
    0x08000f64   0x08000f64   0x000000d6   Code   RO         2200    i.HAL_TIM_ConfigClockSource  stm32f4xx_hal_tim.o
    0x0800103a   0x0800103a   0x00000002   Code   RO         2220    i.HAL_TIM_IC_CaptureCallback  stm32f4xx_hal_tim.o
    0x0800103c   0x0800103c   0x0000011e   Code   RO         2222    i.HAL_TIM_IC_ConfigChannel  stm32f4xx_hal_tim.o
    0x0800115a   0x0800115a   0x00000036   Code   RO         2225    i.HAL_TIM_IC_Init   stm32f4xx_hal_tim.o
    0x08001190   0x08001190   0x000000c4   Code   RO          287    i.HAL_TIM_IC_MspInit  tim.o
    0x08001254   0x08001254   0x00000166   Code   RO         2234    i.HAL_TIM_IRQHandler  stm32f4xx_hal_tim.o
    0x080013ba   0x080013ba   0x00000002   PAD
    0x080013bc   0x080013bc   0x00000078   Code   RO          288    i.HAL_TIM_MspPostInit  tim.o
    0x08001434   0x08001434   0x00000002   Code   RO         2237    i.HAL_TIM_OC_DelayElapsedCallback  stm32f4xx_hal_tim.o
    0x08001436   0x08001436   0x000000d0   Code   RO         2258    i.HAL_TIM_PWM_ConfigChannel  stm32f4xx_hal_tim.o
    0x08001506   0x08001506   0x00000036   Code   RO         2261    i.HAL_TIM_PWM_Init  stm32f4xx_hal_tim.o
    0x0800153c   0x0800153c   0x00000002   Code   RO         2263    i.HAL_TIM_PWM_MspInit  stm32f4xx_hal_tim.o
    0x0800153e   0x0800153e   0x00000002   Code   RO         2264    i.HAL_TIM_PWM_PulseFinishedCallback  stm32f4xx_hal_tim.o
    0x08001540   0x08001540   0x00000002   Code   RO         2272    i.HAL_TIM_PeriodElapsedCallback  stm32f4xx_hal_tim.o
    0x08001542   0x08001542   0x00000002   Code   RO         2277    i.HAL_TIM_TriggerCallback  stm32f4xx_hal_tim.o
    0x08001544   0x08001544   0x00000002   Code   RO         3138    i.HAL_UART_ErrorCallback  stm32f4xx_hal_uart.o
    0x08001546   0x08001546   0x00000002   PAD
    0x08001548   0x08001548   0x00000114   Code   RO         3141    i.HAL_UART_IRQHandler  stm32f4xx_hal_uart.o
    0x0800165c   0x0800165c   0x00000062   Code   RO         3142    i.HAL_UART_Init     stm32f4xx_hal_uart.o
    0x080016be   0x080016be   0x00000002   PAD
    0x080016c0   0x080016c0   0x0000007c   Code   RO          363    i.HAL_UART_MspInit  usart.o
    0x0800173c   0x0800173c   0x00000002   Code   RO         3148    i.HAL_UART_RxCpltCallback  stm32f4xx_hal_uart.o
    0x0800173e   0x0800173e   0x00000002   Code   RO         3153    i.HAL_UART_TxCpltCallback  stm32f4xx_hal_uart.o
    0x08001740   0x08001740   0x00000002   Code   RO          406    i.HardFault_Handler  stm32f4xx_it.o
    0x08001742   0x08001742   0x00000002   PAD
    0x08001744   0x08001744   0x0000004c   Code   RO          212    i.MX_GPIO_Init      gpio.o
    0x08001790   0x08001790   0x00000040   Code   RO          238    i.MX_I2C1_Init      i2c.o
    0x080017d0   0x080017d0   0x00000040   Code   RO          239    i.MX_I2C2_Init      i2c.o
    0x08001810   0x08001810   0x00000068   Code   RO          289    i.MX_TIM1_Init      tim.o
    0x08001878   0x08001878   0x00000098   Code   RO          290    i.MX_TIM2_Init      tim.o
    0x08001910   0x08001910   0x000000c8   Code   RO          291    i.MX_TIM3_Init      tim.o
    0x080019d8   0x080019d8   0x0000007c   Code   RO          292    i.MX_TIM4_Init      tim.o
    0x08001a54   0x08001a54   0x00000038   Code   RO          364    i.MX_USART1_UART_Init  usart.o
    0x08001a8c   0x08001a8c   0x00000002   Code   RO          407    i.MemManage_Handler  stm32f4xx_it.o
    0x08001a8e   0x08001a8e   0x00000002   Code   RO          408    i.NMI_Handler       stm32f4xx_it.o
    0x08001a90   0x08001a90   0x00000114   Code   RO         3481    i.OSInit            os_core.o
    0x08001ba4   0x08001ba4   0x00000002   Code   RO         4226    i.OSInitHookBegin   os_cpu_c.o
    0x08001ba6   0x08001ba6   0x00000002   Code   RO         4227    i.OSInitHookEnd     os_cpu_c.o
    0x08001ba8   0x08001ba8   0x00000030   Code   RO         3486    i.OSStart           os_core.o
    0x08001bd8   0x08001bd8   0x00000034   Code   RO         3487    i.OSStatInit        os_core.o
    0x08001c0c   0x08001c0c   0x00000002   Code   RO         4228    i.OSTCBInitHook     os_cpu_c.o
    0x08001c0e   0x08001c0e   0x00000002   PAD
    0x08001c10   0x08001c10   0x00000088   Code   RO         4053    i.OSTaskCreate      os_task.o
    0x08001c98   0x08001c98   0x0000009c   Code   RO         4054    i.OSTaskCreateExt   os_task.o
    0x08001d34   0x08001d34   0x00000002   Code   RO         4229    i.OSTaskCreateHook  os_cpu_c.o
    0x08001d36   0x08001d36   0x00000002   PAD
    0x08001d38   0x08001d38   0x00000134   Code   RO         4055    i.OSTaskDel         os_task.o
    0x08001e6c   0x08001e6c   0x00000002   Code   RO         4230    i.OSTaskDelHook     os_cpu_c.o
    0x08001e6e   0x08001e6e   0x00000002   Code   RO         4231    i.OSTaskIdleHook    os_cpu_c.o
    0x08001e70   0x08001e70   0x00000058   Code   RO         4058    i.OSTaskNameSet     os_task.o
    0x08001ec8   0x08001ec8   0x00000002   Code   RO         4232    i.OSTaskReturnHook  os_cpu_c.o
    0x08001eca   0x08001eca   0x00000002   Code   RO         4233    i.OSTaskStatHook    os_cpu_c.o
    0x08001ecc   0x08001ecc   0x00000074   Code   RO         4063    i.OSTaskStkChk      os_task.o
    0x08001f40   0x08001f40   0x00000144   Code   RO         4234    i.OSTaskStkInit     os_cpu_c.o
    0x08002084   0x08002084   0x00000090   Code   RO         4064    i.OSTaskSuspend     os_task.o
    0x08002114   0x08002114   0x00000002   Code   RO         4235    i.OSTaskSwHook      os_cpu_c.o
    0x08002116   0x08002116   0x00000002   PAD
    0x08002118   0x08002118   0x00000068   Code   RO         4160    i.OSTimeDly         os_time.o
    0x08002180   0x08002180   0x00000002   Code   RO         3490    i.OS_Dummy          os_core.o
    0x08002182   0x08002182   0x00000020   Code   RO         3492    i.OS_EventTaskRemove  os_core.o
    0x080021a2   0x080021a2   0x00000002   PAD
    0x080021a4   0x080021a4   0x00000048   Code   RO         3675    i.OS_FlagInit       os_flag.o
    0x080021ec   0x080021ec   0x00000020   Code   RO         3677    i.OS_FlagUnlink     os_flag.o
    0x0800220c   0x0800220c   0x00000070   Code   RO         3495    i.OS_InitTCBList    os_core.o
    0x0800227c   0x0800227c   0x00000012   Code   RO         3496    i.OS_MemClr         os_core.o
    0x0800228e   0x0800228e   0x00000002   PAD
    0x08002290   0x08002290   0x00000040   Code   RO         3912    i.OS_QInit          os_q.o
    0x080022d0   0x080022d0   0x00000048   Code   RO         3498    i.OS_Sched          os_core.o
    0x08002318   0x08002318   0x00000020   Code   RO         3499    i.OS_SchedNew       os_core.o
    0x08002338   0x08002338   0x000000ec   Code   RO         3501    i.OS_TCBInit        os_core.o
    0x08002424   0x08002424   0x0000001c   Code   RO         3502    i.OS_TaskIdle       os_core.o
    0x08002440   0x08002440   0x00000018   Code   RO         4065    i.OS_TaskReturn     os_task.o
    0x08002458   0x08002458   0x00000058   Code   RO         3503    i.OS_TaskStat       os_core.o
    0x080024b0   0x080024b0   0x00000038   Code   RO         3504    i.OS_TaskStatStkChk  os_core.o
    0x080024e8   0x080024e8   0x00000016   Code   RO         4066    i.OS_TaskStkClr     os_task.o
    0x080024fe   0x080024fe   0x00000002   Code   RO          409    i.SVC_Handler       stm32f4xx_it.o
    0x08002500   0x08002500   0x00000004   Code   RO          410    i.SysTick_Handler   stm32f4xx_it.o
    0x08002504   0x08002504   0x00000090   Code   RO           14    i.SystemClock_Config  main.o
    0x08002594   0x08002594   0x0000001c   Code   RO         3444    i.SystemInit        system_stm32f4xx.o
    0x080025b0   0x080025b0   0x0000000c   Code   RO          411    i.TIM1_UP_TIM10_IRQHandler  stm32f4xx_it.o
    0x080025bc   0x080025bc   0x0000000c   Code   RO          412    i.TIM2_IRQHandler   stm32f4xx_it.o
    0x080025c8   0x080025c8   0x0000000c   Code   RO          413    i.TIM4_IRQHandler   stm32f4xx_it.o
    0x080025d4   0x080025d4   0x00000098   Code   RO         2279    i.TIM_Base_SetConfig  stm32f4xx_hal_tim.o
    0x0800266c   0x0800266c   0x00000014   Code   RO         2290    i.TIM_ETR_SetConfig  stm32f4xx_hal_tim.o
    0x08002680   0x08002680   0x00000010   Code   RO         2291    i.TIM_ITRx_SetConfig  stm32f4xx_hal_tim.o
    0x08002690   0x08002690   0x00000050   Code   RO         2292    i.TIM_OC1_SetConfig  stm32f4xx_hal_tim.o
    0x080026e0   0x080026e0   0x00000058   Code   RO         2293    i.TIM_OC2_SetConfig  stm32f4xx_hal_tim.o
    0x08002738   0x08002738   0x00000058   Code   RO         2294    i.TIM_OC3_SetConfig  stm32f4xx_hal_tim.o
    0x08002790   0x08002790   0x00000044   Code   RO         2295    i.TIM_OC4_SetConfig  stm32f4xx_hal_tim.o
    0x080027d4   0x080027d4   0x00000022   Code   RO         2297    i.TIM_TI1_ConfigInputStage  stm32f4xx_hal_tim.o
    0x080027f6   0x080027f6   0x00000002   PAD
    0x080027f8   0x080027f8   0x0000006c   Code   RO         2298    i.TIM_TI1_SetConfig  stm32f4xx_hal_tim.o
    0x08002864   0x08002864   0x00000024   Code   RO         2299    i.TIM_TI2_ConfigInputStage  stm32f4xx_hal_tim.o
    0x08002888   0x08002888   0x00000036   Code   RO         2300    i.TIM_TI2_SetConfig  stm32f4xx_hal_tim.o
    0x080028be   0x080028be   0x00000010   Code   RO         3155    i.UART_DMAAbortOnError  stm32f4xx_hal_uart.o
    0x080028ce   0x080028ce   0x0000001c   Code   RO         3165    i.UART_EndRxTransfer  stm32f4xx_hal_uart.o
    0x080028ea   0x080028ea   0x00000096   Code   RO         3167    i.UART_Receive_IT   stm32f4xx_hal_uart.o
    0x08002980   0x08002980   0x00000128   Code   RO         3168    i.UART_SetConfig    stm32f4xx_hal_uart.o
    0x08002aa8   0x08002aa8   0x00000062   Code   RO         3169    i.UART_Transmit_IT  stm32f4xx_hal_uart.o
    0x08002b0a   0x08002b0a   0x00000002   PAD
    0x08002b0c   0x08002b0c   0x0000000c   Code   RO          414    i.USART1_IRQHandler  stm32f4xx_it.o
    0x08002b18   0x08002b18   0x00000002   Code   RO          415    i.UsageFault_Handler  stm32f4xx_it.o
    0x08002b1a   0x08002b1a   0x00000020   Code   RO         1814    i.__NVIC_SetPriority  stm32f4xx_hal_cortex.o
    0x08002b3a   0x08002b3a   0x0000000e   Code   RO         4351    i.__scatterload_copy  mc_w.l(handlers.o)
    0x08002b48   0x08002b48   0x00000002   Code   RO         4352    i.__scatterload_null  mc_w.l(handlers.o)
    0x08002b4a   0x08002b4a   0x0000000e   Code   RO         4353    i.__scatterload_zeroinit  mc_w.l(handlers.o)
    0x08002b58   0x08002b58   0x00000030   Code   RO           15    i.led_task          main.o
    0x08002b88   0x08002b88   0x00000048   Code   RO           16    i.main              main.o
    0x08002bd0   0x08002bd0   0x00000030   Code   RO           17    i.start_task        main.o
    0x08002c00   0x08002c00   0x00000010   Data   RO         3445    .constdata          system_stm32f4xx.o
    0x08002c10   0x08002c10   0x00000008   Data   RO         3446    .constdata          system_stm32f4xx.o
    0x08002c18   0x08002c18   0x00000100   Data   RO         3508    .constdata          os_core.o
    0x08002d18   0x08002d18   0x00000020   Data   RO         4349    Region$$Table       anon$$obj.o


    Execution Region RW_IRAM1 (Exec base: 0x20000000, Load base: 0x08002d38, Size: 0x000012c0, Max: 0x00020000, ABSOLUTE)

    Exec Addr    Load Addr    Size         Type   Attr      Idx    E Section Name        Object

    0x20000000   0x08002d38   0x0000000c   Data   RW         1958    .data               stm32f4xx_hal.o
    0x2000000c   0x08002d44   0x00000004   Data   RW         3447    .data               system_stm32f4xx.o
    0x20000010   0x08002d48   0x0000003c   Data   RW         3509    .data               os_core.o
    0x2000004c   0x08002d84   0x00000004   Data   RW         3510    .data               os_core.o
    0x20000050   0x08002d88   0x00000004   Data   RW         3511    .data               os_core.o
    0x20000054        -       0x00000200   Zero   RW           18    .bss                main.o
    0x20000254        -       0x000000a8   Zero   RW          240    .bss                i2c.o
    0x200002fc        -       0x00000100   Zero   RW          293    .bss                tim.o
    0x200003fc        -       0x00000040   Zero   RW          365    .bss                usart.o
    0x2000043c        -       0x000009b8   Zero   RW         3505    .bss                os_core.o
    0x20000df4        -       0x00000050   Zero   RW         3506    .bss                os_core.o
    0x20000e44        -       0x00000078   Zero   RW         3507    .bss                os_core.o
    0x20000ebc   0x08002d8c   0x00000004   PAD
    0x20000ec0        -       0x00000400   Zero   RW            1    STACK               startup_stm32f411xe.o


==============================================================================

Image component sizes


      Code (inc. data)   RO Data    RW Data    ZI Data      Debug   Object Name

        76          6          0          0          0        871   gpio.o
       316         46          0          0        168       2366   i2c.o
       316         30          0          0        512     433391   main.o
      1052        132        256         68       2688      16470   os_core.o
       200         32          0          0          0        324   os_cpu_a.o
       342          6          0          0          0      13893   os_cpu_c.o
       104         12          0          0          0       1602   os_flag.o
        64          8          0          0          0        623   os_q.o
       994        108          0          0          0       7016   os_task.o
       104         22          0          0          0        688   os_time.o
        36          8        408          0       1024        836   startup_stm32f411xe.o
       180         28          0         12          0       9269   stm32f4xx_hal.o
       198         14          0          0          0      33947   stm32f4xx_hal_cortex.o
        36          0          0          0          0       1211   stm32f4xx_hal_dma.o
       414         34          0          0          0       2376   stm32f4xx_hal_gpio.o
       392         16          0          0          0       3103   stm32f4xx_hal_i2c.o
        48          6          0          0          0        854   stm32f4xx_hal_msp.o
      1332         76          0          0          0       5228   stm32f4xx_hal_rcc.o
      1984         70          0          0          0      18227   stm32f4xx_hal_tim.o
       128         20          0          0          0       2453   stm32f4xx_hal_tim_ex.o
       968         16          0          0          0       7459   stm32f4xx_hal_uart.o
        66         24          0          0          0       5580   stm32f4xx_it.o
        28          6         24          4          0       1155   system_stm32f4xx.o
       984         72          0          0        256       5392   tim.o
       180         22          0          0         64       1710   usart.o

    ----------------------------------------------------------------------
     10570        814        720         84       4716     576044   Object Totals
         0          0         32          0          0          0   (incl. Generated)
        28          0          0          0          4          0   (incl. Padding)

    ----------------------------------------------------------------------

      Code (inc. data)   RO Data    RW Data    ZI Data      Debug   Library Member Name

         0          0          0          0          0          0   entry.o
         0          0          0          0          0          0   entry10a.o
         0          0          0          0          0          0   entry11a.o
         4          0          0          0          0          0   entry12b.o
         8          4          0          0          0          0   entry2.o
         4          0          0          0          0          0   entry5.o
         0          0          0          0          0          0   entry7b.o
         0          0          0          0          0          0   entry8b.o
         8          4          0          0          0          0   entry9a.o
        30          0          0          0          0          0   handlers.o
        36          8          0          0          0         68   init.o
        30          0          0          0          0         68   llshl.o
        32          0          0          0          0         68   llushr.o
        36          0          0          0          0        108   memseta.o
        98          0          0          0          0         92   uldiv.o

    ----------------------------------------------------------------------
       286         16          0          0          0        404   Library Totals
         0          0          0          0          0          0   (incl. Padding)

    ----------------------------------------------------------------------

      Code (inc. data)   RO Data    RW Data    ZI Data      Debug   Library Name

       286         16          0          0          0        404   mc_w.l

    ----------------------------------------------------------------------
       286         16          0          0          0        404   Library Totals

    ----------------------------------------------------------------------

==============================================================================


      Code (inc. data)   RO Data    RW Data    ZI Data      Debug   

     10856        830        720         84       4716     565048   Grand Totals
     10856        830        720         84       4716     565048   ELF Image Totals
     10856        830        720         84          0          0   ROM Totals

==============================================================================

    Total RO  Size (Code + RO Data)                11576 (  11.30kB)
    Total RW  Size (RW Data + ZI Data)              4800 (   4.69kB)
    Total ROM Size (Code + RO Data + RW Data)      11660 (  11.39kB)

==============================================================================

