Component: ARM Compiler 5.06 update 7 (build 960) Tool: armlink [4d3601]

==============================================================================

Section Cross References

    startup_stm32f411xe.o(RESET) refers to startup_stm32f411xe.o(STACK) for __initial_sp
    startup_stm32f411xe.o(RESET) refers to startup_stm32f411xe.o(.text) for Reset_Handler
    startup_stm32f411xe.o(RESET) refers to stm32f4xx_it.o(i.NMI_Handler) for NMI_Handler
    startup_stm32f411xe.o(RESET) refers to stm32f4xx_it.o(i.HardFault_Handler) for HardFault_Handler
    startup_stm32f411xe.o(RESET) refers to stm32f4xx_it.o(i.MemManage_Handler) for MemManage_Handler
    startup_stm32f411xe.o(RESET) refers to stm32f4xx_it.o(i.BusFault_Handler) for BusFault_Handler
    startup_stm32f411xe.o(RESET) refers to stm32f4xx_it.o(i.UsageFault_Handler) for UsageFault_Handler
    startup_stm32f411xe.o(RESET) refers to port.o(.emb_text) for SVC_Handler
    startup_stm32f411xe.o(RESET) refers to stm32f4xx_it.o(i.DebugMon_Handler) for DebugMon_Handler
    startup_stm32f411xe.o(RESET) refers to cmsis_os2.o(i.SysTick_Handler) for SysTick_Handler
    startup_stm32f411xe.o(RESET) refers to stm32f4xx_it.o(i.TIM1_UP_TIM10_IRQHandler) for TIM1_UP_TIM10_IRQHandler
    startup_stm32f411xe.o(.text) refers to system_stm32f4xx.o(i.SystemInit) for SystemInit
    startup_stm32f411xe.o(.text) refers to entry.o(.ARM.Collect$$$$00000000) for __main
    main.o(i.HAL_TIM_PeriodElapsedCallback) refers to stm32f4xx_hal.o(i.HAL_IncTick) for HAL_IncTick
    main.o(i.SystemClock_Config) refers to memseta.o(.text) for __aeabi_memclr4
    main.o(i.SystemClock_Config) refers to stm32f4xx_hal_rcc.o(i.HAL_RCC_OscConfig) for HAL_RCC_OscConfig
    main.o(i.SystemClock_Config) refers to main.o(i.Error_Handler) for Error_Handler
    main.o(i.SystemClock_Config) refers to stm32f4xx_hal_rcc.o(i.HAL_RCC_ClockConfig) for HAL_RCC_ClockConfig
    main.o(i.gy86_task) refers to gy-86.o(i.GY86_RawDataUpdate) for GY86_RawDataUpdate
    main.o(i.gy86_task) refers to tasks.o(i.vTaskDelay) for vTaskDelay
    main.o(i.main) refers to stm32f4xx_hal.o(i.HAL_Init) for HAL_Init
    main.o(i.main) refers to main.o(i.SystemClock_Config) for SystemClock_Config
    main.o(i.main) refers to gpio.o(i.MX_GPIO_Init) for MX_GPIO_Init
    main.o(i.main) refers to i2c.o(i.MX_I2C1_Init) for MX_I2C1_Init
    main.o(i.main) refers to i2c.o(i.MX_I2C2_Init) for MX_I2C2_Init
    main.o(i.main) refers to tim.o(i.MX_TIM1_Init) for MX_TIM1_Init
    main.o(i.main) refers to tim.o(i.MX_TIM2_Init) for MX_TIM2_Init
    main.o(i.main) refers to tim.o(i.MX_TIM3_Init) for MX_TIM3_Init
    main.o(i.main) refers to tim.o(i.MX_TIM4_Init) for MX_TIM4_Init
    main.o(i.main) refers to usart.o(i.MX_USART1_UART_Init) for MX_USART1_UART_Init
    main.o(i.main) refers to usart.o(i.MX_USART2_UART_Init) for MX_USART2_UART_Init
    main.o(i.main) refers to usart.o(i.MX_USART6_UART_Init) for MX_USART6_UART_Init
    main.o(i.main) refers to malloc.o(i.malloc) for malloc
    main.o(i.main) refers to main.o(i.system_init) for system_init
    main.o(i.main) refers to cmsis_os2.o(i.osKernelInitialize) for osKernelInitialize
    main.o(i.main) refers to freertos.o(i.MX_FREERTOS_Init) for MX_FREERTOS_Init
    main.o(i.main) refers to tasks.o(i.xTaskCreate) for xTaskCreate
    main.o(i.main) refers to tasks.o(i.vTaskStartScheduler) for vTaskStartScheduler
    main.o(i.main) refers to gy-86.o(.data) for GY86
    main.o(i.main) refers to main.o(.data) for gy86Task_Handler
    main.o(i.main) refers to main.o(i.gy86_task) for gy86_task
    main.o(i.system_init) refers to oled.o(i.OLED_Init) for OLED_Init
    main.o(i.system_init) refers to oled.o(i.OLED_Clear) for OLED_Clear
    main.o(i.system_init) refers to gy-86.o(i.GY86_Init) for GY86_Init
    main.o(i.system_init) refers to oled.o(i.OLED_ShowString) for OLED_ShowString
    main.o(i.system_init) refers to esp8266.o(i.esp8266_cipsend) for esp8266_cipsend
    main.o(i.system_init) refers to stm32f4xx_hal.o(i.HAL_Delay) for HAL_Delay
    main.o(i.system_init) refers to oled.o(i.OLED_Draw_interface) for OLED_Draw_interface
    main.o(i.system_init) refers to gy-86.o(i.GY86_RawDataUpdate) for GY86_RawDataUpdate
    main.o(i.system_init) refers to gauss-newton.o(i.inputDataUpdate) for inputDataUpdate
    main.o(i.system_init) refers to gauss-newton.o(i.GaussNewtonOutput) for GaussNewtonOutput
    gpio.o(i.MX_GPIO_Init) refers to memseta.o(.text) for __aeabi_memclr4
    gpio.o(i.MX_GPIO_Init) refers to stm32f4xx_hal_gpio.o(i.HAL_GPIO_WritePin) for HAL_GPIO_WritePin
    gpio.o(i.MX_GPIO_Init) refers to stm32f4xx_hal_gpio.o(i.HAL_GPIO_Init) for HAL_GPIO_Init
    freertos.o(i.MX_FREERTOS_Init) refers to cmsis_os2.o(i.osThreadNew) for osThreadNew
    freertos.o(i.MX_FREERTOS_Init) refers to freertos.o(.constdata) for defaultTask_attributes
    freertos.o(i.MX_FREERTOS_Init) refers to freertos.o(i.StartDefaultTask) for StartDefaultTask
[...]
    i.MPU_Set_Accel_Fsr                      0x08002e74   Section        0  gy-86.o(i.MPU_Set_Accel_Fsr)
    i.MPU_Set_Gyro_Fsr                       0x08002e86   Section        0  gy-86.o(i.MPU_Set_Gyro_Fsr)
    i.MPU_Set_LPF                            0x08002e98   Section        0  gy-86.o(i.MPU_Set_LPF)
    i.MPU_Set_Rate                           0x08002ed4   Section        0  gy-86.o(i.MPU_Set_Rate)
    i.MPU_Write_Byte                         0x08002f10   Section        0  gy-86.o(i.MPU_Write_Byte)
    i.MX_FREERTOS_Init                       0x08002f44   Section        0  freertos.o(i.MX_FREERTOS_Init)
    i.MX_GPIO_Init                           0x08002f64   Section        0  gpio.o(i.MX_GPIO_Init)
    i.MX_I2C1_Init                           0x0800301c   Section        0  i2c.o(i.MX_I2C1_Init)
    i.MX_I2C2_Init                           0x08003058   Section        0  i2c.o(i.MX_I2C2_Init)
    i.MX_TIM1_Init                           0x08003094   Section        0  tim.o(i.MX_TIM1_Init)
    i.MX_TIM2_Init                           0x0800311c   Section        0  tim.o(i.MX_TIM2_Init)
    i.MX_TIM3_Init                           0x080031a0   Section        0  tim.o(i.MX_TIM3_Init)
    i.MX_TIM4_Init                           0x0800324c   Section        0  tim.o(i.MX_TIM4_Init)
    i.MX_USART1_UART_Init                    0x080032d4   Section        0  usart.o(i.MX_USART1_UART_Init)
    i.MX_USART2_UART_Init                    0x0800330c   Section        0  usart.o(i.MX_USART2_UART_Init)
    i.MX_USART6_UART_Init                    0x08003344   Section        0  usart.o(i.MX_USART6_UART_Init)
    i.MemManage_Handler                      0x0800337c   Section        0  stm32f4xx_it.o(i.MemManage_Handler)
    i.NMI_Handler                            0x08003380   Section        0  stm32f4xx_it.o(i.NMI_Handler)
    i.OLED_Clear                             0x08003384   Section        0  oled.o(i.OLED_Clear)
    i.OLED_Draw_interface                    0x080033bc   Section        0  oled.o(i.OLED_Draw_interface)
    i.OLED_Init                              0x08003510   Section        0  oled.o(i.OLED_Init)
    i.OLED_Set_Pos                           0x0800351e   Section        0  oled.o(i.OLED_Set_Pos)
    i.OLED_ShowChar                          0x08003544   Section        0  oled.o(i.OLED_ShowChar)
    i.OLED_ShowString                        0x080035e0   Section        0  oled.o(i.OLED_ShowString)
    i.OLED_WR_CMD                            0x0800361c   Section        0  oled.o(i.OLED_WR_CMD)
    i.OLED_WR_DATA                           0x08003644   Section        0  oled.o(i.OLED_WR_DATA)
    i.ResetBeta                              0x0800366c   Section        0  gauss-newton.o(i.ResetBeta)
    ResetBeta                                0x0800366d   Thumb Code   194  gauss-newton.o(i.ResetBeta)
    i.ResetMatrices                          0x08003730   Section        0  gauss-newton.o(i.ResetMatrices)
    ResetMatrices                            0x08003731   Thumb Code    64  gauss-newton.o(i.ResetMatrices)
    i.StartDefaultTask                       0x08003774   Section        0  freertos.o(i.StartDefaultTask)
    i.SysTick_Handler                        0x0800377e   Section        0  cmsis_os2.o(i.SysTick_Handler)
    i.SystemClock_Config                     0x08003794   Section        0  main.o(i.SystemClock_Config)
    i.SystemInit                             0x08003844   Section        0  system_stm32f4xx.o(i.SystemInit)
    i.TIM1_UP_TIM10_IRQHandler               0x08003858   Section        0  stm32f4xx_it.o(i.TIM1_UP_TIM10_IRQHandler)
    i.TIM_Base_SetConfig                     0x08003870   Section        0  stm32f4xx_hal_tim.o(i.TIM_Base_SetConfig)
    i.TIM_OC1_SetConfig                      0x08003914   Section        0  stm32f4xx_hal_tim.o(i.TIM_OC1_SetConfig)
    TIM_OC1_SetConfig                        0x08003915   Thumb Code    90  stm32f4xx_hal_tim.o(i.TIM_OC1_SetConfig)
    i.TIM_OC2_SetConfig                      0x08003974   Section        0  stm32f4xx_hal_tim.o(i.TIM_OC2_SetConfig)
    i.TIM_OC3_SetConfig                      0x080039dc   Section        0  stm32f4xx_hal_tim.o(i.TIM_OC3_SetConfig)
    TIM_OC3_SetConfig                        0x080039dd   Thumb Code    98  stm32f4xx_hal_tim.o(i.TIM_OC3_SetConfig)
    i.TIM_OC4_SetConfig                      0x08003a44   Section        0  stm32f4xx_hal_tim.o(i.TIM_OC4_SetConfig)
    TIM_OC4_SetConfig                        0x08003a45   Thumb Code    68  stm32f4xx_hal_tim.o(i.TIM_OC4_SetConfig)
    i.TIM_TI1_SetConfig                      0x08003a8c   Section        0  stm32f4xx_hal_tim.o(i.TIM_TI1_SetConfig)
    i.TIM_TI2_SetConfig                      0x08003b08   Section        0  stm32f4xx_hal_tim.o(i.TIM_TI2_SetConfig)
    TIM_TI2_SetConfig                        0x08003b09   Thumb Code    58  stm32f4xx_hal_tim.o(i.TIM_TI2_SetConfig)
    i.TIM_TI3_SetConfig                      0x08003b42   Section        0  stm32f4xx_hal_tim.o(i.TIM_TI3_SetConfig)
    TIM_TI3_SetConfig                        0x08003b43   Thumb Code    56  stm32f4xx_hal_tim.o(i.TIM_TI3_SetConfig)
    i.TIM_TI4_SetConfig                      0x08003b7a   Section        0  stm32f4xx_hal_tim.o(i.TIM_TI4_SetConfig)
    TIM_TI4_SetConfig                        0x08003b7b   Thumb Code    60  stm32f4xx_hal_tim.o(i.TIM_TI4_SetConfig)
    i.UART_SetConfig                         0x08003bb8   Section        0  stm32f4xx_hal_uart.o(i.UART_SetConfig)
    UART_SetConfig                           0x08003bb9   Thumb Code   546  stm32f4xx_hal_uart.o(i.UART_SetConfig)
    i.UART_WaitOnFlagUntilTimeout            0x08003de4   Section        0  stm32f4xx_hal_uart.o(i.UART_WaitOnFlagUntilTimeout)
    UART_WaitOnFlagUntilTimeout              0x08003de5   Thumb Code   146  stm32f4xx_hal_uart.o(i.UART_WaitOnFlagUntilTimeout)
    i.UpdateMatrices                         0x08003e78   Section        0  gauss-newton.o(i.UpdateMatrices)
    UpdateMatrices                           0x08003e79   Thumb Code   442  gauss-newton.o(i.UpdateMatrices)
    i.UsageFault_Handler                     0x08004038   Section        0  stm32f4xx_it.o(i.UsageFault_Handler)
    i.WriteCmd                               0x0800403c   Section        0  oled.o(i.WriteCmd)
    i.__0printf$2                            0x08004074   Section        0  printf2.o(i.__0printf$2)
    i.__NVIC_GetPriorityGrouping             0x08004094   Section        0  stm32f4xx_hal_cortex.o(i.__NVIC_GetPriorityGrouping)
    __NVIC_GetPriorityGrouping               0x08004095   Thumb Code    10  stm32f4xx_hal_cortex.o(i.__NVIC_GetPriorityGrouping)
    i.__NVIC_SetPriority                     0x080040a4   Section        0  stm32f4xx_hal_cortex.o(i.__NVIC_SetPriority)
    __NVIC_SetPriority                       0x080040a5   Thumb Code    32  stm32f4xx_hal_cortex.o(i.__NVIC_SetPriority)
    i.__get_IPSR                             0x080040cc   Section        0  cmsis_os2.o(i.__get_IPSR)
    __get_IPSR                               0x080040cd   Thumb Code     6  cmsis_os2.o(i.__get_IPSR)
    i.__scatterload_copy                     0x080040d2   Section       14  handlers.o(i.__scatterload_copy)
    i.__scatterload_null                     0x080040e0   Section        2  handlers.o(i.__scatterload_null)
    i.__scatterload_zeroinit                 0x080040e2   Section       14  handlers.o(i.__scatterload_zeroinit)
    i._printf_core                           0x080040f0   Section        0  printf2.o(i._printf_core)
    _printf_core                             0x080040f1   Thumb Code   214  printf2.o(i._printf_core)
    i.esp8266_cipsend                        0x080041c8   Section        0  esp8266.o(i.esp8266_cipsend)
    i.fputc                                  0x080041e0   Section        0  usart.o(i.fputc)
    i.gy86_task                              0x080041fc   Section        0  main.o(i.gy86_task)
    i.inputDataUpdate                        0x0800420c   Section        0  gauss-newton.o(i.inputDataUpdate)
    i.main                                   0x0800429c   Section        0  main.o(i.main)
    i.malloc                                 0x0800431c   Section        0  malloc.o(i.malloc)
    i.osDelay                                0x08004388   Section        0  cmsis_os2.o(i.osDelay)
    i.osKernelInitialize                     0x080043a8   Section        0  cmsis_os2.o(i.osKernelInitialize)
    i.osThreadNew                            0x080043d4   Section        0  cmsis_os2.o(i.osThreadNew)
    i.prvAddCurrentTaskToDelayedList         0x0800448c   Section        0  tasks.o(i.prvAddCurrentTaskToDelayedList)
    prvAddCurrentTaskToDelayedList           0x0800448d   Thumb Code   100  tasks.o(i.prvAddCurrentTaskToDelayedList)
    i.prvAddNewTaskToReadyList               0x08004508   Section        0  tasks.o(i.prvAddNewTaskToReadyList)
    prvAddNewTaskToReadyList                 0x08004509   Thumb Code   154  tasks.o(i.prvAddNewTaskToReadyList)
    i.prvCheckForValidListAndQueue           0x080045c0   Section        0  timers.o(i.prvCheckForValidListAndQueue)
    prvCheckForValidListAndQueue             0x080045c1   Thumb Code    78  timers.o(i.prvCheckForValidListAndQueue)
    i.prvCheckTasksWaitingTermination        0x08004634   Section        0  tasks.o(i.prvCheckTasksWaitingTermination)
    prvCheckTasksWaitingTermination          0x08004635   Thumb Code    60  tasks.o(i.prvCheckTasksWaitingTermination)
    i.prvCopyDataFromQueue                   0x0800467c   Section        0  queue.o(i.prvCopyDataFromQueue)
    prvCopyDataFromQueue                     0x0800467d   Thumb Code    42  queue.o(i.prvCopyDataFromQueue)
    i.prvCopyDataToQueue                     0x080046a6   Section        0  queue.o(i.prvCopyDataToQueue)
    prvCopyDataToQueue                       0x080046a7   Thumb Code   126  queue.o(i.prvCopyDataToQueue)
    i.prvDeleteTCB                           0x08004724   Section        0  tasks.o(i.prvDeleteTCB)
    prvDeleteTCB                             0x08004725   Thumb Code    80  tasks.o(i.prvDeleteTCB)
    i.prvGetNextExpireTime                   0x08004774   Section        0  timers.o(i.prvGetNextExpireTime)
    prvGetNextExpireTime                     0x08004775   Thumb Code    36  timers.o(i.prvGetNextExpireTime)
    i.prvHeapInit                            0x0800479c   Section        0  heap_4.o(i.prvHeapInit)
    prvHeapInit                              0x0800479d   Thumb Code    98  heap_4.o(i.prvHeapInit)
    i.prvIdleTask                            0x08004818   Section        0  tasks.o(i.prvIdleTask)
    prvIdleTask                              0x08004819   Thumb Code    32  tasks.o(i.prvIdleTask)
    i.prvInitialiseNewQueue                  0x08004840   Section        0  queue.o(i.prvInitialiseNewQueue)
    prvInitialiseNewQueue                    0x08004841   Thumb Code    42  queue.o(i.prvInitialiseNewQueue)
    i.prvInitialiseNewTask                   0x0800486a   Section        0  tasks.o(i.prvInitialiseNewTask)
    prvInitialiseNewTask                     0x0800486b   Thumb Code   190  tasks.o(i.prvInitialiseNewTask)
    i.prvInitialiseTaskLists                 0x08004928   Section        0  tasks.o(i.prvInitialiseTaskLists)
    prvInitialiseTaskLists                   0x08004929   Thumb Code    70  tasks.o(i.prvInitialiseTaskLists)
    i.prvInsertBlockIntoFreeList             0x08004990   Section        0  heap_4.o(i.prvInsertBlockIntoFreeList)
    prvInsertBlockIntoFreeList               0x08004991   Thumb Code    96  heap_4.o(i.prvInsertBlockIntoFreeList)
    i.prvInsertTimerInActiveList             0x080049f8   Section        0  timers.o(i.prvInsertTimerInActiveList)
    prvInsertTimerInActiveList               0x080049f9   Thumb Code    80  timers.o(i.prvInsertTimerInActiveList)
    i.prvIsQueueEmpty                        0x08004a50   Section        0  queue.o(i.prvIsQueueEmpty)
    prvIsQueueEmpty                          0x08004a51   Thumb Code    26  queue.o(i.prvIsQueueEmpty)
    i.prvIsQueueFull                         0x08004a6a   Section        0  queue.o(i.prvIsQueueFull)
    prvIsQueueFull                           0x08004a6b   Thumb Code    30  queue.o(i.prvIsQueueFull)
    i.prvProcessExpiredTimer                 0x08004a88   Section        0  timers.o(i.prvProcessExpiredTimer)
    prvProcessExpiredTimer                   0x08004a89   Thumb Code   110  timers.o(i.prvProcessExpiredTimer)
    i.prvProcessReceivedCommands             0x08004afc   Section        0  timers.o(i.prvProcessReceivedCommands)
    prvProcessReceivedCommands               0x08004afd   Thumb Code   350  timers.o(i.prvProcessReceivedCommands)
    i.prvProcessTimerOrBlockTask             0x08004c60   Section        0  timers.o(i.prvProcessTimerOrBlockTask)
    prvProcessTimerOrBlockTask               0x08004c61   Thumb Code   102  timers.o(i.prvProcessTimerOrBlockTask)
    i.prvResetNextTaskUnblockTime            0x08004cd4   Section        0  tasks.o(i.prvResetNextTaskUnblockTime)
    prvResetNextTaskUnblockTime              0x08004cd5   Thumb Code    42  tasks.o(i.prvResetNextTaskUnblockTime)
    i.prvSampleTimeNow                       0x08004d08   Section        0  timers.o(i.prvSampleTimeNow)
    prvSampleTimeNow                         0x08004d09   Thumb Code    40  timers.o(i.prvSampleTimeNow)
    i.prvSwitchTimerLists                    0x08004d34   Section        0  timers.o(i.prvSwitchTimerLists)
    prvSwitchTimerLists                      0x08004d35   Thumb Code   154  timers.o(i.prvSwitchTimerLists)
    i.prvTaskExitError                       0x08004dd8   Section        0  port.o(i.prvTaskExitError)
    prvTaskExitError                         0x08004dd9   Thumb Code    60  port.o(i.prvTaskExitError)
    i.prvTimerTask                           0x08004e18   Section        0  timers.o(i.prvTimerTask)
    prvTimerTask                             0x08004e19   Thumb Code    26  timers.o(i.prvTimerTask)
    i.prvUnlockQueue                         0x08004e32   Section        0  queue.o(i.prvUnlockQueue)
    prvUnlockQueue                           0x08004e33   Thumb Code   126  queue.o(i.prvUnlockQueue)
    i.pvPortMalloc                           0x08004eb0   Section        0  heap_4.o(i.pvPortMalloc)
    i.pxPortInitialiseStack                  0x08004ffc   Section        0  port.o(i.pxPortInitialiseStack)
    i.system_init                            0x08005028   Section        0  main.o(i.system_init)
    i.uxListRemove                           0x080050b0   Section        0  list.o(i.uxListRemove)
    i.vApplicationGetIdleTaskMemory          0x080050d8   Section        0  cmsis_os2.o(i.vApplicationGetIdleTaskMemory)
    i.vApplicationGetTimerTaskMemory         0x080050f0   Section        0  cmsis_os2.o(i.vApplicationGetTimerTaskMemory)
    i.vListInitialise                        0x08005108   Section        0  list.o(i.vListInitialise)
    i.vListInitialiseItem                    0x08005122   Section        0  list.o(i.vListInitialiseItem)
    i.vListInsert                            0x08005128   Section        0  list.o(i.vListInsert)
    i.vListInsertEnd                         0x0800515c   Section        0  list.o(i.vListInsertEnd)
    i.vPortEnterCritical                     0x08005174   Section        0  port.o(i.vPortEnterCritical)
    i.vPortExitCritical                      0x080051c8   Section        0  port.o(i.vPortExitCritical)
    i.vPortFree                              0x08005204   Section        0  heap_4.o(i.vPortFree)
    i.vPortSetupTimerInterrupt               0x080052a8   Section        0  port.o(i.vPortSetupTimerInterrupt)
    i.vPortValidateInterruptPriority         0x080052d0   Section        0  port.o(i.vPortValidateInterruptPriority)
    i.vQueueAddToRegistry                    0x08005348   Section        0  queue.o(i.vQueueAddToRegistry)
    i.vQueueWaitForMessageRestricted         0x08005374   Section        0  queue.o(i.vQueueWaitForMessageRestricted)
    i.vTaskDelay                             0x080053c0   Section        0  tasks.o(i.vTaskDelay)
    i.vTaskInternalSetTimeOutState           0x0800541c   Section        0  tasks.o(i.vTaskInternalSetTimeOutState)
    i.vTaskMissedYield                       0x08005434   Section        0  tasks.o(i.vTaskMissedYield)
    i.vTaskPlaceOnEventList                  0x08005440   Section        0  tasks.o(i.vTaskPlaceOnEventList)
    i.vTaskPlaceOnEventListRestricted        0x08005478   Section        0  tasks.o(i.vTaskPlaceOnEventListRestricted)
    i.vTaskStartScheduler                    0x080054b8   Section        0  tasks.o(i.vTaskStartScheduler)
    i.vTaskSuspendAll                        0x08005570   Section        0  tasks.o(i.vTaskSuspendAll)
    i.vTaskSwitchContext                     0x08005580   Section        0  tasks.o(i.vTaskSwitchContext)
    i.xPortStartScheduler                    0x08005610   Section        0  port.o(i.xPortStartScheduler)
    i.xPortSysTickHandler                    0x08005778   Section        0  port.o(i.xPortSysTickHandler)
    i.xQueueGenericCreateStatic              0x080057ac   Section        0  queue.o(i.xQueueGenericCreateStatic)
    i.xQueueGenericReset                     0x0800588c   Section        0  queue.o(i.xQueueGenericReset)
    i.xQueueGenericSend                      0x08005924   Section        0  queue.o(i.xQueueGenericSend)
    i.xQueueGenericSendFromISR               0x08005acc   Section        0  queue.o(i.xQueueGenericSendFromISR)
    i.xQueueReceive                          0x08005bc8   Section        0  queue.o(i.xQueueReceive)
    i.xTaskCheckForTimeOut                   0x08005d30   Section        0  tasks.o(i.xTaskCheckForTimeOut)
    i.xTaskCreate                            0x08005dbc   Section        0  tasks.o(i.xTaskCreate)
    i.xTaskCreateStatic                      0x08005e20   Section        0  tasks.o(i.xTaskCreateStatic)
    i.xTaskGetSchedulerState                 0x08005edc   Section        0  tasks.o(i.xTaskGetSchedulerState)
    i.xTaskGetTickCount                      0x08005efc   Section        0  tasks.o(i.xTaskGetTickCount)
    i.xTaskIncrementTick                     0x08005f08   Section        0  tasks.o(i.xTaskIncrementTick)
    i.xTaskPriorityDisinherit                0x0800604c   Section        0  tasks.o(i.xTaskPriorityDisinherit)
    i.xTaskRemoveFromEventList               0x080060f0   Section        0  tasks.o(i.xTaskRemoveFromEventList)
    i.xTaskResumeAll                         0x08006188   Section        0  tasks.o(i.xTaskResumeAll)
    i.xTimerCreateTimerTask                  0x0800628c   Section        0  timers.o(i.xTimerCreateTimerTask)
    i.xTimerGenericCommand                   0x08006304   Section        0  timers.o(i.xTimerGenericCommand)
    .constdata                               0x08006388   Section       36  freertos.o(.constdata)
    .constdata                               0x080063ac   Section       24  system_stm32f4xx.o(.constdata)
    .constdata                               0x080063c4   Section     2072  oled.o(.constdata)
    .constdata                               0x08006bdc   Section       24  gauss-newton.o(.constdata)
    .conststring                             0x08006bf4   Section       12  freertos.o(.conststring)
    .data                                    0x20000000   Section        4  main.o(.data)
    .data                                    0x20000004   Section        4  freertos.o(.data)
    .data                                    0x20000008   Section        9  stm32f4xx_hal.o(.data)
    .data                                    0x20000014   Section        4  system_stm32f4xx.o(.data)
    .data                                    0x20000018   Section       60  tasks.o(.data)
    pxDelayedTaskList                        0x2000001c   Data           4  tasks.o(.data)
    pxOverflowDelayedTaskList                0x20000020   Data           4  tasks.o(.data)
    uxDeletedTasksWaitingCleanUp             0x20000024   Data           4  tasks.o(.data)
    uxCurrentNumberOfTasks                   0x20000028   Data           4  tasks.o(.data)
    xTickCount                               0x2000002c   Data           4  tasks.o(.data)
    uxTopReadyPriority                       0x20000030   Data           4  tasks.o(.data)
    xSchedulerRunning                        0x20000034   Data           4  tasks.o(.data)
    xPendedTicks                             0x20000038   Data           4  tasks.o(.data)
    xYieldPending                            0x2000003c   Data           4  tasks.o(.data)
    xNumOfOverflows                          0x20000040   Data           4  tasks.o(.data)
    uxTaskNumber                             0x20000044   Data           4  tasks.o(.data)
    xNextTaskUnblockTime                     0x20000048   Data           4  tasks.o(.data)
    xIdleTaskHandle                          0x2000004c   Data           4  tasks.o(.data)
    uxSchedulerSuspended                     0x20000050   Data           4  tasks.o(.data)
    .data                                    0x20000054   Section       20  timers.o(.data)
    pxCurrentTimerList                       0x20000054   Data           4  timers.o(.data)
    pxOverflowTimerList                      0x20000058   Data           4  timers.o(.data)
    xTimerQueue                              0x2000005c   Data           4  timers.o(.data)
    xTimerTaskHandle                         0x20000060   Data           4  timers.o(.data)
    xLastTime                                0x20000064   Data           4  timers.o(.data)
    .data                                    0x20000068   Section        4  cmsis_os2.o(.data)
    KernelState                              0x20000068   Data           4  cmsis_os2.o(.data)
    .data                                    0x2000006c   Section       32  heap_4.o(.data)
    xStart                                   0x2000006c   Data           8  heap_4.o(.data)
    pxEnd                                    0x20000074   Data           4  heap_4.o(.data)
    xFreeBytesRemaining                      0x20000078   Data           4  heap_4.o(.data)
    xMinimumEverFreeBytesRemaining           0x2000007c   Data           4  heap_4.o(.data)
    xNumberOfSuccessfulAllocations           0x20000080   Data           4  heap_4.o(.data)
    xNumberOfSuccessfulFrees                 0x20000084   Data           4  heap_4.o(.data)
    xBlockAllocatedBit                       0x20000088   Data           4  heap_4.o(.data)
    .data                                    0x2000008c   Section       12  port.o(.data)
    uxCriticalNesting                        0x2000008c   Data           4  port.o(.data)
    ucMaxSysCallPriority                     0x20000090   Data           1  port.o(.data)
    ulMaxPRIGROUPValue                       0x20000094   Data           4  port.o(.data)
    .data                                    0x20000098   Section        4  gy-86.o(.data)
    .data                                    0x2000009c   Section       31  oled.o(.data)
    .data                                    0x200000bc   Section        4  gauss-newton.o(.data)
    .data                                    0x200000c0   Section        4  stdout.o(.data)
    .data                                    0x200000c4   Section        4  mvars.o(.data)
    .data                                    0x200000c8   Section        4  mvars.o(.data)
    .bss                                     0x200000cc   Section      168  i2c.o(.bss)
    .bss                                     0x20000174   Section      288  tim.o(.bss)
    .bss                                     0x20000294   Section      204  usart.o(.bss)
    .bss                                     0x20000360   Section       72  stm32f4xx_hal_timebase_tim.o(.bss)
    .bss                                     0x200003a8   Section       64  queue.o(.bss)
    .bss                                     0x200003e8   Section     1220  tasks.o(.bss)
    pxReadyTasksLists                        0x200003e8   Data        1120  tasks.o(.bss)
    xDelayedTaskList1                        0x20000848   Data          20  tasks.o(.bss)
    xDelayedTaskList2                        0x2000085c   Data          20  tasks.o(.bss)
    xPendingReadyList                        0x20000870   Data          20  tasks.o(.bss)
    xTasksWaitingTermination                 0x20000884   Data          20  tasks.o(.bss)
    xSuspendedTaskList                       0x20000898   Data          20  tasks.o(.bss)
    .bss                                     0x200008ac   Section      280  timers.o(.bss)
    xActiveTimerList1                        0x200008ac   Data          20  timers.o(.bss)
    xActiveTimerList2                        0x200008c0   Data          20  timers.o(.bss)
    xStaticTimerQueue                        0x200008d4   Data          80  timers.o(.bss)
    ucStaticTimerQueueStorage                0x20000924   Data         160  timers.o(.bss)
    .bss                                     0x200009c4   Section     1720  cmsis_os2.o(.bss)
    Idle_TCB                                 0x200009c4   Data          92  cmsis_os2.o(.bss)
    Idle_Stack                               0x20000a20   Data         512  cmsis_os2.o(.bss)
    Timer_TCB                                0x20000c20   Data          92  cmsis_os2.o(.bss)
    Timer_Stack                              0x20000c7c   Data        1024  cmsis_os2.o(.bss)
    .bss                                     0x2000107c   Section    15360  heap_4.o(.bss)
    ucHeap                                   0x2000107c   Data       15360  heap_4.o(.bss)
    .bss                                     0x20004c7c   Section      216  gy-86.o(.bss)
    HEAP                                     0x20004d58   Section      512  startup_stm32f411xe.o(HEAP)
    STACK                                    0x20004f58   Section     1024  startup_stm32f411xe.o(STACK)

    Global Symbols

    Symbol Name                              Value     Ov Type        Size  Object(Section)

    BuildAttributes$$THM_ISAv4$E$P$D$K$B$S$7EM$VFPi3$EXTD16$VFPS$VFMA$PE$A:L22UL41UL21$X:L11$S22US41US21$IEEE1$IW$USESV6$~STKCKD$USESV7$~SHL$OSPACE$ROPI$EBA8$MICROLIB$REQ8$PRES8$EABIv2 0x00000000   Number         0  anon$$obj.o ABSOLUTE
    __ARM_use_no_argv                        0x00000000   Number         0  main.o ABSOLUTE
    _printf_a                                0x00000000   Number         0  stubs.o ABSOLUTE
    _printf_c                                0x00000000   Number         0  stubs.o ABSOLUTE
    _printf_charcount                        0x00000000   Number         0  stubs.o ABSOLUTE
    _printf_d                                0x00000000   Number         0  stubs.o ABSOLUTE
    _printf_e                                0x00000000   Number         0  stubs.o ABSOLUTE
    _printf_f                                0x00000000   Number         0  stubs.o ABSOLUTE
    _printf_flags                            0x00000000   Number         0  stubs.o ABSOLUTE
    _printf_fp_dec                           0x00000000   Number         0  stubs.o ABSOLUTE
    _printf_fp_hex                           0x00000000   Number         0  stubs.o ABSOLUTE
    _printf_g                                0x00000000   Number         0  stubs.o ABSOLUTE
    _printf_i                                0x00000000   Number         0  stubs.o ABSOLUTE
    _printf_int_dec                          0x00000000   Number         0  stubs.o ABSOLUTE
    _printf_l                                0x00000000   Number         0  stubs.o ABSOLUTE
    _printf_lc                               0x00000000   Number         0  stubs.o ABSOLUTE
    _printf_ll                               0x00000000   Number         0  stubs.o ABSOLUTE
    _printf_lld                              0x00000000   Number         0  stubs.o ABSOLUTE
    _printf_lli                              0x00000000   Number         0  stubs.o ABSOLUTE
    _printf_llo                              0x00000000   Number         0  stubs.o ABSOLUTE
    _printf_llu                              0x00000000   Number         0  stubs.o ABSOLUTE
    _printf_llx                              0x00000000   Number         0  stubs.o ABSOLUTE
    _printf_longlong_dec                     0x00000000   Number         0  stubs.o ABSOLUTE
    _printf_longlong_hex                     0x00000000   Number         0  stubs.o ABSOLUTE
    _printf_longlong_oct                     0x00000000   Number         0  stubs.o ABSOLUTE
    _printf_ls                               0x00000000   Number         0  stubs.o ABSOLUTE
    _printf_mbtowc                           0x00000000   Number         0  stubs.o ABSOLUTE
    _printf_n                                0x00000000   Number         0  stubs.o ABSOLUTE
    _printf_o                                0x00000000   Number         0  stubs.o ABSOLUTE
    _printf_p                                0x00000000   Number         0  stubs.o ABSOLUTE
    _printf_percent                          0x00000000   Number         0  stubs.o ABSOLUTE
    _printf_pre_padding                      0x00000000   Number         0  stubs.o ABSOLUTE
    _printf_return_value                     0x00000000   Number         0  stubs.o ABSOLUTE
    _printf_s                                0x00000000   Number         0  stubs.o ABSOLUTE
    _printf_sizespec                         0x00000000   Number         0  stubs.o ABSOLUTE
    _printf_str                              0x00000000   Number         0  stubs.o ABSOLUTE
    _printf_truncate_signed                  0x00000000   Number         0  stubs.o ABSOLUTE
    _printf_truncate_unsigned                0x00000000   Number         0  stubs.o ABSOLUTE
    _printf_u                                0x00000000   Number         0  stubs.o ABSOLUTE
    _printf_wc                               0x00000000   Number         0  stubs.o ABSOLUTE
    _printf_wctomb                           0x00000000   Number         0  stubs.o ABSOLUTE
    _printf_widthprec                        0x00000000   Number         0  stubs.o ABSOLUTE
    _printf_x                                0x00000000   Number         0  stubs.o ABSOLUTE
    __arm_fini_                               - Undefined Weak Reference
    __cpp_initialize__aeabi_                  - Undefined Weak Reference
    __cxa_finalize                            - Undefined Weak Reference
    __decompress                              - Undefined Weak Reference
    _clock_init                               - Undefined Weak Reference
    _microlib_exit                            - Undefined Weak Reference
    __Vectors_Size                           0x00000198   Number         0  startup_stm32f411xe.o ABSOLUTE
    __Vectors                                0x08000000   Data           4  startup_stm32f411xe.o(RESET)
    __Vectors_End                            0x08000198   Data           0  startup_stm32f411xe.o(RESET)
    __main                                   0x08000199   Thumb Code     0  entry.o(.ARM.Collect$$$$00000000)
    _main_stk                                0x08000199   Thumb Code     0  entry2.o(.ARM.Collect$$$$00000001)
    _main_scatterload                        0x0800019d   Thumb Code     0  entry5.o(.ARM.Collect$$$$00000004)
    __main_after_scatterload                 0x080001a1   Thumb Code     0  entry5.o(.ARM.Collect$$$$00000004)
    _main_clock                              0x080001a1   Thumb Code     0  entry7b.o(.ARM.Collect$$$$00000008)
    _main_cpp_init                           0x080001a1   Thumb Code     0  entry8b.o(.ARM.Collect$$$$0000000A)
    _main_init                               0x080001a1   Thumb Code     0  entry9a.o(.ARM.Collect$$$$0000000B)
    __rt_lib_shutdown_fini                   0x080001a9   Thumb Code     0  entry12b.o(.ARM.Collect$$$$0000000E)
    __rt_final_cpp                           0x080001ad   Thumb Code     0  entry10a.o(.ARM.Collect$$$$0000000F)
    __rt_final_exit                          0x080001ad   Thumb Code     0  entry11a.o(.ARM.Collect$$$$00000011)
    SVC_Handler                              0x080001b1   Thumb Code    28  port.o(.emb_text)
    __asm___6_port_c_39a90d8d__prvStartFirstTask 0x080001d1   Thumb Code    36  port.o(.emb_text)
    __asm___6_port_c_39a90d8d__prvEnableVFP  0x080001f9   Thumb Code    16  port.o(.emb_text)
    PendSV_Handler                           0x0800020d   Thumb Code    88  port.o(.emb_text)
    vPortGetIPSR                             0x08000269   Thumb Code     6  port.o(.emb_text)
    Reset_Handler                            0x08000271   Thumb Code     8  startup_stm32f411xe.o(.text)
    ADC_IRQHandler                           0x0800028b   Thumb Code     0  startup_stm32f411xe.o(.text)
    DMA1_Stream0_IRQHandler                  0x0800028b   Thumb Code     0  startup_stm32f411xe.o(.text)
    DMA1_Stream1_IRQHandler                  0x0800028b   Thumb Code     0  startup_stm32f411xe.o(.text)
    DMA1_Stream2_IRQHandler                  0x0800028b   Thumb Code     0  startup_stm32f411xe.o(.text)
    DMA1_Stream3_IRQHandler                  0x0800028b   Thumb Code     0  startup_stm32f411xe.o(.text)
    DMA1_Stream4_IRQHandler                  0x0800028b   Thumb Code     0  startup_stm32f411xe.o(.text)
    DMA1_Stream5_IRQHandler                  0x0800028b   Thumb Code     0  startup_stm32f411xe.o(.text)
    DMA1_Stream6_IRQHandler                  0x0800028b   Thumb Code     0  startup_stm32f411xe.o(.text)
    DMA1_Stream7_IRQHandler                  0x0800028b   Thumb Code     0  startup_stm32f411xe.o(.text)
    DMA2_Stream0_IRQHandler                  0x0800028b   Thumb Code     0  startup_stm32f411xe.o(.text)
    DMA2_Stream1_IRQHandler                  0x0800028b   Thumb Code     0  startup_stm32f411xe.o(.text)
    DMA2_Stream2_IRQHandler                  0x0800028b   Thumb Code     0  startup_stm32f411xe.o(.text)
    DMA2_Stream3_IRQHandler                  0x0800028b   Thumb Code     0  startup_stm32f411xe.o(.text)
    DMA2_Stream4_IRQHandler                  0x0800028b   Thumb Code     0  startup_stm32f411xe.o(.text)
    DMA2_Stream5_IRQHandler                  0x0800028b   Thumb Code     0  startup_stm32f411xe.o(.text)
    DMA2_Stream6_IRQHandler                  0x0800028b   Thumb Code     0  startup_stm32f411xe.o(.text)
    DMA2_Stream7_IRQHandler                  0x0800028b   Thumb Code     0  startup_stm32f411xe.o(.text)
    EXTI0_IRQHandler                         0x0800028b   Thumb Code     0  startup_stm32f411xe.o(.text)
    EXTI15_10_IRQHandler                     0x0800028b   Thumb Code     0  startup_stm32f411xe.o(.text)
    EXTI1_IRQHandler                         0x0800028b   Thumb Code     0  startup_stm32f411xe.o(.text)
    EXTI2_IRQHandler                         0x0800028b   Thumb Code     0  startup_stm32f411xe.o(.text)
    EXTI3_IRQHandler                         0x0800028b   Thumb Code     0  startup_stm32f411xe.o(.text)
    EXTI4_IRQHandler                         0x0800028b   Thumb Code     0  startup_stm32f411xe.o(.text)
    EXTI9_5_IRQHandler                       0x0800028b   Thumb Code     0  startup_stm32f411xe.o(.text)
    FLASH_IRQHandler                         0x0800028b   Thumb Code     0  startup_stm32f411xe.o(.text)
    FPU_IRQHandler                           0x0800028b   Thumb Code     0  startup_stm32f411xe.o(.text)
    I2C1_ER_IRQHandler                       0x0800028b   Thumb Code     0  startup_stm32f411xe.o(.text)
    I2C1_EV_IRQHandler                       0x0800028b   Thumb Code     0  startup_stm32f411xe.o(.text)
    I2C2_ER_IRQHandler                       0x0800028b   Thumb Code     0  startup_stm32f411xe.o(.text)
    I2C2_EV_IRQHandler                       0x0800028b   Thumb Code     0  startup_stm32f411xe.o(.text)
    I2C3_ER_IRQHandler                       0x0800028b   Thumb Code     0  startup_stm32f411xe.o(.text)
    I2C3_EV_IRQHandler                       0x0800028b   Thumb Code     0  startup_stm32f411xe.o(.text)
    OTG_FS_IRQHandler                        0x0800028b   Thumb Code     0  startup_stm32f411xe.o(.text)
    OTG_FS_WKUP_IRQHandler                   0x0800028b   Thumb Code     0  startup_stm32f411xe.o(.text)
    PVD_IRQHandler                           0x0800028b   Thumb Code     0  startup_stm32f411xe.o(.text)
    RCC_IRQHandler                           0x0800028b   Thumb Code     0  startup_stm32f411xe.o(.text)
    RTC_Alarm_IRQHandler                     0x0800028b   Thumb Code     0  startup_stm32f411xe.o(.text)
    RTC_WKUP_IRQHandler                      0x0800028b   Thumb Code     0  startup_stm32f411xe.o(.text)
    SDIO_IRQHandler                          0x0800028b   Thumb Code     0  startup_stm32f411xe.o(.text)
    SPI1_IRQHandler                          0x0800028b   Thumb Code     0  startup_stm32f411xe.o(.text)
    SPI2_IRQHandler                          0x0800028b   Thumb Code     0  startup_stm32f411xe.o(.text)
    SPI3_IRQHandler                          0x0800028b   Thumb Code     0  startup_stm32f411xe.o(.text)
    SPI4_IRQHandler                          0x0800028b   Thumb Code     0  startup_stm32f411xe.o(.text)
    SPI5_IRQHandler                          0x0800028b   Thumb Code     0  startup_stm32f411xe.o(.text)
    TAMP_STAMP_IRQHandler                    0x0800028b   Thumb Code     0  startup_stm32f411xe.o(.text)
    TIM1_BRK_TIM9_IRQHandler                 0x0800028b   Thumb Code     0  startup_stm32f411xe.o(.text)
    TIM1_CC_IRQHandler                       0x0800028b   Thumb Code     0  startup_stm32f411xe.o(.text)
    TIM1_TRG_COM_TIM11_IRQHandler            0x0800028b   Thumb Code     0  startup_stm32f411xe.o(.text)
    TIM2_IRQHandler                          0x0800028b   Thumb Code     0  startup_stm32f411xe.o(.text)
    TIM3_IRQHandler                          0x0800028b   Thumb Code     0  startup_stm32f411xe.o(.text)
    TIM4_IRQHandler                          0x0800028b   Thumb Code     0  startup_stm32f411xe.o(.text)
    TIM5_IRQHandler                          0x0800028b   Thumb Code     0  startup_stm32f411xe.o(.text)
    USART1_IRQHandler                        0x0800028b   Thumb Code     0  startup_stm32f411xe.o(.text)
    USART2_IRQHandler                        0x0800028b   Thumb Code     0  startup_stm32f411xe.o(.text)
    USART6_IRQHandler                        0x0800028b   Thumb Code     0  startup_stm32f411xe.o(.text)
    WWDG_IRQHandler                          0x0800028b   Thumb Code     0  startup_stm32f411xe.o(.text)
    __aeabi_uldivmod                         0x08000295   Thumb Code    98  uldiv.o(.text)
    __aeabi_memcpy                           0x080002f7   Thumb Code    36  memcpya.o(.text)
    __aeabi_memcpy4                          0x080002f7   Thumb Code     0  memcpya.o(.text)
    __aeabi_memcpy8                          0x080002f7   Thumb Code     0  memcpya.o(.text)
    __aeabi_memset                           0x0800031b   Thumb Code    14  memseta.o(.text)
    __aeabi_memset4                          0x0800031b   Thumb Code     0  memseta.o(.text)
    __aeabi_memset8                          0x0800031b   Thumb Code     0  memseta.o(.text)
    __aeabi_memclr                           0x08000329   Thumb Code     4  memseta.o(.text)
    __aeabi_memclr4                          0x08000329   Thumb Code     0  memseta.o(.text)
    __aeabi_memclr8                          0x08000329   Thumb Code     0  memseta.o(.text)
    memset                                   0x0800032d   Thumb Code    18  memseta.o(.text)
    __aeabi_llsl                             0x0800033f   Thumb Code    30  llshl.o(.text)
    _ll_shift_l                              0x0800033f   Thumb Code     0  llshl.o(.text)
    __aeabi_llsr                             0x0800035d   Thumb Code    32  llushr.o(.text)
    _ll_ushift_r                             0x0800035d   Thumb Code     0  llushr.o(.text)
    __scatterload                            0x0800037d   Thumb Code    28  init.o(.text)
    __scatterload_rt2                        0x0800037d   Thumb Code     0  init.o(.text)
    BusFault_Handler                         0x080003a1   Thumb Code     4  stm32f4xx_it.o(i.BusFault_Handler)
    DebugMon_Handler                         0x080003a5   Thumb Code     2  stm32f4xx_it.o(i.DebugMon_Handler)
    Error_Handler                            0x080003a7   Thumb Code     6  main.o(i.Error_Handler)
    GY86_Init                                0x080003ad   Thumb Code    46  gy-86.o(i.GY86_Init)
    GY86_OOPinit                             0x080003e1   Thumb Code   504  gy-86.o(i.GY86_OOPinit)
    GY86_RawDataUpdate                       0x080005e5   Thumb Code    28  gy-86.o(i.GY86_RawDataUpdate)
    GaussNewton                              0x080007a1   Thumb Code   462  gauss-newton.o(i.GaussNewton)
    GaussNewtonOutput                        0x0800097d   Thumb Code    50  gauss-newton.o(i.GaussNewtonOutput)
    HAL_Delay                                0x080009b9   Thumb Code    36  stm32f4xx_hal.o(i.HAL_Delay)
    HAL_GPIO_Init                            0x080009e1   Thumb Code   422  stm32f4xx_hal_gpio.o(i.HAL_GPIO_Init)
    HAL_GPIO_WritePin                        0x08000ba9   Thumb Code    12  stm32f4xx_hal_gpio.o(i.HAL_GPIO_WritePin)
    HAL_GetTick                              0x08000bb5   Thumb Code     6  stm32f4xx_hal.o(i.HAL_GetTick)
    HAL_I2C_Init                             0x08000bc1   Thumb Code   446  stm32f4xx_hal_i2c.o(i.HAL_I2C_Init)
    HAL_I2C_Mem_Read                         0x08000d91   Thumb Code   744  stm32f4xx_hal_i2c.o(i.HAL_I2C_Mem_Read)
    HAL_I2C_Mem_Write                        0x08001085   Thumb Code   348  stm32f4xx_hal_i2c.o(i.HAL_I2C_Mem_Write)
    HAL_I2C_MspInit                          0x080011e9   Thumb Code   254  i2c.o(i.HAL_I2C_MspInit)
    HAL_IncTick                              0x080012f9   Thumb Code    16  stm32f4xx_hal.o(i.HAL_IncTick)
    HAL_Init                                 0x08001311   Thumb Code    54  stm32f4xx_hal.o(i.HAL_Init)
    HAL_InitTick                             0x0800134d   Thumb Code   122  stm32f4xx_hal_timebase_tim.o(i.HAL_InitTick)
    HAL_MspInit                              0x080013d9   Thumb Code    78  stm32f4xx_hal_msp.o(i.HAL_MspInit)
    HAL_NVIC_EnableIRQ                       0x0800142d   Thumb Code    32  stm32f4xx_hal_cortex.o(i.HAL_NVIC_EnableIRQ)
    HAL_NVIC_SetPriority                     0x0800144d   Thumb Code   124  stm32f4xx_hal_cortex.o(i.HAL_NVIC_SetPriority)
    HAL_NVIC_SetPriorityGrouping             0x080014c9   Thumb Code    32  stm32f4xx_hal_cortex.o(i.HAL_NVIC_SetPriorityGrouping)
    HAL_RCC_ClockConfig                      0x080014f1   Thumb Code   368  stm32f4xx_hal_rcc.o(i.HAL_RCC_ClockConfig)
    HAL_RCC_GetClockConfig                   0x08001675   Thumb Code    58  stm32f4xx_hal_rcc.o(i.HAL_RCC_GetClockConfig)
    HAL_RCC_GetHCLKFreq                      0x080016b9   Thumb Code     6  stm32f4xx_hal_rcc.o(i.HAL_RCC_GetHCLKFreq)
    HAL_RCC_GetPCLK1Freq                     0x080016c5   Thumb Code    22  stm32f4xx_hal_rcc.o(i.HAL_RCC_GetPCLK1Freq)
    HAL_RCC_GetPCLK2Freq                     0x080016e5   Thumb Code    22  stm32f4xx_hal_rcc.o(i.HAL_RCC_GetPCLK2Freq)
    HAL_RCC_GetSysClockFreq                  0x08001705   Thumb Code   162  stm32f4xx_hal_rcc.o(i.HAL_RCC_GetSysClockFreq)
    HAL_RCC_OscConfig                        0x080017b5   Thumb Code  1172  stm32f4xx_hal_rcc.o(i.HAL_RCC_OscConfig)
    HAL_TIMEx_BreakCallback                  0x08001c51   Thumb Code     2  stm32f4xx_hal_tim_ex.o(i.HAL_TIMEx_BreakCallback)
    HAL_TIMEx_CommutCallback                 0x08001c53   Thumb Code     2  stm32f4xx_hal_tim_ex.o(i.HAL_TIMEx_CommutCallback)
    HAL_TIMEx_MasterConfigSynchronization    0x08001c55   Thumb Code   134  stm32f4xx_hal_tim_ex.o(i.HAL_TIMEx_MasterConfigSynchronization)
    HAL_TIM_Base_Init                        0x08001cf1   Thumb Code   102  stm32f4xx_hal_tim.o(i.HAL_TIM_Base_Init)
    HAL_TIM_Base_MspInit                     0x08001d57   Thumb Code     2  stm32f4xx_hal_tim.o(i.HAL_TIM_Base_MspInit)
    HAL_TIM_Base_Start_IT                    0x08001d59   Thumb Code   122  stm32f4xx_hal_tim.o(i.HAL_TIM_Base_Start_IT)
    HAL_TIM_IC_CaptureCallback               0x08001de9   Thumb Code     2  stm32f4xx_hal_tim.o(i.HAL_TIM_IC_CaptureCallback)
    HAL_TIM_IC_ConfigChannel                 0x08001deb   Thumb Code   222  stm32f4xx_hal_tim.o(i.HAL_TIM_IC_ConfigChannel)
    HAL_TIM_IC_Init                          0x08001ec9   Thumb Code   102  stm32f4xx_hal_tim.o(i.HAL_TIM_IC_Init)
    HAL_TIM_IC_MspInit                       0x08001f31   Thumb Code   356  tim.o(i.HAL_TIM_IC_MspInit)
    HAL_TIM_IRQHandler                       0x080020a9   Thumb Code   406  stm32f4xx_hal_tim.o(i.HAL_TIM_IRQHandler)
    HAL_TIM_MspPostInit                      0x08002241   Thumb Code   140  tim.o(i.HAL_TIM_MspPostInit)
    HAL_TIM_OC_DelayElapsedCallback          0x080022dd   Thumb Code     2  stm32f4xx_hal_tim.o(i.HAL_TIM_OC_DelayElapsedCallback)
    HAL_TIM_PWM_ConfigChannel                0x080022df   Thumb Code   260  stm32f4xx_hal_tim.o(i.HAL_TIM_PWM_ConfigChannel)
    HAL_TIM_PWM_Init                         0x080023e3   Thumb Code   102  stm32f4xx_hal_tim.o(i.HAL_TIM_PWM_Init)
    HAL_TIM_PWM_MspInit                      0x08002449   Thumb Code    44  tim.o(i.HAL_TIM_PWM_MspInit)
    HAL_TIM_PWM_PulseFinishedCallback        0x0800247d   Thumb Code     2  stm32f4xx_hal_tim.o(i.HAL_TIM_PWM_PulseFinishedCallback)
    HAL_TIM_PeriodElapsedCallback            0x08002481   Thumb Code    18  main.o(i.HAL_TIM_PeriodElapsedCallback)
    HAL_TIM_TriggerCallback                  0x08002499   Thumb Code     2  stm32f4xx_hal_tim.o(i.HAL_TIM_TriggerCallback)
    HAL_UART_Init                            0x0800249b   Thumb Code   114  stm32f4xx_hal_uart.o(i.HAL_UART_Init)
    HAL_UART_MspInit                         0x0800250d   Thumb Code   342  usart.o(i.HAL_UART_MspInit)
    HAL_UART_Transmit                        0x08002679   Thumb Code   210  stm32f4xx_hal_uart.o(i.HAL_UART_Transmit)
    HMC_Init                                 0x0800274b   Thumb Code    28  gy-86.o(i.HMC_Init)
    HMC_Write_Byte                           0x08002769   Thumb Code    50  gy-86.o(i.HMC_Write_Byte)
    HardFault_Handler                        0x080027a1   Thumb Code     4  stm32f4xx_it.o(i.HardFault_Handler)
    MPU6050_Init                             0x08002ca7   Thumb Code   132  gy-86.o(i.MPU6050_Init)
    MPU_Get_Accelerometer                    0x08002d2d   Thumb Code   120  gy-86.o(i.MPU_Get_Accelerometer)
    MPU_Get_Gyroscope                        0x08002da9   Thumb Code   120  gy-86.o(i.MPU_Get_Gyroscope)
    MPU_Read_Byte                            0x08002e25   Thumb Code    36  gy-86.o(i.MPU_Read_Byte)
    MPU_Read_Len                             0x08002e4d   Thumb Code    36  gy-86.o(i.MPU_Read_Len)
    MPU_Set_Accel_Fsr                        0x08002e75   Thumb Code    18  gy-86.o(i.MPU_Set_Accel_Fsr)
    MPU_Set_Gyro_Fsr                         0x08002e87   Thumb Code    18  gy-86.o(i.MPU_Set_Gyro_Fsr)
    MPU_Set_LPF                              0x08002e99   Thumb Code    60  gy-86.o(i.MPU_Set_LPF)
    MPU_Set_Rate                             0x08002ed5   Thumb Code    60  gy-86.o(i.MPU_Set_Rate)
    MPU_Write_Byte                           0x08002f11   Thumb Code    46  gy-86.o(i.MPU_Write_Byte)
    MX_FREERTOS_Init                         0x08002f45   Thumb Code    18  freertos.o(i.MX_FREERTOS_Init)
    MX_GPIO_Init                             0x08002f65   Thumb Code   174  gpio.o(i.MX_GPIO_Init)
    MX_I2C1_Init                             0x0800301d   Thumb Code    48  i2c.o(i.MX_I2C1_Init)
    MX_I2C2_Init                             0x08003059   Thumb Code    48  i2c.o(i.MX_I2C2_Init)
    MX_TIM1_Init                             0x08003095   Thumb Code   128  tim.o(i.MX_TIM1_Init)
    MX_TIM2_Init                             0x0800311d   Thumb Code   126  tim.o(i.MX_TIM2_Init)
    MX_TIM3_Init                             0x080031a1   Thumb Code   162  tim.o(i.MX_TIM3_Init)
    MX_TIM4_Init                             0x0800324d   Thumb Code   126  tim.o(i.MX_TIM4_Init)
    MX_USART1_UART_Init                      0x080032d5   Thumb Code    46  usart.o(i.MX_USART1_UART_Init)
    MX_USART2_UART_Init                      0x0800330d   Thumb Code    46  usart.o(i.MX_USART2_UART_Init)
    MX_USART6_UART_Init                      0x08003345   Thumb Code    46  usart.o(i.MX_USART6_UART_Init)
    MemManage_Handler                        0x0800337d   Thumb Code     4  stm32f4xx_it.o(i.MemManage_Handler)
    NMI_Handler                              0x08003381   Thumb Code     4  stm32f4xx_it.o(i.NMI_Handler)
    OLED_Clear                               0x08003385   Thumb Code    56  oled.o(i.OLED_Clear)
    OLED_Draw_interface                      0x080033bd   Thumb Code   256  oled.o(i.OLED_Draw_interface)
    OLED_Init                                0x08003511   Thumb Code    14  oled.o(i.OLED_Init)
    OLED_Set_Pos                             0x0800351f   Thumb Code    36  oled.o(i.OLED_Set_Pos)
    OLED_ShowChar                            0x08003545   Thumb Code   148  oled.o(i.OLED_ShowChar)
    OLED_ShowString                          0x080035e1   Thumb Code    58  oled.o(i.OLED_ShowString)
    OLED_WR_CMD                              0x0800361d   Thumb Code    34  oled.o(i.OLED_WR_CMD)
    OLED_WR_DATA                             0x08003645   Thumb Code    34  oled.o(i.OLED_WR_DATA)
    StartDefaultTask                         0x08003775   Thumb Code    10  freertos.o(i.StartDefaultTask)
    SysTick_Handler                          0x0800377f   Thumb Code    22  cmsis_os2.o(i.SysTick_Handler)
    SystemClock_Config                       0x08003795   Thumb Code   168  main.o(i.SystemClock_Config)
    SystemInit                               0x08003845   Thumb Code    14  system_stm32f4xx.o(i.SystemInit)
    TIM1_UP_TIM10_IRQHandler                 0x08003859   Thumb Code    16  stm32f4xx_it.o(i.TIM1_UP_TIM10_IRQHandler)
    TIM_Base_SetConfig                       0x08003871   Thumb Code   134  stm32f4xx_hal_tim.o(i.TIM_Base_SetConfig)
    TIM_OC2_SetConfig                        0x08003975   Thumb Code   100  stm32f4xx_hal_tim.o(i.TIM_OC2_SetConfig)
    TIM_TI1_SetConfig                        0x08003a8d   Thumb Code   102  stm32f4xx_hal_tim.o(i.TIM_TI1_SetConfig)
    UsageFault_Handler                       0x08004039   Thumb Code     4  stm32f4xx_it.o(i.UsageFault_Handler)
    WriteCmd                                 0x0800403d   Thumb Code    46  oled.o(i.WriteCmd)
    __0printf$2                              0x08004075   Thumb Code    22  printf2.o(i.__0printf$2)
    __1printf$2                              0x08004075   Thumb Code     0  printf2.o(i.__0printf$2)
    __2printf                                0x08004075   Thumb Code     0  printf2.o(i.__0printf$2)
    __scatterload_copy                       0x080040d3   Thumb Code    14  handlers.o(i.__scatterload_copy)
    __scatterload_null                       0x080040e1   Thumb Code     2  handlers.o(i.__scatterload_null)
    __scatterload_zeroinit                   0x080040e3   Thumb Code    14  handlers.o(i.__scatterload_zeroinit)
    esp8266_cipsend                          0x080041c9   Thumb Code    14  esp8266.o(i.esp8266_cipsend)
    fputc                                    0x080041e1   Thumb Code    22  usart.o(i.fputc)
    gy86_task                                0x080041fd   Thumb Code    14  main.o(i.gy86_task)
    inputDataUpdate                          0x0800420d   Thumb Code   124  gauss-newton.o(i.inputDataUpdate)
    main                                     0x0800429d   Thumb Code   102  main.o(i.main)
    malloc                                   0x0800431d   Thumb Code    92  malloc.o(i.malloc)
    osDelay                                  0x08004389   Thumb Code    30  cmsis_os2.o(i.osDelay)
    osKernelInitialize                       0x080043a9   Thumb Code    38  cmsis_os2.o(i.osKernelInitialize)
    osThreadNew                              0x080043d5   Thumb Code   184  cmsis_os2.o(i.osThreadNew)
    pvPortMalloc                             0x08004eb1   Thumb Code   306  heap_4.o(i.pvPortMalloc)
    pxPortInitialiseStack                    0x08004ffd   Thumb Code    38  port.o(i.pxPortInitialiseStack)
    system_init                              0x08005029   Thumb Code   104  main.o(i.system_init)
    uxListRemove                             0x080050b1   Thumb Code    40  list.o(i.uxListRemove)
    vApplicationGetIdleTaskMemory            0x080050d9   Thumb Code    14  cmsis_os2.o(i.vApplicationGetIdleTaskMemory)
    vApplicationGetTimerTaskMemory           0x080050f1   Thumb Code    16  cmsis_os2.o(i.vApplicationGetTimerTaskMemory)
    vListInitialise                          0x08005109   Thumb Code    26  list.o(i.vListInitialise)
    vListInitialiseItem                      0x08005123   Thumb Code     6  list.o(i.vListInitialiseItem)
    vListInsert                              0x08005129   Thumb Code    52  list.o(i.vListInsert)
    vListInsertEnd                           0x0800515d   Thumb Code    24  list.o(i.vListInsertEnd)
    vPortEnterCritical                       0x08005175   Thumb Code    76  port.o(i.vPortEnterCritical)
    vPortExitCritical                        0x080051c9   Thumb Code    56  port.o(i.vPortExitCritical)
    vPortFree                                0x08005205   Thumb Code   150  heap_4.o(i.vPortFree)
    vPortSetupTimerInterrupt                 0x080052a9   Thumb Code    36  port.o(i.vPortSetupTimerInterrupt)
    vPortValidateInterruptPriority           0x080052d1   Thumb Code   106  port.o(i.vPortValidateInterruptPriority)
    vQueueAddToRegistry                      0x08005349   Thumb Code    38  queue.o(i.vQueueAddToRegistry)
    vQueueWaitForMessageRestricted           0x08005375   Thumb Code    74  queue.o(i.vQueueWaitForMessageRestricted)
    vTaskDelay                               0x080053c1   Thumb Code    82  tasks.o(i.vTaskDelay)
    vTaskInternalSetTimeOutState             0x0800541d   Thumb Code    14  tasks.o(i.vTaskInternalSetTimeOutState)
    vTaskMissedYield                         0x08005435   Thumb Code     8  tasks.o(i.vTaskMissedYield)
    vTaskPlaceOnEventList                    0x08005441   Thumb Code    52  tasks.o(i.vTaskPlaceOnEventList)
    vTaskPlaceOnEventListRestricted          0x08005479   Thumb Code    60  tasks.o(i.vTaskPlaceOnEventListRestricted)
    vTaskStartScheduler                      0x080054b9   Thumb Code   156  tasks.o(i.vTaskStartScheduler)
    vTaskSuspendAll                          0x08005571   Thumb Code    12  tasks.o(i.vTaskSuspendAll)
    vTaskSwitchContext                       0x08005581   Thumb Code   122  tasks.o(i.vTaskSwitchContext)
    xPortStartScheduler                      0x08005611   Thumb Code   330  port.o(i.xPortStartScheduler)
    xPortSysTickHandler                      0x08005779   Thumb Code    46  port.o(i.xPortSysTickHandler)
    xQueueGenericCreateStatic                0x080057ad   Thumb Code   224  queue.o(i.xQueueGenericCreateStatic)
    xQueueGenericReset                       0x0800588d   Thumb Code   146  queue.o(i.xQueueGenericReset)
    xQueueGenericSend                        0x08005925   Thumb Code   420  queue.o(i.xQueueGenericSend)
    xQueueGenericSendFromISR                 0x08005acd   Thumb Code   252  queue.o(i.xQueueGenericSendFromISR)
    xQueueReceive                            0x08005bc9   Thumb Code   356  queue.o(i.xQueueReceive)
    xTaskCheckForTimeOut                     0x08005d31   Thumb Code   132  tasks.o(i.xTaskCheckForTimeOut)
    xTaskCreate                              0x08005dbd   Thumb Code   100  tasks.o(i.xTaskCreate)
    xTaskCreateStatic                        0x08005e21   Thumb Code   186  tasks.o(i.xTaskCreateStatic)
    xTaskGetSchedulerState                   0x08005edd   Thumb Code    24  tasks.o(i.xTaskGetSchedulerState)
    xTaskGetTickCount                        0x08005efd   Thumb Code     6  tasks.o(i.xTaskGetTickCount)
    xTaskIncrementTick                       0x08005f09   Thumb Code   280  tasks.o(i.xTaskIncrementTick)
    xTaskPriorityDisinherit                  0x0800604d   Thumb Code   152  tasks.o(i.xTaskPriorityDisinherit)
    xTaskRemoveFromEventList                 0x080060f1   Thumb Code   126  tasks.o(i.xTaskRemoveFromEventList)
    xTaskResumeAll                           0x08006189   Thumb Code   222  tasks.o(i.xTaskResumeAll)
    xTimerCreateTimerTask                    0x0800628d   Thumb Code   100  timers.o(i.xTimerCreateTimerTask)
    xTimerGenericCommand                     0x08006305   Thumb Code   128  timers.o(i.xTimerGenericCommand)
    defaultTask_attributes                   0x08006388   Data          36  freertos.o(.constdata)
    AHBPrescTable                            0x080063ac   Data          16  system_stm32f4xx.o(.constdata)
    APBPrescTable                            0x080063bc   Data           8  system_stm32f4xx.o(.constdata)
    F6x8                                     0x080063c4   Data         552  oled.o(.constdata)
    F8x16                                    0x080065ec   Data        1520  oled.o(.constdata)
    Region$$Table$$Base                      0x08006c00   Number         0  anon$$obj.o(Region$$Table)
    Region$$Table$$Limit                     0x08006c20   Number         0  anon$$obj.o(Region$$Table)
    gy86Task_Handler                         0x20000000   Data           4  main.o(.data)
    defaultTaskHandle                        0x20000004   Data           4  freertos.o(.data)
    uwTick                                   0x20000008   Data           4  stm32f4xx_hal.o(.data)
    uwTickPrio                               0x2000000c   Data           4  stm32f4xx_hal.o(.data)
    uwTickFreq                               0x20000010   Data           1  stm32f4xx_hal.o(.data)
    SystemCoreClock                          0x20000014   Data           4  system_stm32f4xx.o(.data)
    pxCurrentTCB                             0x20000018   Data           4  tasks.o(.data)
    GY86                                     0x20000098   Data           4  gy-86.o(.data)
    Hzk                                      0x2000009c   Data           4  oled.o(.data)
    CMD_Data                                 0x200000a0   Data          27  oled.o(.data)
    count                                    0x200000bc   Data           4  gauss-newton.o(.data)
    __stdout                                 0x200000c0   Data           4  stdout.o(.data)
    __microlib_freelist                      0x200000c4   Data           4  mvars.o(.data)
    __microlib_freelist_initialised          0x200000c8   Data           4  mvars.o(.data)
    hi2c1                                    0x200000cc   Data          84  i2c.o(.bss)
    hi2c2                                    0x20000120   Data          84  i2c.o(.bss)
    htim1                                    0x20000174   Data          72  tim.o(.bss)
    htim2                                    0x200001bc   Data          72  tim.o(.bss)
    htim3                                    0x20000204   Data          72  tim.o(.bss)
    htim4                                    0x2000024c   Data          72  tim.o(.bss)
    huart1                                   0x20000294   Data          68  usart.o(.bss)
    huart2                                   0x200002d8   Data          68  usart.o(.bss)
    huart6                                   0x2000031c   Data          68  usart.o(.bss)
    htim10                                   0x20000360   Data          72  stm32f4xx_hal_timebase_tim.o(.bss)
    xQueueRegistry                           0x200003a8   Data          64  queue.o(.bss)
    Accel_raw                                0x20004c7c   Data          72  gy-86.o(.bss)
    Gyro_raw                                 0x20004cc4   Data          72  gy-86.o(.bss)
    Mag_raw                                  0x20004d0c   Data          72  gy-86.o(.bss)
    __heap_base                              0x20004d58   Data           0  startup_stm32f411xe.o(HEAP)
    __heap_limit                             0x20004f58   Data           0  startup_stm32f411xe.o(HEAP)
    __initial_sp                             0x20005358   Data           0  startup_stm32f411xe.o(STACK)



==============================================================================

Memory Map of the image

  Image Entry point : 0x08000199

  Load Region LR_IROM1 (Base: 0x08000000, Size: 0x00006cec, Max: 0x00080000, ABSOLUTE)

    Execution Region ER_IROM1 (Exec base: 0x08000000, Load base: 0x08000000, Size: 0x00006c20, Max: 0x00080000, ABSOLUTE)

    Exec Addr    Load Addr    Size         Type   Attr      Idx    E Section Name        Object

    0x08000000   0x08000000   0x00000198   Data   RO            3    RESET               startup_stm32f411xe.o
    0x08000198   0x08000198   0x00000000   Code   RO         5985  * .ARM.Collect$$$$00000000  mc_w.l(entry.o)
    0x08000198   0x08000198   0x00000004   Code   RO         6287    .ARM.Collect$$$$00000001  mc_w.l(entry2.o)
    0x0800019c   0x0800019c   0x00000004   Code   RO         6290    .ARM.Collect$$$$00000004  mc_w.l(entry5.o)
    0x080001a0   0x080001a0   0x00000000   Code   RO         6292    .ARM.Collect$$$$00000008  mc_w.l(entry7b.o)
    0x080001a0   0x080001a0   0x00000000   Code   RO         6294    .ARM.Collect$$$$0000000A  mc_w.l(entry8b.o)
    0x080001a0   0x080001a0   0x00000008   Code   RO         6295    .ARM.Collect$$$$0000000B  mc_w.l(entry9a.o)
    0x080001a8   0x080001a8   0x00000004   Code   RO         6302    .ARM.Collect$$$$0000000E  mc_w.l(entry12b.o)
    0x080001ac   0x080001ac   0x00000000   Code   RO         6297    .ARM.Collect$$$$0000000F  mc_w.l(entry10a.o)
    0x080001ac   0x080001ac   0x00000000   Code   RO         6299    .ARM.Collect$$$$00000011  mc_w.l(entry11a.o)
    0x080001ac   0x080001ac   0x00000004   Code   RO         6288    .ARM.Collect$$$$00002712  mc_w.l(entry2.o)
    0x080001b0   0x080001b0   0x000000be   Code   RO         5517    .emb_text           port.o
    0x0800026e   0x0800026e   0x00000002   PAD
    0x08000270   0x08000270   0x00000024   Code   RO            4    .text               startup_stm32f411xe.o
    0x08000294   0x08000294   0x00000062   Code   RO         5988    .text               mc_w.l(uldiv.o)
    0x080002f6   0x080002f6   0x00000024   Code   RO         5990    .text               mc_w.l(memcpya.o)
    0x0800031a   0x0800031a   0x00000024   Code   RO         5994    .text               mc_w.l(memseta.o)
    0x0800033e   0x0800033e   0x0000001e   Code   RO         6306    .text               mc_w.l(llshl.o)
    0x0800035c   0x0800035c   0x00000020   Code   RO         6308    .text               mc_w.l(llushr.o)
    0x0800037c   0x0800037c   0x00000024   Code   RO         6323    .text               mc_w.l(init.o)
    0x080003a0   0x080003a0   0x00000004   Code   RO          501    i.BusFault_Handler  stm32f4xx_it.o
    0x080003a4   0x080003a4   0x00000002   Code   RO          502    i.DebugMon_Handler  stm32f4xx_it.o
    0x080003a6   0x080003a6   0x00000006   Code   RO           13    i.Error_Handler     main.o
    0x080003ac   0x080003ac   0x00000034   Code   RO         5639    i.GY86_Init         gy-86.o
    0x080003e0   0x080003e0   0x00000204   Code   RO         5640    i.GY86_OOPinit      gy-86.o
    0x080005e4   0x080005e4   0x00000020   Code   RO         5641    i.GY86_RawDataUpdate  gy-86.o
    0x08000604   0x08000604   0x0000019c   Code   RO         5911    i.GaussEliminateSolveDelta  gauss-newton.o
    0x080007a0   0x080007a0   0x000001dc   Code   RO         5912    i.GaussNewton       gauss-newton.o
    0x0800097c   0x0800097c   0x0000003c   Code   RO         5913    i.GaussNewtonOutput  gauss-newton.o
    0x080009b8   0x080009b8   0x00000028   Code   RO         1647    i.HAL_Delay         stm32f4xx_hal.o
    0x080009e0   0x080009e0   0x000001c8   Code   RO         1092    i.HAL_GPIO_Init     stm32f4xx_hal_gpio.o
    0x08000ba8   0x08000ba8   0x0000000c   Code   RO         1096    i.HAL_GPIO_WritePin  stm32f4xx_hal_gpio.o
    0x08000bb4   0x08000bb4   0x0000000c   Code   RO         1653    i.HAL_GetTick       stm32f4xx_hal.o
    0x08000bc0   0x08000bc0   0x000001d0   Code   RO         1909    i.HAL_I2C_Init      stm32f4xx_hal_i2c.o
    0x08000d90   0x08000d90   0x000002f4   Code   RO         1927    i.HAL_I2C_Mem_Read  stm32f4xx_hal_i2c.o
    0x08001084   0x08001084   0x00000164   Code   RO         1930    i.HAL_I2C_Mem_Write  stm32f4xx_hal_i2c.o
    0x080011e8   0x080011e8   0x00000110   Code   RO          316    i.HAL_I2C_MspInit   i2c.o
    0x080012f8   0x080012f8   0x00000018   Code   RO         1659    i.HAL_IncTick       stm32f4xx_hal.o
    0x08001310   0x08001310   0x0000003c   Code   RO         1660    i.HAL_Init          stm32f4xx_hal.o
    0x0800134c   0x0800134c   0x0000008c   Code   RO          589    i.HAL_InitTick      stm32f4xx_hal_timebase_tim.o
    0x080013d8   0x080013d8   0x00000054   Code   RO          565    i.HAL_MspInit       stm32f4xx_hal_msp.o
    0x0800142c   0x0800142c   0x00000020   Code   RO         1505    i.HAL_NVIC_EnableIRQ  stm32f4xx_hal_cortex.o
    0x0800144c   0x0800144c   0x0000007c   Code   RO         1511    i.HAL_NVIC_SetPriority  stm32f4xx_hal_cortex.o
    0x080014c8   0x080014c8   0x00000028   Code   RO         1512    i.HAL_NVIC_SetPriorityGrouping  stm32f4xx_hal_cortex.o
    0x080014f0   0x080014f0   0x00000184   Code   RO          629    i.HAL_RCC_ClockConfig  stm32f4xx_hal_rcc.o
    0x08001674   0x08001674   0x00000044   Code   RO          633    i.HAL_RCC_GetClockConfig  stm32f4xx_hal_rcc.o
    0x080016b8   0x080016b8   0x0000000c   Code   RO          634    i.HAL_RCC_GetHCLKFreq  stm32f4xx_hal_rcc.o
    0x080016c4   0x080016c4   0x00000020   Code   RO          636    i.HAL_RCC_GetPCLK1Freq  stm32f4xx_hal_rcc.o
    0x080016e4   0x080016e4   0x00000020   Code   RO          637    i.HAL_RCC_GetPCLK2Freq  stm32f4xx_hal_rcc.o
    0x08001704   0x08001704   0x000000b0   Code   RO          638    i.HAL_RCC_GetSysClockFreq  stm32f4xx_hal_rcc.o
    0x080017b4   0x080017b4   0x0000049c   Code   RO          641    i.HAL_RCC_OscConfig  stm32f4xx_hal_rcc.o
    0x08001c50   0x08001c50   0x00000002   Code   RO         3117    i.HAL_TIMEx_BreakCallback  stm32f4xx_hal_tim_ex.o
    0x08001c52   0x08001c52   0x00000002   Code   RO         3118    i.HAL_TIMEx_CommutCallback  stm32f4xx_hal_tim_ex.o
    0x08001c54   0x08001c54   0x0000009c   Code   RO         3136    i.HAL_TIMEx_MasterConfigSynchronization  stm32f4xx_hal_tim_ex.o
    0x08001cf0   0x08001cf0   0x00000066   Code   RO         2402    i.HAL_TIM_Base_Init  stm32f4xx_hal_tim.o
    0x08001d56   0x08001d56   0x00000002   Code   RO         2404    i.HAL_TIM_Base_MspInit  stm32f4xx_hal_tim.o
    0x08001d58   0x08001d58   0x00000090   Code   RO         2407    i.HAL_TIM_Base_Start_IT  stm32f4xx_hal_tim.o
    0x08001de8   0x08001de8   0x00000002   Code   RO         2436    i.HAL_TIM_IC_CaptureCallback  stm32f4xx_hal_tim.o
    0x08001dea   0x08001dea   0x000000de   Code   RO         2438    i.HAL_TIM_IC_ConfigChannel  stm32f4xx_hal_tim.o
    0x08001ec8   0x08001ec8   0x00000066   Code   RO         2441    i.HAL_TIM_IC_Init   stm32f4xx_hal_tim.o
    0x08001f2e   0x08001f2e   0x00000002   PAD
    0x08001f30   0x08001f30   0x00000178   Code   RO          364    i.HAL_TIM_IC_MspInit  tim.o
    0x080020a8   0x080020a8   0x00000196   Code   RO         2450    i.HAL_TIM_IRQHandler  stm32f4xx_hal_tim.o
    0x0800223e   0x0800223e   0x00000002   PAD
    0x08002240   0x08002240   0x0000009c   Code   RO          365    i.HAL_TIM_MspPostInit  tim.o
    0x080022dc   0x080022dc   0x00000002   Code   RO         2453    i.HAL_TIM_OC_DelayElapsedCallback  stm32f4xx_hal_tim.o
    0x080022de   0x080022de   0x00000104   Code   RO         2474    i.HAL_TIM_PWM_ConfigChannel  stm32f4xx_hal_tim.o
    0x080023e2   0x080023e2   0x00000066   Code   RO         2477    i.HAL_TIM_PWM_Init  stm32f4xx_hal_tim.o
    0x08002448   0x08002448   0x00000034   Code   RO          367    i.HAL_TIM_PWM_MspInit  tim.o
    0x0800247c   0x0800247c   0x00000002   Code   RO         2480    i.HAL_TIM_PWM_PulseFinishedCallback  stm32f4xx_hal_tim.o
    0x0800247e   0x0800247e   0x00000002   PAD
    0x08002480   0x08002480   0x00000018   Code   RO           14    i.HAL_TIM_PeriodElapsedCallback  main.o
    0x08002498   0x08002498   0x00000002   Code   RO         2493    i.HAL_TIM_TriggerCallback  stm32f4xx_hal_tim.o
    0x0800249a   0x0800249a   0x00000072   Code   RO         3413    i.HAL_UART_Init     stm32f4xx_hal_uart.o
    0x0800250c   0x0800250c   0x0000016c   Code   RO          442    i.HAL_UART_MspInit  usart.o
    0x08002678   0x08002678   0x000000d2   Code   RO         3421    i.HAL_UART_Transmit  stm32f4xx_hal_uart.o
    0x0800274a   0x0800274a   0x0000001c   Code   RO         5642    i.HMC_Init          gy-86.o
    0x08002766   0x08002766   0x00000002   PAD
    0x08002768   0x08002768   0x00000038   Code   RO         5645    i.HMC_Write_Byte    gy-86.o
    0x080027a0   0x080027a0   0x00000004   Code   RO          503    i.HardFault_Handler  stm32f4xx_it.o
    0x080027a4   0x080027a4   0x0000003e   Code   RO         1952    i.I2C_IsAcknowledgeFailed  stm32f4xx_hal_i2c.o
    0x080027e2   0x080027e2   0x00000002   PAD
    0x080027e4   0x080027e4   0x00000160   Code   RO         1963    i.I2C_RequestMemoryRead  stm32f4xx_hal_i2c.o
    0x08002944   0x08002944   0x000000e0   Code   RO         1964    i.I2C_RequestMemoryWrite  stm32f4xx_hal_i2c.o
    0x08002a24   0x08002a24   0x0000005c   Code   RO         1972    i.I2C_WaitOnBTFFlagUntilTimeout  stm32f4xx_hal_i2c.o
    0x08002a80   0x08002a80   0x00000086   Code   RO         1973    i.I2C_WaitOnFlagUntilTimeout  stm32f4xx_hal_i2c.o
    0x08002b06   0x08002b06   0x000000c4   Code   RO         1974    i.I2C_WaitOnMasterAddressFlagUntilTimeout  stm32f4xx_hal_i2c.o
    0x08002bca   0x08002bca   0x00000080   Code   RO         1975    i.I2C_WaitOnRXNEFlagUntilTimeout  stm32f4xx_hal_i2c.o
    0x08002c4a   0x08002c4a   0x0000005c   Code   RO         1978    i.I2C_WaitOnTXEFlagUntilTimeout  stm32f4xx_hal_i2c.o
    0x08002ca6   0x08002ca6   0x00000084   Code   RO         5647    i.MPU6050_Init      gy-86.o
    0x08002d2a   0x08002d2a   0x00000002   PAD
    0x08002d2c   0x08002d2c   0x0000007c   Code   RO         5648    i.MPU_Get_Accelerometer  gy-86.o
    0x08002da8   0x08002da8   0x0000007c   Code   RO         5649    i.MPU_Get_Gyroscope  gy-86.o
    0x08002e24   0x08002e24   0x00000028   Code   RO         5650    i.MPU_Read_Byte     gy-86.o
    0x08002e4c   0x08002e4c   0x00000028   Code   RO         5651    i.MPU_Read_Len      gy-86.o
    0x08002e74   0x08002e74   0x00000012   Code   RO         5652    i.MPU_Set_Accel_Fsr  gy-86.o
    0x08002e86   0x08002e86   0x00000012   Code   RO         5653    i.MPU_Set_Gyro_Fsr  gy-86.o
    0x08002e98   0x08002e98   0x0000003c   Code   RO         5654    i.MPU_Set_LPF       gy-86.o
    0x08002ed4   0x08002ed4   0x0000003c   Code   RO         5655    i.MPU_Set_Rate      gy-86.o
    0x08002f10   0x08002f10   0x00000034   Code   RO         5656    i.MPU_Write_Byte    gy-86.o
    0x08002f44   0x08002f44   0x00000020   Code   RO          272    i.MX_FREERTOS_Init  freertos.o
    0x08002f64   0x08002f64   0x000000b8   Code   RO          248    i.MX_GPIO_Init      gpio.o
    0x0800301c   0x0800301c   0x0000003c   Code   RO          317    i.MX_I2C1_Init      i2c.o
    0x08003058   0x08003058   0x0000003c   Code   RO          318    i.MX_I2C2_Init      i2c.o
    0x08003094   0x08003094   0x00000088   Code   RO          368    i.MX_TIM1_Init      tim.o
    0x0800311c   0x0800311c   0x00000084   Code   RO          369    i.MX_TIM2_Init      tim.o
    0x080031a0   0x080031a0   0x000000ac   Code   RO          370    i.MX_TIM3_Init      tim.o
    0x0800324c   0x0800324c   0x00000088   Code   RO          371    i.MX_TIM4_Init      tim.o
    0x080032d4   0x080032d4   0x00000038   Code   RO          443    i.MX_USART1_UART_Init  usart.o
    0x0800330c   0x0800330c   0x00000038   Code   RO          444    i.MX_USART2_UART_Init  usart.o
    0x08003344   0x08003344   0x00000038   Code   RO          445    i.MX_USART6_UART_Init  usart.o
    0x0800337c   0x0800337c   0x00000004   Code   RO          504    i.MemManage_Handler  stm32f4xx_it.o
    0x08003380   0x08003380   0x00000004   Code   RO          505    i.NMI_Handler       stm32f4xx_it.o
    0x08003384   0x08003384   0x00000038   Code   RO         5778    i.OLED_Clear        oled.o
    0x080033bc   0x080033bc   0x00000154   Code   RO         5782    i.OLED_Draw_interface  oled.o
    0x08003510   0x08003510   0x0000000e   Code   RO         5783    i.OLED_Init         oled.o
    0x0800351e   0x0800351e   0x00000024   Code   RO         5785    i.OLED_Set_Pos      oled.o
    0x08003542   0x08003542   0x00000002   PAD
    0x08003544   0x08003544   0x0000009c   Code   RO         5787    i.OLED_ShowChar     oled.o
    0x080035e0   0x080035e0   0x0000003a   Code   RO         5789    i.OLED_ShowString   oled.o
    0x0800361a   0x0800361a   0x00000002   PAD
    0x0800361c   0x0800361c   0x00000028   Code   RO         5792    i.OLED_WR_CMD       oled.o
    0x08003644   0x08003644   0x00000028   Code   RO         5793    i.OLED_WR_DATA      oled.o
    0x0800366c   0x0800366c   0x000000c2   Code   RO         5914    i.ResetBeta         gauss-newton.o
    0x0800372e   0x0800372e   0x00000002   PAD
    0x08003730   0x08003730   0x00000044   Code   RO         5915    i.ResetMatrices     gauss-newton.o
    0x08003774   0x08003774   0x0000000a   Code   RO          273    i.StartDefaultTask  freertos.o
    0x0800377e   0x0800377e   0x00000016   Code   RO         4932    i.SysTick_Handler   cmsis_os2.o
    0x08003794   0x08003794   0x000000b0   Code   RO           15    i.SystemClock_Config  main.o
    0x08003844   0x08003844   0x00000014   Code   RO         3752    i.SystemInit        system_stm32f4xx.o
    0x08003858   0x08003858   0x00000018   Code   RO          506    i.TIM1_UP_TIM10_IRQHandler  stm32f4xx_it.o
    0x08003870   0x08003870   0x000000a4   Code   RO         2495    i.TIM_Base_SetConfig  stm32f4xx_hal_tim.o
    0x08003914   0x08003914   0x00000060   Code   RO         2508    i.TIM_OC1_SetConfig  stm32f4xx_hal_tim.o
    0x08003974   0x08003974   0x00000068   Code   RO         2509    i.TIM_OC2_SetConfig  stm32f4xx_hal_tim.o
    0x080039dc   0x080039dc   0x00000068   Code   RO         2510    i.TIM_OC3_SetConfig  stm32f4xx_hal_tim.o
    0x08003a44   0x08003a44   0x00000048   Code   RO         2511    i.TIM_OC4_SetConfig  stm32f4xx_hal_tim.o
    0x08003a8c   0x08003a8c   0x0000007c   Code   RO         2514    i.TIM_TI1_SetConfig  stm32f4xx_hal_tim.o
    0x08003b08   0x08003b08   0x0000003a   Code   RO         2516    i.TIM_TI2_SetConfig  stm32f4xx_hal_tim.o
    0x08003b42   0x08003b42   0x00000038   Code   RO         2517    i.TIM_TI3_SetConfig  stm32f4xx_hal_tim.o
    0x08003b7a   0x08003b7a   0x0000003c   Code   RO         2518    i.TIM_TI4_SetConfig  stm32f4xx_hal_tim.o
    0x08003bb6   0x08003bb6   0x00000002   PAD
    0x08003bb8   0x08003bb8   0x0000022c   Code   RO         3440    i.UART_SetConfig    stm32f4xx_hal_uart.o
    0x08003de4   0x08003de4   0x00000092   Code   RO         3444    i.UART_WaitOnFlagUntilTimeout  stm32f4xx_hal_uart.o
    0x08003e76   0x08003e76   0x00000002   PAD
    0x08003e78   0x08003e78   0x000001c0   Code   RO         5916    i.UpdateMatrices    gauss-newton.o
    0x08004038   0x08004038   0x00000004   Code   RO          507    i.UsageFault_Handler  stm32f4xx_it.o
    0x0800403c   0x0800403c   0x00000038   Code   RO         5794    i.WriteCmd          oled.o
    0x08004074   0x08004074   0x00000020   Code   RO         6065    i.__0printf$2       mc_w.l(printf2.o)
    0x08004094   0x08004094   0x00000010   Code   RO         1518    i.__NVIC_GetPriorityGrouping  stm32f4xx_hal_cortex.o
    0x080040a4   0x080040a4   0x00000028   Code   RO         1519    i.__NVIC_SetPriority  stm32f4xx_hal_cortex.o
    0x080040cc   0x080040cc   0x00000006   Code   RO         4934    i.__get_IPSR        cmsis_os2.o
    0x080040d2   0x080040d2   0x0000000e   Code   RO         6331    i.__scatterload_copy  mc_w.l(handlers.o)
    0x080040e0   0x080040e0   0x00000002   Code   RO         6332    i.__scatterload_null  mc_w.l(handlers.o)
    0x080040e2   0x080040e2   0x0000000e   Code   RO         6333    i.__scatterload_zeroinit  mc_w.l(handlers.o)
    0x080040f0   0x080040f0   0x000000d6   Code   RO         6072    i._printf_core      mc_w.l(printf2.o)
    0x080041c6   0x080041c6   0x00000002   PAD
    0x080041c8   0x080041c8   0x00000018   Code   RO         5598    i.esp8266_cipsend   esp8266.o
    0x080041e0   0x080041e0   0x0000001c   Code   RO          446    i.fputc             usart.o
    0x080041fc   0x080041fc   0x0000000e   Code   RO           16    i.gy86_task         main.o
    0x0800420a   0x0800420a   0x00000002   PAD
    0x0800420c   0x0800420c   0x00000090   Code   RO         5917    i.inputDataUpdate   gauss-newton.o
    0x0800429c   0x0800429c   0x00000080   Code   RO           17    i.main              main.o
    0x0800431c   0x0800431c   0x0000006c   Code   RO         6260    i.malloc            mc_w.l(malloc.o)
    0x08004388   0x08004388   0x0000001e   Code   RO         4935    i.osDelay           cmsis_os2.o
    0x080043a6   0x080043a6   0x00000002   PAD
    0x080043a8   0x080043a8   0x0000002c   Code   RO         4949    i.osKernelInitialize  cmsis_os2.o
    0x080043d4   0x080043d4   0x000000b8   Code   RO         4994    i.osThreadNew       cmsis_os2.o
    0x0800448c   0x0800448c   0x0000007c   Code   RO         4369    i.prvAddCurrentTaskToDelayedList  tasks.o
    0x08004508   0x08004508   0x000000b8   Code   RO         4370    i.prvAddNewTaskToReadyList  tasks.o
    0x080045c0   0x080045c0   0x00000074   Code   RO         4745    i.prvCheckForValidListAndQueue  timers.o
    0x08004634   0x08004634   0x00000048   Code   RO         4371    i.prvCheckTasksWaitingTermination  tasks.o
    0x0800467c   0x0800467c   0x0000002a   Code   RO         3956    i.prvCopyDataFromQueue  queue.o
    0x080046a6   0x080046a6   0x0000007e   Code   RO         3957    i.prvCopyDataToQueue  queue.o
    0x08004724   0x08004724   0x00000050   Code   RO         4372    i.prvDeleteTCB      tasks.o
    0x08004774   0x08004774   0x00000028   Code   RO         4746    i.prvGetNextExpireTime  timers.o
    0x0800479c   0x0800479c   0x0000007c   Code   RO         5462    i.prvHeapInit       heap_4.o
    0x08004818   0x08004818   0x00000028   Code   RO         4373    i.prvIdleTask       tasks.o
    0x08004840   0x08004840   0x0000002a   Code   RO         3960    i.prvInitialiseNewQueue  queue.o
    0x0800486a   0x0800486a   0x000000be   Code   RO         4374    i.prvInitialiseNewTask  tasks.o
    0x08004928   0x08004928   0x00000068   Code   RO         4375    i.prvInitialiseTaskLists  tasks.o
    0x08004990   0x08004990   0x00000068   Code   RO         5463    i.prvInsertBlockIntoFreeList  heap_4.o
    0x080049f8   0x080049f8   0x00000058   Code   RO         4748    i.prvInsertTimerInActiveList  timers.o
    0x08004a50   0x08004a50   0x0000001a   Code   RO         3961    i.prvIsQueueEmpty   queue.o
    0x08004a6a   0x08004a6a   0x0000001e   Code   RO         3962    i.prvIsQueueFull    queue.o
    0x08004a88   0x08004a88   0x00000074   Code   RO         4749    i.prvProcessExpiredTimer  timers.o
    0x08004afc   0x08004afc   0x00000164   Code   RO         4750    i.prvProcessReceivedCommands  timers.o
    0x08004c60   0x08004c60   0x00000074   Code   RO         4751    i.prvProcessTimerOrBlockTask  timers.o
    0x08004cd4   0x08004cd4   0x00000034   Code   RO         4377    i.prvResetNextTaskUnblockTime  tasks.o
    0x08004d08   0x08004d08   0x0000002c   Code   RO         4752    i.prvSampleTimeNow  timers.o
    0x08004d34   0x08004d34   0x000000a4   Code   RO         4753    i.prvSwitchTimerLists  timers.o
    0x08004dd8   0x08004dd8   0x00000040   Code   RO         5518    i.prvTaskExitError  port.o
    0x08004e18   0x08004e18   0x0000001a   Code   RO         4754    i.prvTimerTask      timers.o
    0x08004e32   0x08004e32   0x0000007e   Code   RO         3963    i.prvUnlockQueue    queue.o
    0x08004eb0   0x08004eb0   0x0000014c   Code   RO         5464    i.pvPortMalloc      heap_4.o
    0x08004ffc   0x08004ffc   0x0000002c   Code   RO         5519    i.pxPortInitialiseStack  port.o
    0x08005028   0x08005028   0x00000088   Code   RO           18    i.system_init       main.o
    0x080050b0   0x080050b0   0x00000028   Code   RO         3916    i.uxListRemove      list.o
    0x080050d8   0x080050d8   0x00000018   Code   RO         5006    i.vApplicationGetIdleTaskMemory  cmsis_os2.o
    0x080050f0   0x080050f0   0x00000018   Code   RO         5007    i.vApplicationGetTimerTaskMemory  cmsis_os2.o
    0x08005108   0x08005108   0x0000001a   Code   RO         3917    i.vListInitialise   list.o
    0x08005122   0x08005122   0x00000006   Code   RO         3918    i.vListInitialiseItem  list.o
    0x08005128   0x08005128   0x00000034   Code   RO         3919    i.vListInsert       list.o
    0x0800515c   0x0800515c   0x00000018   Code   RO         3920    i.vListInsertEnd    list.o
    0x08005174   0x08005174   0x00000054   Code   RO         5521    i.vPortEnterCritical  port.o
    0x080051c8   0x080051c8   0x0000003c   Code   RO         5522    i.vPortExitCritical  port.o
    0x08005204   0x08005204   0x000000a4   Code   RO         5465    i.vPortFree         heap_4.o
    0x080052a8   0x080052a8   0x00000028   Code   RO         5523    i.vPortSetupTimerInterrupt  port.o
    0x080052d0   0x080052d0   0x00000078   Code   RO         5524    i.vPortValidateInterruptPriority  port.o
    0x08005348   0x08005348   0x0000002c   Code   RO         3969    i.vQueueAddToRegistry  queue.o
    0x08005374   0x08005374   0x0000004a   Code   RO         3973    i.vQueueWaitForMessageRestricted  queue.o
    0x080053be   0x080053be   0x00000002   PAD
    0x080053c0   0x080053c0   0x0000005c   Code   RO         4390    i.vTaskDelay        tasks.o
    0x0800541c   0x0800541c   0x00000018   Code   RO         4395    i.vTaskInternalSetTimeOutState  tasks.o
    0x08005434   0x08005434   0x0000000c   Code   RO         4396    i.vTaskMissedYield  tasks.o
    0x08005440   0x08005440   0x00000038   Code   RO         4398    i.vTaskPlaceOnEventList  tasks.o
    0x08005478   0x08005478   0x00000040   Code   RO         4399    i.vTaskPlaceOnEventListRestricted  tasks.o
    0x080054b8   0x080054b8   0x000000b8   Code   RO         4407    i.vTaskStartScheduler  tasks.o
    0x08005570   0x08005570   0x00000010   Code   RO         4409    i.vTaskSuspendAll   tasks.o
    0x08005580   0x08005580   0x00000090   Code   RO         4410    i.vTaskSwitchContext  tasks.o
    0x08005610   0x08005610   0x00000168   Code   RO         5525    i.xPortStartScheduler  port.o
    0x08005778   0x08005778   0x00000034   Code   RO         5526    i.xPortSysTickHandler  port.o
    0x080057ac   0x080057ac   0x000000e0   Code   RO         3979    i.xQueueGenericCreateStatic  queue.o
    0x0800588c   0x0800588c   0x00000098   Code   RO         3980    i.xQueueGenericReset  queue.o
    0x08005924   0x08005924   0x000001a8   Code   RO         3981    i.xQueueGenericSend  queue.o
    0x08005acc   0x08005acc   0x000000fc   Code   RO         3982    i.xQueueGenericSendFromISR  queue.o
    0x08005bc8   0x08005bc8   0x00000168   Code   RO         3991    i.xQueueReceive     queue.o
    0x08005d30   0x08005d30   0x0000008c   Code   RO         4412    i.xTaskCheckForTimeOut  tasks.o
    0x08005dbc   0x08005dbc   0x00000064   Code   RO         4413    i.xTaskCreate       tasks.o
    0x08005e20   0x08005e20   0x000000ba   Code   RO         4414    i.xTaskCreateStatic  tasks.o
    0x08005eda   0x08005eda   0x00000002   PAD
    0x08005edc   0x08005edc   0x00000020   Code   RO         4418    i.xTaskGetSchedulerState  tasks.o
    0x08005efc   0x08005efc   0x0000000c   Code   RO         4419    i.xTaskGetTickCount  tasks.o
    0x08005f08   0x08005f08   0x00000144   Code   RO         4421    i.xTaskIncrementTick  tasks.o
    0x0800604c   0x0800604c   0x000000a4   Code   RO         4424    i.xTaskPriorityDisinherit  tasks.o
    0x080060f0   0x080060f0   0x00000098   Code   RO         4426    i.xTaskRemoveFromEventList  tasks.o
    0x08006188   0x08006188   0x00000104   Code   RO         4427    i.xTaskResumeAll    tasks.o
    0x0800628c   0x0800628c   0x00000078   Code   RO         4763    i.xTimerCreateTimerTask  timers.o
    0x08006304   0x08006304   0x00000084   Code   RO         4764    i.xTimerGenericCommand  timers.o
    0x08006388   0x08006388   0x00000024   Data   RO          274    .constdata          freertos.o
    0x080063ac   0x080063ac   0x00000018   Data   RO         3753    .constdata          system_stm32f4xx.o
    0x080063c4   0x080063c4   0x00000818   Data   RO         5796    .constdata          oled.o
    0x08006bdc   0x08006bdc   0x00000018   Data   RO         5918    .constdata          gauss-newton.o
    0x08006bf4   0x08006bf4   0x0000000c   Data   RO          275    .conststring        freertos.o
    0x08006c00   0x08006c00   0x00000020   Data   RO         6329    Region$$Table       anon$$obj.o


    Execution Region RW_IRAM1 (Exec base: 0x20000000, Load base: 0x08006c20, Size: 0x00005358, Max: 0x00020000, ABSOLUTE)

    Exec Addr    Load Addr    Size         Type   Attr      Idx    E Section Name        Object

    0x20000000   0x08006c20   0x00000004   Data   RW           19    .data               main.o
    0x20000004   0x08006c24   0x00000004   Data   RW          276    .data               freertos.o
    0x20000008   0x08006c28   0x00000009   Data   RW         1667    .data               stm32f4xx_hal.o
    0x20000011   0x08006c31   0x00000003   PAD
    0x20000014   0x08006c34   0x00000004   Data   RW         3754    .data               system_stm32f4xx.o
    0x20000018   0x08006c38   0x0000003c   Data   RW         4430    .data               tasks.o
    0x20000054   0x08006c74   0x00000014   Data   RW         4772    .data               timers.o
    0x20000068   0x08006c88   0x00000004   Data   RW         5009    .data               cmsis_os2.o
    0x2000006c   0x08006c8c   0x00000020   Data   RW         5471    .data               heap_4.o
    0x2000008c   0x08006cac   0x0000000c   Data   RW         5527    .data               port.o
    0x20000098   0x08006cb8   0x00000004   Data   RW         5659    .data               gy-86.o
    0x2000009c   0x08006cbc   0x0000001f   Data   RW         5797    .data               oled.o
    0x200000bb   0x08006cdb   0x00000001   PAD
    0x200000bc   0x08006cdc   0x00000004   Data   RW         5919    .data               gauss-newton.o
    0x200000c0   0x08006ce0   0x00000004   Data   RW         6303    .data               mc_w.l(stdout.o)
    0x200000c4   0x08006ce4   0x00000004   Data   RW         6310    .data               mc_w.l(mvars.o)
    0x200000c8   0x08006ce8   0x00000004   Data   RW         6311    .data               mc_w.l(mvars.o)
    0x200000cc        -       0x000000a8   Zero   RW          319    .bss                i2c.o
    0x20000174        -       0x00000120   Zero   RW          372    .bss                tim.o
    0x20000294        -       0x000000cc   Zero   RW          447    .bss                usart.o
    0x20000360        -       0x00000048   Zero   RW          592    .bss                stm32f4xx_hal_timebase_tim.o
    0x200003a8        -       0x00000040   Zero   RW         3995    .bss                queue.o
    0x200003e8        -       0x000004c4   Zero   RW         4429    .bss                tasks.o
    0x200008ac        -       0x00000118   Zero   RW         4771    .bss                timers.o
    0x200009c4        -       0x000006b8   Zero   RW         5008    .bss                cmsis_os2.o
    0x2000107c        -       0x00003c00   Zero   RW         5470    .bss                heap_4.o
    0x20004c7c        -       0x000000d8   Zero   RW         5658    .bss                gy-86.o
    0x20004d54   0x08006cec   0x00000004   PAD
    0x20004d58        -       0x00000200   Zero   RW            2    HEAP                startup_stm32f411xe.o
    0x20004f58        -       0x00000400   Zero   RW            1    STACK               startup_stm32f411xe.o


==============================================================================

Image component sizes


      Code (inc. data)   RO Data    RW Data    ZI Data      Debug   Object Name

       334         24          0          4       1720      34024   cmsis_os2.o
        24         10          0          0          0        570   esp8266.o
         0          0          0          0          0      19464   event_groups.o
        42         14         48          4          0       1717   freertos.o
      1802         66         24          4          0      11766   gauss-newton.o
       184         10          0          0          0        971   gpio.o
      1352         50          0          4        216      10489   gy-86.o
       724         74          0         32      15360       4883   heap_4.o
       392         42          0          0        168       2346   i2c.o
       148          0          0          0          0       3582   list.o
       484         72          0          4          0     451653   main.o
       796        114       2072         31          0       6490   oled.o
      1014         92          0         12          0      11729   port.o
      1922         20          0          0         64      17436   queue.o
        36          8        408          0       1536        840   startup_stm32f411xe.o
       136         24          0          9          0       8598   stm32f4xx_hal.o
       252         22          0          0          0      33690   stm32f4xx_hal_cortex.o
       468         34          0          0          0       2096   stm32f4xx_hal_gpio.o
      2856         46          0          0          0      11702   stm32f4xx_hal_i2c.o
        84          6          0          0          0        866   stm32f4xx_hal_msp.o
      1888         94          0          0          0       6289   stm32f4xx_hal_rcc.o
      2186         94          0          0          0      15834   stm32f4xx_hal_tim.o
       160         22          0          0          0       2493   stm32f4xx_hal_tim_ex.o
       140         18          0          0         72       1476   stm32f4xx_hal_timebase_tim.o
      1026         10          0          0          0       3916   stm32f4xx_hal_uart.o
        46          8          0          0          0       3336   stm32f4xx_it.o
         0          0          0          0          0        392   stream_buffer.o
        20          6         24          4          0       1139   system_stm32f4xx.o
      2808        346          0         60       1220      27486   tasks.o
      1160         78          0          0        288       5399   tim.o
      1318        124          0         20        280      32899   timers.o
       560         58          0          0        204       3600   usart.o

    ----------------------------------------------------------------------
     24394       1586       2608        192      21132     739171   Object Totals
         0          0         32          0          0          0   (incl. Generated)
        32          0          0          4          4          0   (incl. Padding)

    ----------------------------------------------------------------------

      Code (inc. data)   RO Data    RW Data    ZI Data      Debug   Library Member Name

         0          0          0          0          0          0   entry.o
         0          0          0          0          0          0   entry10a.o
         0          0          0          0          0          0   entry11a.o
         4          0          0          0          0          0   entry12b.o
         8          4          0          0          0          0   entry2.o
         4          0          0          0          0          0   entry5.o
         0          0          0          0          0          0   entry7b.o
         0          0          0          0          0          0   entry8b.o
         8          4          0          0          0          0   entry9a.o
        30          0          0          0          0          0   handlers.o
        36          8          0          0          0         68   init.o
        30          0          0          0          0         68   llshl.o
        32          0          0          0          0         68   llushr.o
       108         16          0          0          0         84   malloc.o
        36          0          0          0          0         68   memcpya.o
        36          0          0          0          0        108   memseta.o
         0          0          0          8          0          0   mvars.o
       246         10          0          0          0        176   printf2.o
         0          0          0          4          0          0   stdout.o
        98          0          0          0          0         92   uldiv.o

    ----------------------------------------------------------------------
       678         42          0         12          0        732   Library Totals
         2          0          0          0          0          0   (incl. Padding)

    ----------------------------------------------------------------------

      Code (inc. data)   RO Data    RW Data    ZI Data      Debug   Library Name

       676         42          0         12          0        732   mc_w.l

    ----------------------------------------------------------------------
       678         42          0         12          0        732   Library Totals

    ----------------------------------------------------------------------

==============================================================================


      Code (inc. data)   RO Data    RW Data    ZI Data      Debug   

     25072       1628       2608        204      21132     720695   Grand Totals
     25072       1628       2608        204      21132     720695   ELF Image Totals
     25072       1628       2608        204          0          0   ROM Totals

==============================================================================

    Total RO  Size (Code + RO Data)                27680 (  27.03kB)
    Total RW  Size (RW Data + ZI Data)             21336 (  20.84kB)
    Total ROM Size (Code + RO Data + RW Data)      27884 (  27.23kB)

==============================================================================

